Archive member included to satisfy reference by file (symbol)

app/libapp.a(main.c.obj)      (--whole-archive)
zephyr/libzephyr.a(heap.c.obj)
                              (--whole-archive)
zephyr/libzephyr.a(cbprintf_packaged.c.obj)
                              (--whole-archive)
zephyr/libzephyr.a(printk.c.obj)
                              (--whole-archive)
zephyr/libzephyr.a(sem.c.obj)
                              (--whole-archive)
zephyr/libzephyr.a(thread_entry.c.obj)
                              (--whole-archive)
zephyr/libzephyr.a(cbprintf_complete.c.obj)
                              (--whole-archive)
zephyr/libzephyr.a(assert.c.obj)
                              (--whole-archive)
zephyr/libzephyr.a(dec.c.obj)
                              (--whole-archive)
zephyr/libzephyr.a(hex.c.obj)
                              (--whole-archive)
zephyr/libzephyr.a(rb.c.obj)  (--whole-archive)
zephyr/libzephyr.a(timeutil.c.obj)
                              (--whole-archive)
zephyr/libzephyr.a(bitarray.c.obj)
                              (--whole-archive)
zephyr/libzephyr.a(onoff.c.obj)
                              (--whole-archive)
zephyr/libzephyr.a(notify.c.obj)
                              (--whole-archive)
zephyr/libzephyr.a(configs.c.obj)
                              (--whole-archive)
zephyr/libzephyr.a(mem_attr.c.obj)
                              (--whole-archive)
zephyr/libzephyr.a(tracing_none.c.obj)
                              (--whole-archive)
zephyr/libzephyr.a(banner.c.obj)
                              (--whole-archive)
zephyr/libzephyr.a(nrf_cc3xx_platform_abort_zephyr.c.obj)
                              (--whole-archive)
zephyr/libzephyr.a(nrf_cc3xx_platform_mutex_zephyr.c.obj)
                              (--whole-archive)
zephyr/arch/common/libarch__common.a(sw_isr_common.c.obj)
                              (--whole-archive)
zephyr/arch/arch/arm/core/libarch__arm__core.a(fatal.c.obj)
                              (--whole-archive)
zephyr/arch/arch/arm/core/libarch__arm__core.a(nmi.c.obj)
                              (--whole-archive)
zephyr/arch/arch/arm/core/libarch__arm__core.a(nmi_on_reset.S.obj)
                              (--whole-archive)
zephyr/arch/arch/arm/core/libarch__arm__core.a(tls.c.obj)
                              (--whole-archive)
zephyr/arch/arch/arm/core/cortex_m/libarch__arm__core__cortex_m.a(exc_exit.c.obj)
                              (--whole-archive)
zephyr/arch/arch/arm/core/cortex_m/libarch__arm__core__cortex_m.a(fault.c.obj)
                              (--whole-archive)
zephyr/arch/arch/arm/core/cortex_m/libarch__arm__core__cortex_m.a(fault_s.S.obj)
                              (--whole-archive)
zephyr/arch/arch/arm/core/cortex_m/libarch__arm__core__cortex_m.a(fpu.c.obj)
                              (--whole-archive)
zephyr/arch/arch/arm/core/cortex_m/libarch__arm__core__cortex_m.a(reset.S.obj)
                              (--whole-archive)
zephyr/arch/arch/arm/core/cortex_m/libarch__arm__core__cortex_m.a(scb.c.obj)
                              (--whole-archive)
zephyr/arch/arch/arm/core/cortex_m/libarch__arm__core__cortex_m.a(thread_abort.c.obj)
                              (--whole-archive)
zephyr/arch/arch/arm/core/cortex_m/libarch__arm__core__cortex_m.a(vector_table.S.obj)
                              (--whole-archive)
zephyr/arch/arch/arm/core/cortex_m/libarch__arm__core__cortex_m.a(swap.c.obj)
                              (--whole-archive)
zephyr/arch/arch/arm/core/cortex_m/libarch__arm__core__cortex_m.a(swap_helper.S.obj)
                              (--whole-archive)
zephyr/arch/arch/arm/core/cortex_m/libarch__arm__core__cortex_m.a(irq_manage.c.obj)
                              (--whole-archive)
zephyr/arch/arch/arm/core/cortex_m/libarch__arm__core__cortex_m.a(prep_c.c.obj)
                              (--whole-archive)
zephyr/arch/arch/arm/core/cortex_m/libarch__arm__core__cortex_m.a(thread.c.obj)
                              (--whole-archive)
zephyr/arch/arch/arm/core/cortex_m/libarch__arm__core__cortex_m.a(cpu_idle.c.obj)
                              (--whole-archive)
zephyr/arch/arch/arm/core/cortex_m/libarch__arm__core__cortex_m.a(irq_init.c.obj)
                              (--whole-archive)
zephyr/arch/arch/arm/core/cortex_m/libarch__arm__core__cortex_m.a(isr_wrapper.c.obj)
                              (--whole-archive)
zephyr/arch/arch/arm/core/cortex_m/libarch__arm__core__cortex_m.a(__aeabi_read_tp.S.obj)
                              (--whole-archive)
zephyr/arch/arch/arm/core/cortex_m/cmse/libarch__arm__core__cortex_m__cmse.a(arm_core_cmse.c.obj)
                              (--whole-archive)
zephyr/arch/arch/arm/core/mpu/libarch__arm__core__mpu.a(arm_core_mpu.c.obj)
                              (--whole-archive)
zephyr/arch/arch/arm/core/mpu/libarch__arm__core__mpu.a(arm_mpu.c.obj)
                              (--whole-archive)
zephyr/arch/arch/arm/core/mpu/libarch__arm__core__mpu.a(arm_mpu_regions.c.obj)
[...]
Memory Configuration

Name             Origin             Length             Attributes
FLASH            0x0000000000000000 0x0000000000100000 xr
RAM              0x0000000020000000 0x0000000000070000 xw
IDT_LIST         0x00000000ffff7fff 0x0000000000008000 xw
*default*        0x0000000000000000 0xffffffffffffffff

Linker script and memory map

                0x000000000000465c                vfprintf = __l_vfprintf
                0x0000000000000000                vfscanf = __l_vfscanf
LOAD zephyr/CMakeFiles/zephyr_final.dir/misc/empty_file.c.obj
LOAD zephyr/CMakeFiles/zephyr_final.dir/isr_tables.c.obj
LOAD zephyr/CMakeFiles/offsets.dir/./arch/arm/core/offsets/offsets.c.obj
LOAD app/libapp.a
LOAD zephyr/libzephyr.a
LOAD zephyr/arch/common/libarch__common.a
LOAD zephyr/arch/arch/arm/core/libarch__arm__core.a
LOAD zephyr/arch/arch/arm/core/cortex_m/libarch__arm__core__cortex_m.a
LOAD zephyr/arch/arch/arm/core/cortex_m/cmse/libarch__arm__core__cortex_m__cmse.a
LOAD zephyr/arch/arch/arm/core/mpu/libarch__arm__core__mpu.a
LOAD zephyr/lib/libc/picolibc/liblib__libc__picolibc.a
LOAD zephyr/lib/libc/common/liblib__libc__common.a
LOAD zephyr/soc/soc/nrf5340/libsoc__nordic.a
LOAD zephyr/drivers/clock_control/libdrivers__clock_control.a
LOAD zephyr/drivers/gpio/libdrivers__gpio.a
LOAD zephyr/drivers/pinctrl/libdrivers__pinctrl.a
LOAD zephyr/drivers/serial/libdrivers__serial.a
LOAD zephyr/drivers/timer/libdrivers__timer.a
LOAD modules/nrf/drivers/hw_cc3xx/lib..__nrf__drivers__hw_cc3xx.a
LOAD modules/hal_nordic/nrfx/libmodules__hal_nordic__nrfx.a
LOAD modules/segger/libmodules__segger.a
LOAD zephyr/kernel/libkernel.a
LOAD /opt/nordic/ncs/toolchains/f8037e9b83/opt/zephyr-sdk/arm-zephyr-eabi/bin/../lib/gcc/arm-zephyr-eabi/12.2.0/thumb/v8-m.main/nofp/libgcc.a
LOAD zephyr/arch/common/libisr_tables.a
LOAD /Users/zhangjiaqi/ncs/v2.7.0/nrfxlib/crypto/nrf_cc312_platform/lib/cortex-m33/soft-float/no-interrupts/libnrf_cc312_platform_0.9.19.a
LOAD /opt/nordic/ncs/toolchains/f8037e9b83/opt/zephyr-sdk/arm-zephyr-eabi/bin/../lib/gcc/../../picolibc/arm-zephyr-eabi/lib/thumb/v8-m.main/nofp/libc.a
LOAD /opt/nordic/ncs/toolchains/f8037e9b83/opt/zephyr-sdk/arm-zephyr-eabi/bin/../lib/gcc/arm-zephyr-eabi/12.2.0/thumb/v8-m.main/nofp/libgcc.a
                0x0000000000000020                _region_min_align = 0x20

.rel.plt        0x0000000000000000        0x0
 *(SORT_BY_ALIGNMENT(.rel.plt))
                [!provide]                        PROVIDE (__rel_iplt_start = .)
 *(SORT_BY_ALIGNMENT(.rel.iplt))
 .rel.iplt      0x0000000000000000        0x0 zephyr/CMakeFiles/zephyr_final.dir/isr_tables.c.obj
                [!provide]                        PROVIDE (__rel_iplt_end = .)

.rela.plt       0x0000000000000000        0x0
 *(SORT_BY_ALIGNMENT(.rela.plt))
                [!provide]                        PROVIDE (__rela_iplt_start = .)
 *(SORT_BY_ALIGNMENT(.rela.iplt))
                [!provide]                        PROVIDE (__rela_iplt_end = .)

.rel.dyn
 *(SORT_BY_ALIGNMENT(.rel.*))

.rela.dyn
 *(SORT_BY_ALIGNMENT(.rela.*))

/DISCARD/
 *(SORT_BY_ALIGNMENT(.plt))

/DISCARD/
 *(SORT_BY_ALIGNMENT(.iplt))
                0x0000000000000000                __rom_region_start = 0x0

rom_start       0x0000000000000000      0x154
                0x0000000000000000                __rom_start_address = .
 FILL mask 0x00
                0x0000000000000000                . = (. + (0x0 - (. - __rom_start_address)))
                0x0000000000000000                . = ALIGN (0x4)
                0x0000000000000000                . = ALIGN (0x80)
                0x0000000000000000                . = ALIGN (0x200)
                0x0000000000000000                _vector_start = .
 *(SORT_BY_ALIGNMENT(.exc_vector_table))
 *(SORT_BY_ALIGNMENT(.exc_vector_table.*))
 .exc_vector_table._vector_table_section
                0x0000000000000000       0x40 zephyr/arch/arch/arm/core/cortex_m/libarch__arm__core__cortex_m.a(vector_table.S.obj)
                0x0000000000000000                _vector_table
 *(SORT_BY_ALIGNMENT(.vectors))
                0x0000000000000154                _vector_end = .
                0x0000000000000040                . = ALIGN (0x4)
 *(SORT_BY_ALIGNMENT(.gnu.linkonce.irq_vector_table*))
 .gnu.linkonce.irq_vector_table
                0x0000000000000040      0x114 zephyr/CMakeFiles/zephyr_final.dir/isr_tables.c.obj
                0x0000000000000040                _irq_vector_table
                0x0000000000000154                _vector_end = .

text            0x0000000000000154     0x5df8
                0x0000000000000154                __text_region_start = .
 *(SORT_BY_ALIGNMENT(.text))
 .text          0x0000000000000154       0x10 /opt/nordic/ncs/toolchains/f8037e9b83/opt/zephyr-sdk/arm-zephyr-eabi/bin/../lib/gcc/../../picolibc/arm-zephyr-eabi/lib/thumb/v8-m.main/nofp/libc.a(strlen.S.o)
                0x0000000000000154                strlen
 *(SORT_BY_ALIGNMENT(.text.*))
 .text.pdm_handler
                0x0000000000000164       0x8c app/libapp.a(main.c.obj)
 .text.main     0x00000000000001f0      0x17c app/libapp.a(main.c.obj)
                0x00000000000001f0                main
 .text.char_out
                0x000000000000036c        0xc zephyr/libzephyr.a(printk.c.obj)
 .text.vprintk  0x0000000000000378       0x30 zephyr/libzephyr.a(printk.c.obj)
                0x0000000000000378                vprintk
 .text.z_thread_entry
                0x00000000000003a8       0x34 zephyr/libzephyr.a(thread_entry.c.obj)
                0x00000000000003a8                z_thread_entry
 .text.process_event
                0x00000000000003dc      0x21c zephyr/libzephyr.a(onoff.c.obj)
 .text.mem_attr_get_regions
                0x00000000000005f8        0xc zephyr/libzephyr.a(mem_attr.c.obj)
                0x00000000000005f8                mem_attr_get_regions
 .text.boot_banner
                0x0000000000000604       0x1c zephyr/libzephyr.a(banner.c.obj)
                0x0000000000000604                boot_banner
 .text.nrf_cc3xx_platform_abort_init
                0x0000000000000620        0xc zephyr/libzephyr.a(nrf_cc3xx_platform_abort_zephyr.c.obj)
                0x0000000000000620                nrf_cc3xx_platform_abort_init
 .text.mutex_free_platform
                0x000000000000062c       0x54 zephyr/libzephyr.a(nrf_cc3xx_platform_mutex_zephyr.c.obj)
 .text.mutex_lock_platform
                0x0000000000000680       0x74 zephyr/libzephyr.a(nrf_cc3xx_platform_mutex_zephyr.c.obj)
 .text.mutex_unlock_platform
                0x00000000000006f4       0x68 zephyr/libzephyr.a(nrf_cc3xx_platform_mutex_zephyr.c.obj)
 .text.mutex_init_platform
                0x000000000000075c       0x94 zephyr/libzephyr.a(nrf_cc3xx_platform_mutex_zephyr.c.obj)
 .text.nrf_cc3xx_platform_mutex_init
                0x00000000000007f0       0x2c zephyr/libzephyr.a(nrf_cc3xx_platform_mutex_zephyr.c.obj)
                0x00000000000007f0                nrf_cc3xx_platform_mutex_init
 .text.z_SysNmiOnReset
                0x000000000000081c        0x8 zephyr/arch/arch/arm/core/libarch__arm__core.a(nmi_on_reset.S.obj)
                0x000000000000081c                z_SysNmiOnReset
 .text.arch_tls_stack_setup
                0x0000000000000824       0x40 zephyr/arch/arch/arm/core/libarch__arm__core.a(tls.c.obj)
                0x0000000000000824                arch_tls_stack_setup
 .text._HandlerModeExit
                0x0000000000000864       0x28 zephyr/arch/arch/arm/core/cortex_m/libarch__arm__core__cortex_m.a(exc_exit.c.obj)
                0x0000000000000864                z_arm_exc_exit
                0x0000000000000864                z_arm_int_exit
 .text.usage_fault.constprop.0
                0x000000000000088c       0x5c zephyr/arch/arch/arm/core/cortex_m/libarch__arm__core__cortex_m.a(fault.c.obj)
 .text.bus_fault.constprop.0
                0x00000000000008e8       0x6c zephyr/arch/arch/arm/core/cortex_m/libarch__arm__core__cortex_m.a(fault.c.obj)
 .text.mem_manage_fault.constprop.0
                0x0000000000000954       0x78 zephyr/arch/arch/arm/core/cortex_m/libarch__arm__core__cortex_m.a(fault.c.obj)
 .text.z_arm_fault
                0x00000000000009cc      0x124 zephyr/arch/arch/arm/core/cortex_m/libarch__arm__core__cortex_m.a(fault.c.obj)
                0x00000000000009cc                z_arm_fault
 .text.z_arm_fault_init
                0x0000000000000af0       0x18 zephyr/arch/arch/arm/core/cortex_m/libarch__arm__core__cortex_m.a(fault.c.obj)
                0x0000000000000af0                z_arm_fault_init
 .text.__fault  0x0000000000000b08       0x14 zephyr/arch/arch/arm/core/cortex_m/libarch__arm__core__cortex_m.a(fault_s.S.obj)
                0x0000000000000b08                z_arm_bus_fault
                0x0000000000000b08                z_arm_usage_fault
                0x0000000000000b08                z_arm_mpu_fault
                0x0000000000000b08                z_arm_exc_spurious
                0x0000000000000b08                z_arm_debug_monitor
                0x0000000000000b08                z_arm_hard_fault
 .text._reset_section
                0x0000000000000b1c       0x60 zephyr/arch/arch/arm/core/cortex_m/libarch__arm__core__cortex_m.a(reset.S.obj)
                0x0000000000000b1c                z_arm_reset
                0x0000000000000b1c                __start
 .text.z_arm_clear_arm_mpu_config
                0x0000000000000b7c       0x24 zephyr/arch/arch/arm/core/cortex_m/libarch__arm__core__cortex_m.a(scb.c.obj)
                0x0000000000000b7c                z_arm_clear_arm_mpu_config
 .text.z_arm_init_arch_hw_at_boot
                0x0000000000000ba0       0x4c zephyr/arch/arch/arm/core/cortex_m/libarch__arm__core__cortex_m.a(scb.c.obj)
                0x0000000000000ba0                z_arm_init_arch_hw_at_boot
 .text.z_impl_k_thread_abort
                0x0000000000000bec       0x2c zephyr/arch/arch/arm/core/cortex_m/libarch__arm__core__cortex_m.a(thread_abort.c.obj)
                0x0000000000000bec                z_impl_k_thread_abort
 .text.arch_swap
                0x0000000000000c18       0x30 zephyr/arch/arch/arm/core/cortex_m/libarch__arm__core__cortex_m.a(swap.c.obj)
                0x0000000000000c18                arch_swap
 .text.z_arm_pendsv_c
                0x0000000000000c48       0x40 zephyr/arch/arch/arm/core/cortex_m/libarch__arm__core__cortex_m.a(swap.c.obj)
                0x0000000000000c48                z_arm_pendsv_c
 .text.z_arm_pendsv
                0x0000000000000c88       0x40 zephyr/arch/arch/arm/core/cortex_m/libarch__arm__core__cortex_m.a(swap_helper.S.obj)
                0x0000000000000c88                z_arm_pendsv
 .text.z_arm_svc
                0x0000000000000cc8       0x20 zephyr/arch/arch/arm/core/cortex_m/libarch__arm__core__cortex_m.a(swap_helper.S.obj)
                0x0000000000000cc8                z_arm_svc
 .text.arch_irq_enable
                0x0000000000000ce8       0x1c zephyr/arch/arch/arm/core/cortex_m/libarch__arm__core__cortex_m.a(irq_manage.c.obj)
                0x0000000000000ce8                arch_irq_enable
 .text.arch_irq_disable
                0x0000000000000d04       0x28 zephyr/arch/arch/arm/core/cortex_m/libarch__arm__core__cortex_m.a(irq_manage.c.obj)
                0x0000000000000d04                arch_irq_disable
 .text.arch_irq_is_enabled
                0x0000000000000d2c       0x1c zephyr/arch/arch/arm/core/cortex_m/libarch__arm__core__cortex_m.a(irq_manage.c.obj)
                0x0000000000000d2c                arch_irq_is_enabled
 .text.z_arm_irq_priority_set
                0x0000000000000d48       0x2c zephyr/arch/arch/arm/core/cortex_m/libarch__arm__core__cortex_m.a(irq_manage.c.obj)
                0x0000000000000d48                z_arm_irq_priority_set
 .text.z_prep_c
                0x0000000000000d74       0x38 zephyr/arch/arch/arm/core/cortex_m/libarch__arm__core__cortex_m.a(prep_c.c.obj)
                0x0000000000000d74                z_prep_c
 .text.arch_new_thread
                0x0000000000000dac       0x38 zephyr/arch/arch/arm/core/cortex_m/libarch__arm__core__cortex_m.a(thread.c.obj)
                0x0000000000000dac                arch_new_thread
 .text.arch_switch_to_main_thread
                0x0000000000000de4       0x44 zephyr/arch/arch/arm/core/cortex_m/libarch__arm__core__cortex_m.a(thread.c.obj)
                0x0000000000000de4                arch_switch_to_main_thread
 .text.z_arm_cpu_idle_init
                0x0000000000000e28        0xc zephyr/arch/arch/arm/core/cortex_m/libarch__arm__core__cortex_m.a(cpu_idle.c.obj)
                0x0000000000000e28                z_arm_cpu_idle_init
 .text.z_arm_interrupt_init
                0x0000000000000e34       0x18 zephyr/arch/arch/arm/core/cortex_m/libarch__arm__core__cortex_m.a(irq_init.c.obj)
                0x0000000000000e34                z_arm_interrupt_init
 .text._isr_wrapper
                0x0000000000000e4c       0x24 zephyr/arch/arch/arm/core/cortex_m/libarch__arm__core__cortex_m.a(isr_wrapper.c.obj)
                0x0000000000000e4c                _isr_wrapper
 .text.z_arm_configure_static_mpu_regions
                0x0000000000000e70       0x38 zephyr/arch/arch/arm/core/mpu/libarch__arm__core__mpu.a(arm_core_mpu.c.obj)
                0x0000000000000e70                z_arm_configure_static_mpu_regions
 .text.region_init
                0x0000000000000ea8       0x34 zephyr/arch/arch/arm/core/mpu/libarch__arm__core__mpu.a(arm_mpu.c.obj)
 .text.region_allocate_and_init
                0x0000000000000edc       0x24 zephyr/arch/arch/arm/core/mpu/libarch__arm__core__mpu.a(arm_mpu.c.obj)
 .text.mpu_configure_regions_and_partition.constprop.0
                0x0000000000000f00      0x148 zephyr/arch/arch/arm/core/mpu/libarch__arm__core__mpu.a(arm_mpu.c.obj)
 .text.arm_core_mpu_enable
                0x0000000000001048       0x18 zephyr/arch/arch/arm/core/mpu/libarch__arm__core__mpu.a(arm_mpu.c.obj)
                0x0000000000001048                arm_core_mpu_enable
 .text.arm_core_mpu_disable
                0x0000000000001060       0x14 zephyr/arch/arch/arm/core/mpu/libarch__arm__core__mpu.a(arm_mpu.c.obj)
                0x0000000000001060                arm_core_mpu_disable
 .text.arm_core_mpu_configure_static_mpu_regions
                0x0000000000001074       0x14 zephyr/arch/arch/arm/core/mpu/libarch__arm__core__mpu.a(arm_mpu.c.obj)
                0x0000000000001074                arm_core_mpu_configure_static_mpu_regions
 .text.arm_core_mpu_mark_areas_for_dynamic_regions
                0x0000000000001088       0xb8 zephyr/arch/arch/arm/core/mpu/libarch__arm__core__mpu.a(arm_mpu.c.obj)
                0x0000000000001088                arm_core_mpu_mark_areas_for_dynamic_regions
 .text.z_arm_mpu_init
                0x0000000000001140      0x11c zephyr/arch/arch/arm/core/mpu/libarch__arm__core__mpu.a(arm_mpu.c.obj)
                0x0000000000001140                z_arm_mpu_init
 .text.malloc_prepare
                0x000000000000125c       0x24 zephyr/lib/libc/common/liblib__libc__common.a(malloc.c.obj)
 .text.rtc_pretick_init
                0x0000000000001280       0x60 zephyr/soc/soc/nrf5340/libsoc__nordic.a(soc.c.obj)
 .text.nrf_gpio_pin_control_select.constprop.0
                0x00000000000012e0       0x1c zephyr/soc/soc/nrf5340/libsoc__nordic.a(soc.c.obj)
 .text.nordicsemi_nrf53_init
                0x00000000000012fc       0x38 zephyr/soc/soc/nrf5340/libsoc__nordic.a(soc.c.obj)
 .text.z_arm_on_enter_cpu_idle
                0x0000000000001334       0x64 zephyr/soc/soc/nrf5340/libsoc__nordic.a(soc.c.obj)
                0x0000000000001334                z_arm_on_enter_cpu_idle
 .text.arch_busy_wait
                0x0000000000001398       0x24 zephyr/soc/soc/nrf5340/libsoc__nordic.a(soc.c.obj)
                0x0000000000001398                arch_busy_wait
 .text.nrf53_cpunet_mgmt_init
                0x00000000000013bc       0x10 zephyr/soc/soc/nrf5340/libsoc__nordic.a(nrf53_cpunet_mgmt.c.obj)
 .text.onoff_start
                0x00000000000013cc       0x6c zephyr/soc/soc/nrf5340/libsoc__nordic.a(nrf53_cpunet_mgmt.c.obj)
 .text.onoff_stop
                0x0000000000001438       0x30 zephyr/drivers/clock_control/libdrivers__clock_control.a(clock_control_nrf.c.obj)
 .text.onoff_start
                0x0000000000001468       0x44 zephyr/drivers/clock_control/libdrivers__clock_control.a(clock_control_nrf.c.obj)
 .text.generic_hfclk_stop
                0x00000000000014ac       0x34 zephyr/drivers/clock_control/libdrivers__clock_control.a(clock_control_nrf.c.obj)
 .text.clk_init
                0x00000000000014e0       0x64 zephyr/drivers/clock_control/libdrivers__clock_control.a(clock_control_nrf.c.obj)
 .text.api_blocking_start
                0x0000000000001544       0x34 zephyr/drivers/clock_control/libdrivers__clock_control.a(clock_control_nrf.c.obj)
 .text.clkstarted_handle.constprop.0
                0x0000000000001578       0x4c zephyr/drivers/clock_control/libdrivers__clock_control.a(clock_control_nrf.c.obj)
 .text.generic_hfclk_start
                0x00000000000015c4       0x78 zephyr/drivers/clock_control/libdrivers__clock_control.a(clock_control_nrf.c.obj)
 .text.clock_event_handler
                0x000000000000163c       0x30 zephyr/drivers/clock_control/libdrivers__clock_control.a(clock_control_nrf.c.obj)
 .text.z_nrf_clock_control_lf_on
                0x000000000000166c       0xf8 zephyr/drivers/clock_control/libdrivers__clock_control.a(clock_control_nrf.c.obj)
                0x000000000000166c                z_nrf_clock_control_lf_on
 .text.gpio_nrfx_pin_interrupt_configure
                0x0000000000001764      0x100 zephyr/drivers/gpio/libdrivers__gpio.a(gpio_nrfx.c.obj)
 .text.gpio_nrfx_init
                0x0000000000001864       0x48 zephyr/drivers/gpio/libdrivers__gpio.a(gpio_nrfx.c.obj)
 .text.nrfx_gpio_handler
                0x00000000000018ac       0x4c zephyr/drivers/gpio/libdrivers__gpio.a(gpio_nrfx.c.obj)
 .text.gpio_nrfx_pin_configure
                0x00000000000018f8      0x18c zephyr/drivers/gpio/libdrivers__gpio.a(gpio_nrfx.c.obj)
 .text.nrf_gpio_pin_port_decode
                0x0000000000001a84       0x24 zephyr/drivers/pinctrl/libdrivers__pinctrl.a(pinctrl_nrf.c.obj)
 .text.pinctrl_configure_pins
                0x0000000000001aa8      0x1a0 zephyr/drivers/pinctrl/libdrivers__pinctrl.a(pinctrl_nrf.c.obj)
                0x0000000000001aa8                pinctrl_configure_pins
 .text.uarte_0_init
                0x0000000000001c48      0x274 zephyr/drivers/serial/libdrivers__serial.a(uart_nrfx_uarte.c.obj)
 .text.uarte_nrfx_poll_out
                0x0000000000001ebc       0xcc zephyr/drivers/serial/libdrivers__serial.a(uart_nrfx_uarte.c.obj)
 .text.compare_int_lock
                0x0000000000001f88       0x40 zephyr/drivers/timer/libdrivers__timer.a(nrf_rtc_timer.c.obj)
 .text.sys_clock_timeout_handler
                0x0000000000001fc8       0x48 zephyr/drivers/timer/libdrivers__timer.a(nrf_rtc_timer.c.obj)
 .text.compare_int_unlock
                0x0000000000002010       0x4c zephyr/drivers/timer/libdrivers__timer.a(nrf_rtc_timer.c.obj)
 .text.z_nrf_rtc_timer_read
                0x000000000000205c       0x44 zephyr/drivers/timer/libdrivers__timer.a(nrf_rtc_timer.c.obj)
                0x000000000000205c                z_nrf_rtc_timer_read
 .text.compare_set
                0x00000000000020a0      0x124 zephyr/drivers/timer/libdrivers__timer.a(nrf_rtc_timer.c.obj)
 .text.sys_clock_driver_init
                0x00000000000021c4       0x90 zephyr/drivers/timer/libdrivers__timer.a(nrf_rtc_timer.c.obj)
 .text.rtc_nrf_isr
                0x0000000000002254       0xd0 zephyr/drivers/timer/libdrivers__timer.a(nrf_rtc_timer.c.obj)
                0x0000000000002254                rtc_nrf_isr
 .text.sys_clock_set_timeout
                0x0000000000002324       0x5c zephyr/drivers/timer/libdrivers__timer.a(nrf_rtc_timer.c.obj)
                0x0000000000002324                sys_clock_set_timeout
 .text.sys_clock_elapsed
                0x0000000000002380       0x14 zephyr/drivers/timer/libdrivers__timer.a(nrf_rtc_timer.c.obj)
                0x0000000000002380                sys_clock_elapsed
 .text.nrf53_errata_42
                0x0000000000002394       0x24 modules/hal_nordic/nrfx/libmodules__hal_nordic__nrfx.a(system_nrf5340_application.c.obj)
 .text.SystemInit
                0x00000000000023b8      0x1c4 modules/hal_nordic/nrfx/libmodules__hal_nordic__nrfx.a(system_nrf5340_application.c.obj)
                0x00000000000023b8                SystemInit
 .text.nrfx_flag32_alloc
                0x000000000000257c       0x40 modules/hal_nordic/nrfx/libmodules__hal_nordic__nrfx.a(nrfx_flag32_allocator.c.obj)
                0x000000000000257c                nrfx_flag32_alloc
 .text.nrfx_flag32_free
                0x00000000000025bc       0x38 modules/hal_nordic/nrfx/libmodules__hal_nordic__nrfx.a(nrfx_flag32_allocator.c.obj)
                0x00000000000025bc                nrfx_flag32_free
 .text.nrfx_gppi_channels_enable
                0x00000000000025f4        0xc modules/hal_nordic/nrfx/libmodules__hal_nordic__nrfx.a(nrfx_gppi_dppi.c.obj)
                0x00000000000025f4                nrfx_gppi_channels_enable
 .text.nrfx_clock_init
                0x0000000000002600       0x20 modules/hal_nordic/nrfx/libmodules__hal_nordic__nrfx.a(nrfx_clock.c.obj)
                0x0000000000002600                nrfx_clock_init
 .text.nrfx_clock_enable
                0x0000000000002620       0x30 modules/hal_nordic/nrfx/libmodules__hal_nordic__nrfx.a(nrfx_clock.c.obj)
                0x0000000000002620                nrfx_clock_enable
 .text.nrfx_clock_start
                0x0000000000002650       0xd0 modules/hal_nordic/nrfx/libmodules__hal_nordic__nrfx.a(nrfx_clock.c.obj)
                0x0000000000002650                nrfx_clock_start
 .text.nrfx_power_clock_irq_handler
                0x0000000000002720       0xb0 modules/hal_nordic/nrfx/libmodules__hal_nordic__nrfx.a(nrfx_clock.c.obj)
                0x0000000000002720                nrfx_power_clock_irq_handler
 .text.nrfx_dppi_channel_alloc
                0x00000000000027d0        0xc modules/hal_nordic/nrfx/libmodules__hal_nordic__nrfx.a(nrfx_dppi.c.obj)
                0x00000000000027d0                nrfx_dppi_channel_alloc
 .text.nrf_gpio_pin_port_decode
                0x00000000000027dc       0x24 modules/hal_nordic/nrfx/libmodules__hal_nordic__nrfx.a(nrfx_gpiote.c.obj)
 .text.get_pin_idx
                0x0000000000002800       0x14 modules/hal_nordic/nrfx/libmodules__hal_nordic__nrfx.a(nrfx_gpiote.c.obj)
 .text.call_handler.constprop.0
                0x0000000000002814       0x40 modules/hal_nordic/nrfx/libmodules__hal_nordic__nrfx.a(nrfx_gpiote.c.obj)
 .text.pin_te_get.constprop.0
                0x0000000000002854       0x18 modules/hal_nordic/nrfx/libmodules__hal_nordic__nrfx.a(nrfx_gpiote.c.obj)
 .text.pin_is_output.constprop.0
                0x000000000000286c       0x18 modules/hal_nordic/nrfx/libmodules__hal_nordic__nrfx.a(nrfx_gpiote.c.obj)
 .text.pin_in_use_by_te.constprop.0
                0x0000000000002884       0x18 modules/hal_nordic/nrfx/libmodules__hal_nordic__nrfx.a(nrfx_gpiote.c.obj)
 .text.latch_pending_read_and_check
                0x000000000000289c       0x3c modules/hal_nordic/nrfx/libmodules__hal_nordic__nrfx.a(nrfx_gpiote.c.obj)
 .text.release_handler.isra.0
                0x00000000000028d8       0x58 modules/hal_nordic/nrfx/libmodules__hal_nordic__nrfx.a(nrfx_gpiote.c.obj)
 .text.__nrfy_internal_gpiote_events_process.constprop.0
                0x0000000000002930       0x5c modules/hal_nordic/nrfx/libmodules__hal_nordic__nrfx.a(nrfx_gpiote.c.obj)
 .text.pin_uninit
                0x000000000000298c       0x84 modules/hal_nordic/nrfx/libmodules__hal_nordic__nrfx.a(nrfx_gpiote.c.obj)
 .text.nrfx_gpiote_input_configure
                0x0000000000002a10      0x178 modules/hal_nordic/nrfx/libmodules__hal_nordic__nrfx.a(nrfx_gpiote.c.obj)
                0x0000000000002a10                nrfx_gpiote_input_configure
 .text.nrfx_gpiote_output_configure
                0x0000000000002b88      0x104 modules/hal_nordic/nrfx/libmodules__hal_nordic__nrfx.a(nrfx_gpiote.c.obj)
                0x0000000000002b88                nrfx_gpiote_output_configure
 .text.nrfx_gpiote_global_callback_set
                0x0000000000002c8c        0xc modules/hal_nordic/nrfx/libmodules__hal_nordic__nrfx.a(nrfx_gpiote.c.obj)
                0x0000000000002c8c                nrfx_gpiote_global_callback_set
 .text.nrfx_gpiote_channel_get
                0x0000000000002c98       0x34 modules/hal_nordic/nrfx/libmodules__hal_nordic__nrfx.a(nrfx_gpiote.c.obj)
                0x0000000000002c98                nrfx_gpiote_channel_get
 .text.nrfx_gpiote_init
                0x0000000000002ccc       0x64 modules/hal_nordic/nrfx/libmodules__hal_nordic__nrfx.a(nrfx_gpiote.c.obj)
                0x0000000000002ccc                nrfx_gpiote_init
 .text.nrfx_gpiote_init_check
                0x0000000000002d30       0x14 modules/hal_nordic/nrfx/libmodules__hal_nordic__nrfx.a(nrfx_gpiote.c.obj)
                0x0000000000002d30                nrfx_gpiote_init_check
 .text.nrfx_gpiote_channel_free
                0x0000000000002d44        0xc modules/hal_nordic/nrfx/libmodules__hal_nordic__nrfx.a(nrfx_gpiote.c.obj)
                0x0000000000002d44                nrfx_gpiote_channel_free
 .text.nrfx_gpiote_channel_alloc
                0x0000000000002d50        0xc modules/hal_nordic/nrfx/libmodules__hal_nordic__nrfx.a(nrfx_gpiote.c.obj)
                0x0000000000002d50                nrfx_gpiote_channel_alloc
 .text.nrfx_gpiote_trigger_enable
                0x0000000000002d5c       0xac modules/hal_nordic/nrfx/libmodules__hal_nordic__nrfx.a(nrfx_gpiote.c.obj)
                0x0000000000002d5c                nrfx_gpiote_trigger_enable
 .text.nrfx_gpiote_0_irq_handler
                0x0000000000002e08      0x1b8 modules/hal_nordic/nrfx/libmodules__hal_nordic__nrfx.a(nrfx_gpiote.c.obj)
                0x0000000000002e08                nrfx_gpiote_0_irq_handler
 .text.nrf_gpio_pin_port_decode
                0x0000000000002fc0       0x24 modules/hal_nordic/nrfx/libmodules__hal_nordic__nrfx.a(nrfx_pdm.c.obj)
 .text.pdm_configure
                0x0000000000002fe4       0xe0 modules/hal_nordic/nrfx/libmodules__hal_nordic__nrfx.a(nrfx_pdm.c.obj)
 .text.nrfx_pdm_init
                0x00000000000030c4       0x48 modules/hal_nordic/nrfx/libmodules__hal_nordic__nrfx.a(nrfx_pdm.c.obj)
                0x00000000000030c4                nrfx_pdm_init
 .text.nrfx_pdm_start
                0x000000000000310c       0x34 modules/hal_nordic/nrfx/libmodules__hal_nordic__nrfx.a(nrfx_pdm.c.obj)
                0x000000000000310c                nrfx_pdm_start
 .text.nrfx_pdm_buffer_set
                0x0000000000003140       0x90 modules/hal_nordic/nrfx/libmodules__hal_nordic__nrfx.a(nrfx_pdm.c.obj)
                0x0000000000003140                nrfx_pdm_buffer_set
 .text.nrfx_pdm_stop
                0x00000000000031d0       0x44 modules/hal_nordic/nrfx/libmodules__hal_nordic__nrfx.a(nrfx_pdm.c.obj)
                0x00000000000031d0                nrfx_pdm_stop
 .text.nrfx_pdm_irq_handler
                0x0000000000003214      0x10c modules/hal_nordic/nrfx/libmodules__hal_nordic__nrfx.a(nrfx_pdm.c.obj)
                0x0000000000003214                nrfx_pdm_irq_handler
 .text._DoInit  0x0000000000003320       0x68 modules/segger/libmodules__segger.a(SEGGER_RTT.c.obj)
 .text.SEGGER_RTT_WriteNoLock
                0x0000000000003388       0x58 modules/segger/libmodules__segger.a(SEGGER_RTT.c.obj)
                0x0000000000003388                SEGGER_RTT_WriteNoLock
 .text.SEGGER_RTT_Write
                0x00000000000033e0       0x34 modules/segger/libmodules__segger.a(SEGGER_RTT.c.obj)
                0x00000000000033e0                SEGGER_RTT_Write
 .text.SEGGER_RTT_ConfigUpBuffer
                0x0000000000003414       0x60 modules/segger/libmodules__segger.a(SEGGER_RTT.c.obj)
                0x0000000000003414                SEGGER_RTT_ConfigUpBuffer
 .text.z_fatal_error
                0x0000000000003474       0x30 zephyr/kernel/libkernel.a(fatal.c.obj)
                0x0000000000003474                z_fatal_error
 .text.z_sys_init_run_level
                0x00000000000034a4       0x2c zephyr/kernel/libkernel.a(init.c.obj)
 .text.bg_thread_main
                0x00000000000034d0       0xc0 zephyr/kernel/libkernel.a(init.c.obj)
 .text.z_bss_zero
                0x0000000000003590       0x18 zephyr/kernel/libkernel.a(init.c.obj)
                0x0000000000003590                z_bss_zero
 .text.z_init_cpu
                0x00000000000035a8       0x68 zephyr/kernel/libkernel.a(init.c.obj)
                0x00000000000035a8                z_init_cpu
 .text.z_cstart
                0x0000000000003610       0xe0 zephyr/kernel/libkernel.a(init.c.obj)
                0x0000000000003610                z_cstart
 .text.init_mem_slab_obj_core_list
                0x00000000000036f0       0x24 zephyr/kernel/libkernel.a(mem_slab.c.obj)
 .text.k_mem_slab_alloc
                0x0000000000003714       0x5c zephyr/kernel/libkernel.a(mem_slab.c.obj)
                0x0000000000003714                k_mem_slab_alloc
 .text.z_impl_k_mutex_lock
                0x0000000000003770       0xf0 zephyr/kernel/libkernel.a(mutex.c.obj)
                0x0000000000003770                z_impl_k_mutex_lock
 .text.z_impl_k_mutex_unlock
                0x0000000000003860       0x78 zephyr/kernel/libkernel.a(mutex.c.obj)
                0x0000000000003860                z_impl_k_mutex_unlock
 .text.z_impl_k_sem_give
                0x00000000000038d8       0x48 zephyr/kernel/libkernel.a(sem.c.obj)
                0x00000000000038d8                z_impl_k_sem_give
 .text.z_impl_k_sem_take
                0x0000000000003920       0x4c zephyr/kernel/libkernel.a(sem.c.obj)
                0x0000000000003920                z_impl_k_sem_take
 .text.z_setup_new_thread
                0x000000000000396c       0x7c zephyr/kernel/libkernel.a(thread.c.obj)
                0x000000000000396c                z_setup_new_thread
 .text.update_cache
                0x00000000000039e8       0x3c zephyr/kernel/libkernel.a(sched.c.obj)
 .text.unready_thread
                0x0000000000003a24       0x30 zephyr/kernel/libkernel.a(sched.c.obj)
 .text.ready_thread
                0x0000000000003a54       0x68 zephyr/kernel/libkernel.a(sched.c.obj)
 .text.z_thread_halt
                0x0000000000003abc       0xdc zephyr/kernel/libkernel.a(sched.c.obj)
 .text.move_thread_to_end_of_prio_q
                0x0000000000003b98       0x74 zephyr/kernel/libkernel.a(sched.c.obj)
                0x0000000000003b98                move_thread_to_end_of_prio_q
 .text.z_pend_curr
                0x0000000000003c0c       0x58 zephyr/kernel/libkernel.a(sched.c.obj)
                0x0000000000003c0c                z_pend_curr
 .text.z_thread_prio_set
                0x0000000000003c64       0x88 zephyr/kernel/libkernel.a(sched.c.obj)
                0x0000000000003c64                z_thread_prio_set
 .text.z_reschedule
                0x0000000000003cec       0x24 zephyr/kernel/libkernel.a(sched.c.obj)
                0x0000000000003cec                z_reschedule
 .text.z_sched_start
                0x0000000000003d10       0x3c zephyr/kernel/libkernel.a(sched.c.obj)
                0x0000000000003d10                z_sched_start
 .text.z_reschedule_irqlock
                0x0000000000003d4c       0x28 zephyr/kernel/libkernel.a(sched.c.obj)
                0x0000000000003d4c                z_reschedule_irqlock
 .text.k_sched_lock
                0x0000000000003d74       0x28 zephyr/kernel/libkernel.a(sched.c.obj)
                0x0000000000003d74                k_sched_lock
 .text.k_sched_unlock
                0x0000000000003d9c       0x40 zephyr/kernel/libkernel.a(sched.c.obj)
                0x0000000000003d9c                k_sched_unlock
 .text.z_sched_init
                0x0000000000003ddc       0x10 zephyr/kernel/libkernel.a(sched.c.obj)
                0x0000000000003ddc                z_sched_init
 .text.z_impl_k_yield
                0x0000000000003dec       0x7c zephyr/kernel/libkernel.a(sched.c.obj)
                0x0000000000003dec                z_impl_k_yield
 .text.z_tick_sleep
                0x0000000000003e68       0x88 zephyr/kernel/libkernel.a(sched.c.obj)
 .text.z_impl_k_sleep
                0x0000000000003ef0       0x3c zephyr/kernel/libkernel.a(sched.c.obj)
                0x0000000000003ef0                z_impl_k_sleep
 .text.z_impl_k_sched_current_thread_query
                0x0000000000003f2c        0xc zephyr/kernel/libkernel.a(sched.c.obj)
                0x0000000000003f2c                z_impl_k_sched_current_thread_query
 .text.slice_timeout
                0x0000000000003f38       0x20 zephyr/kernel/libkernel.a(timeslicing.c.obj)
 .text.thread_is_sliceable
                0x0000000000003f58       0x3c zephyr/kernel/libkernel.a(timeslicing.c.obj)
                0x0000000000003f58                thread_is_sliceable
 .text.z_reset_time_slice
                0x0000000000003f94       0x50 zephyr/kernel/libkernel.a(timeslicing.c.obj)
                0x0000000000003f94                z_reset_time_slice
 .text.z_time_slice
                0x0000000000003fe4       0x60 zephyr/kernel/libkernel.a(timeslicing.c.obj)
                0x0000000000003fe4                z_time_slice
 .text.z_data_copy
                0x0000000000004044       0x34 zephyr/kernel/libkernel.a(xip.c.obj)
                0x0000000000004044                z_data_copy
 .text.elapsed  0x0000000000004078       0x14 zephyr/kernel/libkernel.a(timeout.c.obj)
 .text.remove_timeout
                0x000000000000408c       0x38 zephyr/kernel/libkernel.a(timeout.c.obj)
 .text.next_timeout
                0x00000000000040c4       0x40 zephyr/kernel/libkernel.a(timeout.c.obj)
 .text.z_add_timeout
                0x0000000000004104       0xf4 zephyr/kernel/libkernel.a(timeout.c.obj)
                0x0000000000004104                z_add_timeout
 .text.sys_clock_announce
                0x00000000000041f8       0xd0 zephyr/kernel/libkernel.a(timeout.c.obj)
                0x00000000000041f8                sys_clock_announce
 .text.sys_clock_tick_get
                0x00000000000042c8       0x30 zephyr/kernel/libkernel.a(timeout.c.obj)
                0x00000000000042c8                sys_clock_tick_get
 .text.k_aligned_alloc
                0x00000000000042f8       0x10 zephyr/kernel/libkernel.a(mempool.c.obj)
                0x00000000000042f8                k_aligned_alloc
 .text.k_thread_system_pool_assign
                0x0000000000004308        0xc zephyr/kernel/libkernel.a(mempool.c.obj)
                0x0000000000004308                k_thread_system_pool_assign
 .text.statics_init
                0x0000000000004314       0x24 zephyr/kernel/libkernel.a(kheap.c.obj)
 .text.nrf_cc3xx_platform_init_no_rng
                0x0000000000004338       0x38 /Users/zhangjiaqi/ncs/v2.7.0/nrfxlib/crypto/nrf_cc312_platform/lib/cortex-m33/soft-float/no-interrupts/libnrf_cc312_platform_0.9.19.a(nrf_cc3xx_platform.c.obj)
                0x0000000000004338                nrf_cc3xx_platform_init_no_rng
 .text.nrf_cc3xx_platform_abort
                0x0000000000004370       0x24 /Users/zhangjiaqi/ncs/v2.7.0/nrfxlib/crypto/nrf_cc312_platform/lib/cortex-m33/soft-float/no-interrupts/libnrf_cc312_platform_0.9.19.a(nrf_cc3xx_platform_abort.c.obj)
 .text.CC_PalAbort
                0x0000000000004394       0x44 /Users/zhangjiaqi/ncs/v2.7.0/nrfxlib/crypto/nrf_cc312_platform/lib/cortex-m33/soft-float/no-interrupts/libnrf_cc312_platform_0.9.19.a(nrf_cc3xx_platform_abort.c.obj)
                0x0000000000004394                CC_PalAbort
 .text.nrf_cc3xx_platform_set_abort
                0x00000000000043d8       0x10 /Users/zhangjiaqi/ncs/v2.7.0/nrfxlib/crypto/nrf_cc312_platform/lib/cortex-m33/soft-float/no-interrupts/libnrf_cc312_platform_0.9.19.a(nrf_cc3xx_platform_abort.c.obj)
                0x00000000000043d8                nrf_cc3xx_platform_set_abort
 .text.mutex_free
                0x00000000000043e8       0x34 /Users/zhangjiaqi/ncs/v2.7.0/nrfxlib/crypto/nrf_cc312_platform/lib/cortex-m33/soft-float/no-interrupts/libnrf_cc312_platform_0.9.19.a(nrf_cc3xx_platform_mutex.c.obj)
 .text.mutex_lock
                0x000000000000441c       0x48 /Users/zhangjiaqi/ncs/v2.7.0/nrfxlib/crypto/nrf_cc312_platform/lib/cortex-m33/soft-float/no-interrupts/libnrf_cc312_platform_0.9.19.a(nrf_cc3xx_platform_mutex.c.obj)
 .text.mutex_unlock
                0x0000000000004464       0x38 /Users/zhangjiaqi/ncs/v2.7.0/nrfxlib/crypto/nrf_cc312_platform/lib/cortex-m33/soft-float/no-interrupts/libnrf_cc312_platform_0.9.19.a(nrf_cc3xx_platform_mutex.c.obj)
 .text.mutex_init
                0x000000000000449c       0x20 /Users/zhangjiaqi/ncs/v2.7.0/nrfxlib/crypto/nrf_cc312_platform/lib/cortex-m33/soft-float/no-interrupts/libnrf_cc312_platform_0.9.19.a(nrf_cc3xx_platform_mutex.c.obj)
 .text.nrf_cc3xx_platform_set_mutexes
                0x00000000000044bc       0x78 /Users/zhangjiaqi/ncs/v2.7.0/nrfxlib/crypto/nrf_cc312_platform/lib/cortex-m33/soft-float/no-interrupts/libnrf_cc312_platform_0.9.19.a(nrf_cc3xx_platform_mutex.c.obj)
                0x00000000000044bc                nrf_cc3xx_platform_set_mutexes
 .text.CC_LibInitNoRng
                0x0000000000004534       0x28 /Users/zhangjiaqi/ncs/v2.7.0/nrfxlib/crypto/nrf_cc312_platform/lib/cortex-m33/soft-float/no-interrupts/libnrf_cc312_platform_0.9.19.a(cc_lib.c.obj)
                0x0000000000004534                CC_LibInitNoRng
 .text.CC_HalInit
                0x000000000000455c        0x4 /Users/zhangjiaqi/ncs/v2.7.0/nrfxlib/crypto/nrf_cc312_platform/lib/cortex-m33/soft-float/no-interrupts/libnrf_cc312_platform_0.9.19.a(cc_hal.c.obj)
                0x000000000000455c                CC_HalInit
 .text.CC_PalInit
                0x0000000000004560       0x5c /Users/zhangjiaqi/ncs/v2.7.0/nrfxlib/crypto/nrf_cc312_platform/lib/cortex-m33/soft-float/no-interrupts/libnrf_cc312_platform_0.9.19.a(cc_pal.c.obj)
                0x0000000000004560                CC_PalInit
 .text.CC_PalTerminate
                0x00000000000045bc       0x34 /Users/zhangjiaqi/ncs/v2.7.0/nrfxlib/crypto/nrf_cc312_platform/lib/cortex-m33/soft-float/no-interrupts/libnrf_cc312_platform_0.9.19.a(cc_pal.c.obj)
                0x00000000000045bc                CC_PalTerminate
 .text.CC_PalDmaInit
                0x00000000000045f0        0x4 /Users/zhangjiaqi/ncs/v2.7.0/nrfxlib/crypto/nrf_cc312_platform/lib/cortex-m33/soft-float/no-interrupts/libnrf_cc312_platform_0.9.19.a(cc_pal_dma.c.obj)
                0x00000000000045f0                CC_PalDmaInit
 .text.CC_PalDmaTerminate
                0x00000000000045f4        0x4 /Users/zhangjiaqi/ncs/v2.7.0/nrfxlib/crypto/nrf_cc312_platform/lib/cortex-m33/soft-float/no-interrupts/libnrf_cc312_platform_0.9.19.a(cc_pal_dma.c.obj)
                0x00000000000045f4                CC_PalDmaTerminate
 .text.CC_PalMutexCreate
                0x00000000000045f8       0x14 /Users/zhangjiaqi/ncs/v2.7.0/nrfxlib/crypto/nrf_cc312_platform/lib/cortex-m33/soft-float/no-interrupts/libnrf_cc312_platform_0.9.19.a(cc_pal_mutex.c.obj)
                0x00000000000045f8                CC_PalMutexCreate
 .text.CC_PalMutexDestroy
                0x000000000000460c       0x14 /Users/zhangjiaqi/ncs/v2.7.0/nrfxlib/crypto/nrf_cc312_platform/lib/cortex-m33/soft-float/no-interrupts/libnrf_cc312_platform_0.9.19.a(cc_pal_mutex.c.obj)
                0x000000000000460c                CC_PalMutexDestroy
 .text.CC_PalPowerSaveModeInit
                0x0000000000004620       0x3c /Users/zhangjiaqi/ncs/v2.7.0/nrfxlib/crypto/nrf_cc312_platform/lib/cortex-m33/soft-float/no-interrupts/libnrf_cc312_platform_0.9.19.a(cc_pal_pm.c.obj)
                0x0000000000004620                CC_PalPowerSaveModeInit
 .text.__l_vfprintf
                0x000000000000465c      0x4b4 /opt/nordic/ncs/toolchains/f8037e9b83/opt/zephyr-sdk/arm-zephyr-eabi/bin/../lib/gcc/../../picolibc/arm-zephyr-eabi/lib/thumb/v8-m.main/nofp/libc.a(libc_tinystdio_vflprintf.c.o)
                0x000000000000465c                __l_vfprintf
 .text._OffsetAbsSyms
                0x0000000000004b10        0x2 zephyr/CMakeFiles/offsets.dir/./arch/arm/core/offsets/offsets.c.obj
                0x0000000000004b10                _OffsetAbsSyms
 .text.rtt_send_block
                0x0000000000004b12       0x26 app/libapp.a(main.c.obj)
 .text.chunk_field
                0x0000000000004b38       0x16 zephyr/libzephyr.a(heap.c.obj)
 .text.chunk_set
                0x0000000000004b4e       0x16 zephyr/libzephyr.a(heap.c.obj)
 .text.chunk_size
                0x0000000000004b64        0xc zephyr/libzephyr.a(heap.c.obj)
 .text.set_chunk_used
                0x0000000000004b70       0x30 zephyr/libzephyr.a(heap.c.obj)
 .text.set_chunk_size
                0x0000000000004ba0        0x8 zephyr/libzephyr.a(heap.c.obj)
 .text.mem_to_chunkid
                0x0000000000004ba8       0x14 zephyr/libzephyr.a(heap.c.obj)
 .text.bucket_idx.isra.0
                0x0000000000004bbc       0x1c zephyr/libzephyr.a(heap.c.obj)
 .text.free_list_remove_bidx
                0x0000000000004bd8       0x5c zephyr/libzephyr.a(heap.c.obj)
 .text.free_list_remove
                0x0000000000004c34       0x2e zephyr/libzephyr.a(heap.c.obj)
 .text.alloc_chunk
                0x0000000000004c62       0x74 zephyr/libzephyr.a(heap.c.obj)
 .text.split_chunks
                0x0000000000004cd6       0x4e zephyr/libzephyr.a(heap.c.obj)
 .text.merge_chunks
                0x0000000000004d24       0x3c zephyr/libzephyr.a(heap.c.obj)
 .text.free_list_add
                0x0000000000004d60       0x84 zephyr/libzephyr.a(heap.c.obj)
 .text.free_chunk
                0x0000000000004de4       0x84 zephyr/libzephyr.a(heap.c.obj)
 .text.sys_heap_free
                0x0000000000004e68       0x24 zephyr/libzephyr.a(heap.c.obj)
                0x0000000000004e68                sys_heap_free
 .text.sys_heap_alloc
                0x0000000000004e8c       0x6e zephyr/libzephyr.a(heap.c.obj)
                0x0000000000004e8c                sys_heap_alloc
 .text.sys_heap_aligned_alloc
                0x0000000000004efa       0xe8 zephyr/libzephyr.a(heap.c.obj)
                0x0000000000004efa                sys_heap_aligned_alloc
 .text.sys_heap_init
                0x0000000000004fe2       0xb0 zephyr/libzephyr.a(heap.c.obj)
                0x0000000000004fe2                sys_heap_init
 .text.arch_printk_char_out
                0x0000000000005092        0x4 zephyr/libzephyr.a(printk.c.obj)
                0x0000000000005092                arch_printk_char_out
 .text.printk   0x0000000000005096       0x1a zephyr/libzephyr.a(printk.c.obj)
                0x0000000000005096                printk
 .text.process_recheck
                0x00000000000050b0       0x38 zephyr/libzephyr.a(onoff.c.obj)
 .text.validate_args
                0x00000000000050e8       0x20 zephyr/libzephyr.a(onoff.c.obj)
 .text.notify_one
                0x0000000000005108       0x2c zephyr/libzephyr.a(onoff.c.obj)
 .text.transition_complete
                0x0000000000005134       0x1a zephyr/libzephyr.a(onoff.c.obj)
 .text.onoff_manager_init
                0x000000000000514e       0x26 zephyr/libzephyr.a(onoff.c.obj)
                0x000000000000514e                onoff_manager_init
 .text.onoff_request
                0x0000000000005174       0xae zephyr/libzephyr.a(onoff.c.obj)
                0x0000000000005174                onoff_request
 .text.sys_notify_validate
                0x0000000000005222       0x22 zephyr/libzephyr.a(notify.c.obj)
                0x0000000000005222                sys_notify_validate
 .text.sys_notify_finalize
                0x0000000000005244       0x1a zephyr/libzephyr.a(notify.c.obj)
                0x0000000000005244                sys_notify_finalize
 .text._ConfigAbsSyms
                0x000000000000525e        0x2 zephyr/libzephyr.a(configs.c.obj)
                0x000000000000525e                _ConfigAbsSyms
 .text.abort_function
                0x0000000000005260        0x2 zephyr/libzephyr.a(nrf_cc3xx_platform_abort_zephyr.c.obj)
 .text.z_arm_fatal_error
                0x0000000000005262        0xc zephyr/arch/arch/arm/core/libarch__arm__core.a(fatal.c.obj)
                0x0000000000005262                z_arm_fatal_error
 .text.z_do_kernel_oops
                0x000000000000526e        0x8 zephyr/arch/arch/arm/core/libarch__arm__core.a(fatal.c.obj)
                0x000000000000526e                z_do_kernel_oops
 .text.z_arm_nmi
                0x0000000000005276        0xe zephyr/arch/arch/arm/core/libarch__arm__core.a(nmi.c.obj)
                0x0000000000005276                z_arm_nmi
 .text.z_irq_spurious
                0x0000000000005284        0x8 zephyr/arch/arch/arm/core/cortex_m/libarch__arm__core__cortex_m.a(irq_manage.c.obj)
                0x0000000000005284                z_irq_spurious
 .text.configure_builtin_stack_guard
                0x000000000000528c        0x8 zephyr/arch/arch/arm/core/cortex_m/libarch__arm__core__cortex_m.a(thread.c.obj)
                0x000000000000528c                configure_builtin_stack_guard
 .text.arch_irq_unlock_outlined
                0x0000000000005294        0xe zephyr/arch/arch/arm/core/cortex_m/libarch__arm__core__cortex_m.a(thread.c.obj)
                0x0000000000005294                arch_irq_unlock_outlined
 .text.arch_cpu_idle
                0x00000000000052a2       0x32 zephyr/arch/arch/arm/core/cortex_m/libarch__arm__core__cortex_m.a(cpu_idle.c.obj)
                0x00000000000052a2                arch_cpu_idle
 .text.arch_cpu_atomic_idle
                0x00000000000052d4       0x38 zephyr/arch/arch/arm/core/cortex_m/libarch__arm__core__cortex_m.a(cpu_idle.c.obj)
                0x00000000000052d4                arch_cpu_atomic_idle
 .text.arm_cmse_mpu_region_get
                0x000000000000530c       0x12 zephyr/arch/arch/arm/core/cortex_m/cmse/libarch__arm__core__cortex_m__cmse.a(arm_core_cmse.c.obj)
                0x000000000000530c                arm_cmse_mpu_region_get
 .text.mpu_configure_region
                0x000000000000531e       0x32 zephyr/arch/arch/arm/core/mpu/libarch__arm__core__mpu.a(arm_mpu.c.obj)
 .text.onoff_stop
                0x0000000000005350       0x10 zephyr/soc/soc/nrf5340/libsoc__nordic.a(nrf53_cpunet_mgmt.c.obj)
 .text.get_status
                0x0000000000005360       0x12 zephyr/drivers/clock_control/libdrivers__clock_control.a(clock_control_nrf.c.obj)
 .text.stop     0x0000000000005372       0x52 zephyr/drivers/clock_control/libdrivers__clock_control.a(clock_control_nrf.c.obj)
 .text.api_stop
                0x00000000000053c4        0x6 zephyr/drivers/clock_control/libdrivers__clock_control.a(clock_control_nrf.c.obj)
 .text.async_start
                0x00000000000053ca       0x5c zephyr/drivers/clock_control/libdrivers__clock_control.a(clock_control_nrf.c.obj)
 .text.api_start
                0x0000000000005426        0xe zephyr/drivers/clock_control/libdrivers__clock_control.a(clock_control_nrf.c.obj)
 .text.onoff_started_callback
                0x0000000000005434       0x12 zephyr/drivers/clock_control/libdrivers__clock_control.a(clock_control_nrf.c.obj)
 .text.hfclkaudio_start
                0x0000000000005446        0x6 zephyr/drivers/clock_control/libdrivers__clock_control.a(clock_control_nrf.c.obj)
 .text.hfclk192m_start
                0x000000000000544c        0x6 zephyr/drivers/clock_control/libdrivers__clock_control.a(clock_control_nrf.c.obj)
 .text.lfclk_start
                0x0000000000005452        0x6 zephyr/drivers/clock_control/libdrivers__clock_control.a(clock_control_nrf.c.obj)
 .text.hfclkaudio_stop
                0x0000000000005458        0x6 zephyr/drivers/clock_control/libdrivers__clock_control.a(clock_control_nrf.c.obj)
 .text.hfclk192m_stop
                0x000000000000545e        0x6 zephyr/drivers/clock_control/libdrivers__clock_control.a(clock_control_nrf.c.obj)
 .text.lfclk_stop
                0x0000000000005464        0x6 zephyr/drivers/clock_control/libdrivers__clock_control.a(clock_control_nrf.c.obj)
 .text.blocking_start_callback
                0x000000000000546a        0x6 zephyr/drivers/clock_control/libdrivers__clock_control.a(clock_control_nrf.c.obj)
 .text.gpio_nrfx_port_get_raw
                0x0000000000005470        0xc zephyr/drivers/gpio/libdrivers__gpio.a(gpio_nrfx.c.obj)
 .text.gpio_nrfx_port_set_masked_raw
                0x000000000000547c       0x14 zephyr/drivers/gpio/libdrivers__gpio.a(gpio_nrfx.c.obj)
 .text.gpio_nrfx_port_set_bits_raw
                0x0000000000005490        0xa zephyr/drivers/gpio/libdrivers__gpio.a(gpio_nrfx.c.obj)
 .text.gpio_nrfx_port_clear_bits_raw
                0x000000000000549a        0xa zephyr/drivers/gpio/libdrivers__gpio.a(gpio_nrfx.c.obj)
 .text.gpio_nrfx_port_toggle_bits
                0x00000000000054a4       0x14 zephyr/drivers/gpio/libdrivers__gpio.a(gpio_nrfx.c.obj)
 .text.gpio_nrfx_manage_callback
                0x00000000000054b8       0x52 zephyr/drivers/gpio/libdrivers__gpio.a(gpio_nrfx.c.obj)
 .text.pinctrl_lookup_state
                0x000000000000550a       0x26 zephyr/drivers/pinctrl/libdrivers__pinctrl.a(common.c.obj)
                0x000000000000550a                pinctrl_lookup_state
 .text.uarte_nrfx_err_check
                0x0000000000005530        0xe zephyr/drivers/serial/libdrivers__serial.a(uart_nrfx_uarte.c.obj)
 .text.uarte_nrfx_poll_in
                0x000000000000553e       0x28 zephyr/drivers/serial/libdrivers__serial.a(uart_nrfx_uarte.c.obj)
 .text.is_tx_ready.isra.0
                0x0000000000005566       0x20 zephyr/drivers/serial/libdrivers__serial.a(uart_nrfx_uarte.c.obj)
 .text.uarte_nrfx_isr_int
                0x0000000000005586       0x6e zephyr/drivers/serial/libdrivers__serial.a(uart_nrfx_uarte.c.obj)
 .text.event_clear
                0x00000000000055f4       0x18 zephyr/drivers/timer/libdrivers__timer.a(nrf_rtc_timer.c.obj)
 .text.sys_clock_cycle_get_32
                0x000000000000560c        0x8 zephyr/drivers/timer/libdrivers__timer.a(nrf_rtc_timer.c.obj)
                0x000000000000560c                sys_clock_cycle_get_32
 .text.hw_cc3xx_init_internal
                0x0000000000005614        0x4 modules/nrf/drivers/hw_cc3xx/lib..__nrf__drivers__hw_cc3xx.a(hw_cc3xx.c.obj)
 .text.hw_cc3xx_init
                0x0000000000005618       0x12 modules/nrf/drivers/hw_cc3xx/lib..__nrf__drivers__hw_cc3xx.a(hw_cc3xx.c.obj)
 .text.nrfx_isr
                0x000000000000562a        0x2 modules/hal_nordic/nrfx/libmodules__hal_nordic__nrfx.a(nrfx_glue.c.obj)
                0x000000000000562a                nrfx_isr
 .text.nrfx_busy_wait
                0x000000000000562c        0x4 modules/hal_nordic/nrfx/libmodules__hal_nordic__nrfx.a(nrfx_glue.c.obj)
                0x000000000000562c                nrfx_busy_wait
 .text.nrfx_gppi_event_endpoint_setup
                0x0000000000005630        0xa modules/hal_nordic/nrfx/libmodules__hal_nordic__nrfx.a(nrfx_gppi_dppi.c.obj)
                0x0000000000005630                nrfx_gppi_event_endpoint_setup
 .text.nrfx_gppi_task_endpoint_setup
                0x000000000000563a        0xa modules/hal_nordic/nrfx/libmodules__hal_nordic__nrfx.a(nrfx_gppi_dppi.c.obj)
                0x000000000000563a                nrfx_gppi_task_endpoint_setup
 .text.nrfx_gppi_channel_endpoints_setup
                0x0000000000005644        0xe modules/hal_nordic/nrfx/libmodules__hal_nordic__nrfx.a(nrfx_gppi_dppi.c.obj)
                0x0000000000005644                nrfx_gppi_channel_endpoints_setup
 .text.nrfx_gppi_channel_alloc
                0x0000000000005652        0x4 modules/hal_nordic/nrfx/libmodules__hal_nordic__nrfx.a(nrfx_gppi_dppi.c.obj)
                0x0000000000005652                nrfx_gppi_channel_alloc
 .text.clock_stop
                0x0000000000005656      0x162 modules/hal_nordic/nrfx/libmodules__hal_nordic__nrfx.a(nrfx_clock.c.obj)
 .text.nrfx_clock_stop
                0x00000000000057b8        0x4 modules/hal_nordic/nrfx/libmodules__hal_nordic__nrfx.a(nrfx_clock.c.obj)
                0x00000000000057b8                nrfx_clock_stop
 .text.nrf_gpio_reconfigure
                0x00000000000057bc       0x92 modules/hal_nordic/nrfx/libmodules__hal_nordic__nrfx.a(nrfx_gpiote.c.obj)
 .text.nrf_gpio_cfg_sense_set
                0x000000000000584e       0x1e modules/hal_nordic/nrfx/libmodules__hal_nordic__nrfx.a(nrfx_gpiote.c.obj)
 .text.pin_trigger_disable
                0x000000000000586c       0x48 modules/hal_nordic/nrfx/libmodules__hal_nordic__nrfx.a(nrfx_gpiote.c.obj)
 .text.nrfx_gpiote_pin_uninit
                0x00000000000058b4        0x4 modules/hal_nordic/nrfx/libmodules__hal_nordic__nrfx.a(nrfx_gpiote.c.obj)
                0x00000000000058b4                nrfx_gpiote_pin_uninit
 .text.nrfx_gpiote_trigger_disable
                0x00000000000058b8        0x4 modules/hal_nordic/nrfx/libmodules__hal_nordic__nrfx.a(nrfx_gpiote.c.obj)
                0x00000000000058b8                nrfx_gpiote_trigger_disable
 .text._GetAvailWriteSpace
                0x00000000000058bc       0x12 modules/segger/libmodules__segger.a(SEGGER_RTT.c.obj)
 .text._WriteNoCheck
                0x00000000000058ce       0x3a modules/segger/libmodules__segger.a(SEGGER_RTT.c.obj)
 .text._WriteBlocking
                0x0000000000005908       0x58 modules/segger/libmodules__segger.a(SEGGER_RTT.c.obj)
 .text.SEGGER_RTT_WriteString
                0x0000000000005960       0x1a modules/segger/libmodules__segger.a(SEGGER_RTT.c.obj)
                0x0000000000005960                SEGGER_RTT_WriteString
 .text.SEGGER_RTT_Init
                0x000000000000597a        0x4 modules/segger/libmodules__segger.a(SEGGER_RTT.c.obj)
                0x000000000000597a                SEGGER_RTT_Init
 .text.rtt_init
                0x000000000000597e        0xa modules/segger/libmodules__segger.a(SEGGER_RTT_zephyr.c.obj)
 .text.z_impl_k_busy_wait
                0x0000000000005988        0x8 zephyr/kernel/libkernel.a(busy_wait.c.obj)
                0x0000000000005988                z_impl_k_busy_wait
 .text.arch_system_halt
                0x0000000000005990       0x10 zephyr/kernel/libkernel.a(fatal.c.obj)
                0x0000000000005990                arch_system_halt
 .text.k_sys_fatal_error_handler
                0x00000000000059a0        0x6 zephyr/kernel/libkernel.a(fatal.c.obj)
                0x00000000000059a0                k_sys_fatal_error_handler
 .text.do_device_init
                0x00000000000059a6       0x30 zephyr/kernel/libkernel.a(init.c.obj)
 .text.z_early_memset
                0x00000000000059d6        0x4 zephyr/kernel/libkernel.a(init.c.obj)
                0x00000000000059d6                z_early_memset
 .text.z_early_memcpy
                0x00000000000059da        0x4 zephyr/kernel/libkernel.a(init.c.obj)
                0x00000000000059da                z_early_memcpy
 .text.create_free_list
                0x00000000000059de       0x2c zephyr/kernel/libkernel.a(mem_slab.c.obj)
 .text.k_mem_slab_init
                0x0000000000005a0a       0x1c zephyr/kernel/libkernel.a(mem_slab.c.obj)
                0x0000000000005a0a                k_mem_slab_init
 .text.k_mem_slab_free
                0x0000000000005a26       0x4a zephyr/kernel/libkernel.a(mem_slab.c.obj)
                0x0000000000005a26                k_mem_slab_free
 .text.idle     0x0000000000005a70       0x16 zephyr/kernel/libkernel.a(idle.c.obj)
                0x0000000000005a70                idle
 .text.adjust_owner_prio.isra.0
                0x0000000000005a86       0x10 zephyr/kernel/libkernel.a(mutex.c.obj)
 .text.z_impl_k_mutex_init
                0x0000000000005a96        0xe zephyr/kernel/libkernel.a(mutex.c.obj)
                0x0000000000005a96                z_impl_k_mutex_init
 .text.k_is_in_isr
                0x0000000000005aa4        0xc zephyr/kernel/libkernel.a(thread.c.obj)
                0x0000000000005aa4                k_is_in_isr
 .text.z_impl_k_thread_start
                0x0000000000005ab0        0x4 zephyr/kernel/libkernel.a(thread.c.obj)
                0x0000000000005ab0                z_impl_k_thread_start
 .text.sys_dlist_remove
                0x0000000000005ab4       0x10 zephyr/kernel/libkernel.a(sched.c.obj)
 .text.unpend_thread_no_timeout
                0x0000000000005ac4       0x14 zephyr/kernel/libkernel.a(sched.c.obj)
 .text.add_to_waitq_locked
                0x0000000000005ad8       0x50 zephyr/kernel/libkernel.a(sched.c.obj)
 .text.z_ready_thread
                0x0000000000005b28       0x1e zephyr/kernel/libkernel.a(sched.c.obj)
                0x0000000000005b28                z_ready_thread
 .text.z_impl_k_thread_suspend
                0x0000000000005b46       0x34 zephyr/kernel/libkernel.a(sched.c.obj)
                0x0000000000005b46                z_impl_k_thread_suspend
 .text.z_sched_wake_thread
                0x0000000000005b7a       0x42 zephyr/kernel/libkernel.a(sched.c.obj)
                0x0000000000005b7a                z_sched_wake_thread
 .text.z_thread_timeout
                0x0000000000005bbc        0x8 zephyr/kernel/libkernel.a(sched.c.obj)
                0x0000000000005bbc                z_thread_timeout
 .text.z_unpend_first_thread
                0x0000000000005bc4       0x36 zephyr/kernel/libkernel.a(sched.c.obj)
                0x0000000000005bc4                z_unpend_first_thread
 .text.z_unpend_thread
                0x0000000000005bfa       0x2e zephyr/kernel/libkernel.a(sched.c.obj)
                0x0000000000005bfa                z_unpend_thread
 .text.z_unpend_all
                0x0000000000005c28       0x20 zephyr/kernel/libkernel.a(sched.c.obj)
                0x0000000000005c28                z_unpend_all
 .text.z_thread_abort
                0x0000000000005c48       0x44 zephyr/kernel/libkernel.a(sched.c.obj)
                0x0000000000005c48                z_thread_abort
 .text.z_abort_timeout
                0x0000000000005c8c       0x2a zephyr/kernel/libkernel.a(timeout.c.obj)
                0x0000000000005c8c                z_abort_timeout
 .text.sys_clock_tick_get_32
                0x0000000000005cb6        0x8 zephyr/kernel/libkernel.a(timeout.c.obj)
                0x0000000000005cb6                sys_clock_tick_get_32
 .text.sys_timepoint_calc
                0x0000000000005cbe       0x48 zephyr/kernel/libkernel.a(timeout.c.obj)
                0x0000000000005cbe                sys_timepoint_calc
 .text.sys_timepoint_timeout
                0x0000000000005d06       0x42 zephyr/kernel/libkernel.a(timeout.c.obj)
                0x0000000000005d06                sys_timepoint_timeout
 .text.z_heap_aligned_alloc
                0x0000000000005d48       0x26 zephyr/kernel/libkernel.a(mempool.c.obj)
 .text.k_free   0x0000000000005d6e        0xe zephyr/kernel/libkernel.a(mempool.c.obj)
                0x0000000000005d6e                k_free
 .text.k_malloc
                0x0000000000005d7c        0x8 zephyr/kernel/libkernel.a(mempool.c.obj)
                0x0000000000005d7c                k_malloc
 .text.z_device_state_init
                0x0000000000005d84        0x2 zephyr/kernel/libkernel.a(device.c.obj)
                0x0000000000005d84                z_device_state_init
 .text.k_heap_init
                0x0000000000005d86       0x10 zephyr/kernel/libkernel.a(kheap.c.obj)
                0x0000000000005d86                k_heap_init
 .text.k_heap_aligned_alloc
                0x0000000000005d96       0x82 zephyr/kernel/libkernel.a(kheap.c.obj)
                0x0000000000005d96                k_heap_aligned_alloc
 .text.k_heap_free
                0x0000000000005e18       0x38 zephyr/kernel/libkernel.a(kheap.c.obj)
                0x0000000000005e18                k_heap_free
 .text.memcpy   0x0000000000005e50       0x1a /opt/nordic/ncs/toolchains/f8037e9b83/opt/zephyr-sdk/arm-zephyr-eabi/bin/../lib/gcc/../../picolibc/arm-zephyr-eabi/lib/thumb/v8-m.main/nofp/libc.a(memcpy.c.o)
                0x0000000000005e50                memcpy
                0x0000000000005e50                __aeabi_memcpy
                0x0000000000005e50                __aeabi_memcpy4
                0x0000000000005e50                __aeabi_memcpy8
 .text.memset   0x0000000000005e6a       0x10 /opt/nordic/ncs/toolchains/f8037e9b83/opt/zephyr-sdk/arm-zephyr-eabi/bin/../lib/gcc/../../picolibc/arm-zephyr-eabi/lib/thumb/v8-m.main/nofp/libc.a(memset.c.o)
                0x0000000000005e6a                memset
 .text.strnlen  0x0000000000005e7a       0x18 /opt/nordic/ncs/toolchains/f8037e9b83/opt/zephyr-sdk/arm-zephyr-eabi/bin/../lib/gcc/../../picolibc/arm-zephyr-eabi/lib/thumb/v8-m.main/nofp/libc.a(libc_string_strnlen.c.o)
                0x0000000000005e7a                strnlen
 .text.__ultoa_invert
                0x0000000000005e92       0xac /opt/nordic/ncs/toolchains/f8037e9b83/opt/zephyr-sdk/arm-zephyr-eabi/bin/../lib/gcc/../../picolibc/arm-zephyr-eabi/lib/thumb/v8-m.main/nofp/libc.a(libc_tinystdio_vflprintf.c.o)
 *(SORT_BY_ALIGNMENT(.TEXT.*))
 *fill*         0x0000000000005f3e        0x2 
 .TEXT.__aeabi_read_tp
                0x0000000000005f40        0xc zephyr/arch/arch/arm/core/cortex_m/libarch__arm__core__cortex_m.a(__aeabi_read_tp.S.obj)
                0x0000000000005f40                __aeabi_read_tp
 *(SORT_BY_ALIGNMENT(.gnu.linkonce.t.*))
 *(SORT_BY_ALIGNMENT(.glue_7t))
 .glue_7t       0x0000000000005f4c        0x0 linker stubs
 *(SORT_BY_ALIGNMENT(.glue_7))
 .glue_7        0x0000000000005f4c        0x0 linker stubs
 *(SORT_BY_ALIGNMENT(.vfp11_veneer))
 .vfp11_veneer  0x0000000000005f4c        0x0 linker stubs
 *(SORT_BY_ALIGNMENT(.v4_bx))
 .v4_bx         0x0000000000005f4c        0x0 linker stubs
                0x0000000000005f4c                . = ALIGN (0x4)
                0x0000000000005f4c                __text_region_end = .

.ARM.exidx      0x0000000000005f4c        0x8
                0x0000000000005f4c                __exidx_start = .
 *(SORT_BY_ALIGNMENT(.ARM.exidx*) SORT_BY_ALIGNMENT(gnu.linkonce.armexidx.*))
 .ARM.exidx     0x0000000000005f4c        0x8 /opt/nordic/ncs/toolchains/f8037e9b83/opt/zephyr-sdk/arm-zephyr-eabi/bin/../lib/gcc/../../picolibc/arm-zephyr-eabi/lib/thumb/v8-m.main/nofp/libc.a(strlen.S.o)
                0x0000000000005f54                __exidx_end = .
                0x0000000000005f54                __rodata_region_start = .

initlevel       0x0000000000005f54       0x70
                0x0000000000005f54                __init_start = .
                0x0000000000005f54                __init_EARLY_start = .
 *(SORT_BY_NAME(SORT_BY_ALIGNMENT(.z_init_EARLY?_*)))
 *(SORT_BY_NAME(SORT_BY_ALIGNMENT(.z_init_EARLY??_*)))
                0x0000000000005f54                __init_PRE_KERNEL_1_start = .
 *(SORT_BY_NAME(SORT_BY_ALIGNMENT(.z_init_PRE_KERNEL_1?_*)))
 .z_init_PRE_KERNEL_10_0_
                0x0000000000005f54        0x8 zephyr/soc/soc/nrf5340/libsoc__nordic.a(soc.c.obj)
 .z_init_PRE_KERNEL_10_0_
                0x0000000000005f5c        0x8 zephyr/soc/soc/nrf5340/libsoc__nordic.a(nrf53_cpunet_mgmt.c.obj)
 *(SORT_BY_NAME(SORT_BY_ALIGNMENT(.z_init_PRE_KERNEL_1??_*)))
 .z_init_PRE_KERNEL_130_00083_
                0x0000000000005f64        0x8 zephyr/drivers/clock_control/libdrivers__clock_control.a(clock_control_nrf.c.obj)
 .z_init_PRE_KERNEL_130_0_
                0x0000000000005f6c        0x8 modules/segger/libmodules__segger.a(SEGGER_RTT_zephyr.c.obj)
 .z_init_PRE_KERNEL_130_0_
                0x0000000000005f74        0x8 zephyr/kernel/libkernel.a(mem_slab.c.obj)
 .z_init_PRE_KERNEL_130_0_
                0x0000000000005f7c        0x8 zephyr/kernel/libkernel.a(kheap.c.obj)
 .z_init_PRE_KERNEL_140_00011_
                0x0000000000005f84        0x8 zephyr/drivers/gpio/libdrivers__gpio.a(gpio_nrfx.c.obj)
 .z_init_PRE_KERNEL_140_00012_
                0x0000000000005f8c        0x8 zephyr/drivers/gpio/libdrivers__gpio.a(gpio_nrfx.c.obj)
 .z_init_PRE_KERNEL_140_0_
                0x0000000000005f94        0x8 modules/nrf/drivers/hw_cc3xx/lib..__nrf__drivers__hw_cc3xx.a(hw_cc3xx.c.obj)
 .z_init_PRE_KERNEL_150_00121_
                0x0000000000005f9c        0x8 zephyr/drivers/serial/libdrivers__serial.a(uart_nrfx_uarte.c.obj)
                0x0000000000005fa4                __init_PRE_KERNEL_2_start = .
 *(SORT_BY_NAME(SORT_BY_ALIGNMENT(.z_init_PRE_KERNEL_2?_*)))
 .z_init_PRE_KERNEL_20_0_
                0x0000000000005fa4        0x8 zephyr/drivers/timer/libdrivers__timer.a(nrf_rtc_timer.c.obj)
 *(SORT_BY_NAME(SORT_BY_ALIGNMENT(.z_init_PRE_KERNEL_2??_*)))
                0x0000000000005fac                __init_POST_KERNEL_start = .
 *(SORT_BY_NAME(SORT_BY_ALIGNMENT(.z_init_POST_KERNEL?_*)))
 .z_init_POST_KERNEL0_0_
                0x0000000000005fac        0x8 zephyr/soc/soc/nrf5340/libsoc__nordic.a(soc.c.obj)
 *(SORT_BY_NAME(SORT_BY_ALIGNMENT(.z_init_POST_KERNEL??_*)))
 .z_init_POST_KERNEL40_0_
                0x0000000000005fb4        0x8 zephyr/lib/libc/common/liblib__libc__common.a(malloc.c.obj)
 .z_init_POST_KERNEL40_0_
                0x0000000000005fbc        0x8 modules/nrf/drivers/hw_cc3xx/lib..__nrf__drivers__hw_cc3xx.a(hw_cc3xx.c.obj)
                0x0000000000005fc4                __init_APPLICATION_start = .
 *(SORT_BY_NAME(SORT_BY_ALIGNMENT(.z_init_APPLICATION?_*)))
 *(SORT_BY_NAME(SORT_BY_ALIGNMENT(.z_init_APPLICATION??_*)))
                0x0000000000005fc4                __init_SMP_start = .
 *(SORT_BY_NAME(SORT_BY_ALIGNMENT(.z_init_SMP?_*)))
 *(SORT_BY_NAME(SORT_BY_ALIGNMENT(.z_init_SMP??_*)))
                0x0000000000005fc4                __init_end = .
                0x0000000000005fc4                __deferred_init_list_start = .
 *(SORT_BY_ALIGNMENT(.z_deferred_init))
                0x0000000000005fc4                __deferred_init_list_end = .

device_area     0x0000000000005fc4       0x50
                0x0000000000005fc4                _device_list_start = .
 *(SORT_BY_NAME(SORT_BY_ALIGNMENT(._device.static.*_?_*)))
 *(SORT_BY_NAME(SORT_BY_ALIGNMENT(._device.static.*_??_*)))
 ._device.static.1_30_
                0x0000000000005fc4       0x14 zephyr/drivers/clock_control/libdrivers__clock_control.a(clock_control_nrf.c.obj)
                0x0000000000005fc4                __device_dts_ord_83
 ._device.static.1_40_
                0x0000000000005fd8       0x28 zephyr/drivers/gpio/libdrivers__gpio.a(gpio_nrfx.c.obj)
                0x0000000000005fd8                __device_dts_ord_12
                0x0000000000005fec                __device_dts_ord_11
 ._device.static.1_50_
                0x0000000000006000       0x14 zephyr/drivers/serial/libdrivers__serial.a(uart_nrfx_uarte.c.obj)
                0x0000000000006000                __device_dts_ord_121
                0x0000000000006014                _device_list_end = .

sw_isr_table    0x0000000000006014      0x228
                0x0000000000006014                . = ALIGN (0x4)
 *(SORT_BY_ALIGNMENT(.gnu.linkonce.sw_isr_table*))
 .gnu.linkonce.sw_isr_table
                0x0000000000006014      0x228 zephyr/CMakeFiles/zephyr_final.dir/isr_tables.c.obj
                0x0000000000006014                _sw_isr_table

initlevel_error
                0x0000000000005f54        0x0
 *(SORT_BY_NAME(SORT_BY_ALIGNMENT(.z_init_[_A-Z0-9]*)))
                0x0000000000000001                ASSERT ((SIZEOF (initlevel_error) == 0x0), Undefined initialization levels used.)

app_shmem_regions
                0x000000000000623c        0x0
                0x000000000000623c                __app_shmem_regions_start = .
 *(SORT_BY_NAME(SORT_BY_ALIGNMENT(.app_regions.*)))
                0x000000000000623c                __app_shmem_regions_end = .

k_p4wq_initparam_area
                0x000000000000623c        0x0
                0x000000000000623c                _k_p4wq_initparam_list_start = .
 *(SORT_BY_NAME(SORT_BY_ALIGNMENT(._k_p4wq_initparam.static.*)))
                0x000000000000623c                _k_p4wq_initparam_list_end = .

_static_thread_data_area
                0x000000000000623c        0x0
                0x000000000000623c                __static_thread_data_list_start = .
 *(SORT_BY_NAME(SORT_BY_ALIGNMENT(.__static_thread_data.static.*)))
                0x000000000000623c                __static_thread_data_list_end = .

device_deps     0x000000000000623c        0x0
                0x000000000000623c                __device_deps_start = .
 *(SORT_BY_NAME(SORT_BY_ALIGNMENT(.__device_deps_pass2*)))
                0x000000000000623c                __device_deps_end = .

ztest           0x000000000000623c        0x0
                0x000000000000623c                _ztest_expected_result_entry_list_start = .
 *(SORT_BY_NAME(SORT_BY_ALIGNMENT(._ztest_expected_result_entry.static.*)))
                0x000000000000623c                _ztest_expected_result_entry_list_end = .
                0x000000000000623c                _ztest_suite_node_list_start = .
 *(SORT_BY_NAME(SORT_BY_ALIGNMENT(._ztest_suite_node.static.*)))
                0x000000000000623c                _ztest_suite_node_list_end = .
                0x000000000000623c                _ztest_unit_test_list_start = .
 *(SORT_BY_NAME(SORT_BY_ALIGNMENT(._ztest_unit_test.static.*)))
                0x000000000000623c                _ztest_unit_test_list_end = .
                0x000000000000623c                _ztest_test_rule_list_start = .
 *(SORT_BY_NAME(SORT_BY_ALIGNMENT(._ztest_test_rule.static.*)))
                0x000000000000623c                _ztest_test_rule_list_end = .

bt_l2cap_fixed_chan_area
                0x000000000000623c        0x0
                0x000000000000623c                _bt_l2cap_fixed_chan_list_start = .
 *(SORT_BY_NAME(SORT_BY_ALIGNMENT(._bt_l2cap_fixed_chan.static.*)))
                0x000000000000623c                _bt_l2cap_fixed_chan_list_end = .

bt_gatt_service_static_area
                0x000000000000623c        0x0
                0x000000000000623c                _bt_gatt_service_static_list_start = .
 *(SORT_BY_NAME(SORT_BY_ALIGNMENT(._bt_gatt_service_static.static.*)))
                0x000000000000623c                _bt_gatt_service_static_list_end = .

log_strings_area
                0x000000000000623c        0x0
                0x000000000000623c                _log_strings_list_start = .
 *(SORT_BY_NAME(SORT_BY_ALIGNMENT(._log_strings.static.*)))
                0x000000000000623c                _log_strings_list_end = .

log_const_area  0x000000000000623c        0x0
                0x000000000000623c                _log_const_list_start = .
 *(SORT_BY_NAME(SORT_BY_ALIGNMENT(._log_const.static.*)))
                0x000000000000623c                _log_const_list_end = .

log_backend_area
                0x000000000000623c        0x0
                0x000000000000623c                _log_backend_list_start = .
 *(SORT_BY_NAME(SORT_BY_ALIGNMENT(._log_backend.static.*)))
                0x000000000000623c                _log_backend_list_end = .

log_link_area   0x000000000000623c        0x0
                0x000000000000623c                _log_link_list_start = .
 *(SORT_BY_NAME(SORT_BY_ALIGNMENT(._log_link.static.*)))
                0x000000000000623c                _log_link_list_end = .

tracing_backend_area
                0x000000000000623c        0x0
                0x000000000000623c                _tracing_backend_list_start = .
 *(SORT_BY_NAME(SORT_BY_ALIGNMENT(._tracing_backend.static.*)))
                0x000000000000623c                _tracing_backend_list_end = .

zephyr_dbg_info
 *(SORT_BY_ALIGNMENT(.dbg_thread_info))

symbol_to_keep  0x000000000000623c        0x0
                0x000000000000623c                __symbol_to_keep_start = .
 *(SORT_BY_NAME(SORT_BY_ALIGNMENT(.symbol_to_keep*)))
                0x000000000000623c                __symbol_to_keep_end = .

shell_area      0x000000000000623c        0x0
                0x000000000000623c                _shell_list_start = .
 *(SORT_BY_NAME(SORT_BY_ALIGNMENT(._shell.static.*)))
                0x000000000000623c                _shell_list_end = .

shell_root_cmds_area
                0x000000000000623c        0x0
                0x000000000000623c                _shell_root_cmds_list_start = .
 *(SORT_BY_NAME(SORT_BY_ALIGNMENT(._shell_root_cmds.static.*)))
                0x000000000000623c                _shell_root_cmds_list_end = .

shell_subcmds_area
                0x000000000000623c        0x0
                0x000000000000623c                _shell_subcmds_list_start = .
 *(SORT_BY_NAME(SORT_BY_ALIGNMENT(._shell_subcmds.static.*)))
                0x000000000000623c                _shell_subcmds_list_end = .

shell_dynamic_subcmds_area
                0x000000000000623c        0x0
                0x000000000000623c                _shell_dynamic_subcmds_list_start = .
 *(SORT_BY_NAME(SORT_BY_ALIGNMENT(._shell_dynamic_subcmds.static.*)))
                0x000000000000623c                _shell_dynamic_subcmds_list_end = .

cfb_font_area   0x000000000000623c        0x0
                0x000000000000623c                _cfb_font_list_start = .
 *(SORT_BY_NAME(SORT_BY_ALIGNMENT(._cfb_font.static.*)))
                0x000000000000623c                _cfb_font_list_end = .

tdata           0x000000000000623c        0x0
 *(SORT_BY_ALIGNMENT(.tdata) SORT_BY_ALIGNMENT(.tdata.*) SORT_BY_ALIGNMENT(.gnu.linkonce.td.*))

tbss            0x000000000000623c        0x4
 *(SORT_BY_ALIGNMENT(.tbss) SORT_BY_ALIGNMENT(.tbss.*) SORT_BY_ALIGNMENT(.gnu.linkonce.tb.*) SORT_BY_ALIGNMENT(.tcommon))
 .tbss.z_tls_current
                0x000000000000623c        0x4 zephyr/libzephyr.a(thread_entry.c.obj)
                0x000000000000623c                z_tls_current
                0x000000000000623c                PROVIDE (__tdata_start = LOADADDR (tdata))
                0x0000000000000001                PROVIDE (__tdata_align = ALIGNOF (tdata))
                0x0000000000000000                PROVIDE (__tdata_size = (((SIZEOF (tdata) + __tdata_align) - 0x1) & ~ ((__tdata_align - 0x1))))
                [!provide]                        PROVIDE (__tdata_end = (__tdata_start + __tdata_size))
                0x0000000000000004                PROVIDE (__tbss_align = ALIGNOF (tbss))
                [!provide]                        PROVIDE (__tbss_start = ADDR (tbss))
                0x0000000000000004                PROVIDE (__tbss_size = (((SIZEOF (tbss) + __tbss_align) - 0x1) & ~ ((__tbss_align - 0x1))))
                [!provide]                        PROVIDE (__tbss_end = (__tbss_start + __tbss_size))
                [!provide]                        PROVIDE (__tls_start = __tdata_start)
                [!provide]                        PROVIDE (__tls_end = __tbss_end)
                [!provide]                        PROVIDE (__tls_size = (__tbss_end - __tdata_start))

rodata          0x0000000000006240      0x3c0
 *(SORT_BY_ALIGNMENT(.rodata))
 *(SORT_BY_ALIGNMENT(.rodata.*))
 .rodata.delay_machine_code.0
                0x0000000000006240        0x6 zephyr/soc/soc/nrf5340/libsoc__nordic.a(soc.c.obj)
 *fill*         0x0000000000006246        0x2 
 .rodata.mem_attr_region
                0x0000000000006248        0x0 zephyr/libzephyr.a(mem_attr.c.obj)
 .rodata.apis   0x0000000000006248        0x8 zephyr/libzephyr.a(nrf_cc3xx_platform_abort_zephyr.c.obj)
 .rodata.mutexes
                0x0000000000006250       0x14 zephyr/libzephyr.a(nrf_cc3xx_platform_mutex_zephyr.c.obj)
 .rodata.mutex_apis
                0x0000000000006264       0x10 zephyr/libzephyr.a(nrf_cc3xx_platform_mutex_zephyr.c.obj)
 .rodata.static_regions
                0x0000000000006274        0xc zephyr/arch/arch/arm/core/mpu/libarch__arm__core__mpu.a(arm_core_mpu.c.obj)
 .rodata.mpu_config
                0x0000000000006280        0x8 zephyr/arch/arch/arm/core/mpu/libarch__arm__core__mpu.a(arm_mpu_regions.c.obj)
                0x0000000000006280                mpu_config
 .rodata.mpu_regions
                0x0000000000006288       0x20 zephyr/arch/arch/arm/core/mpu/libarch__arm__core__mpu.a(arm_mpu_regions.c.obj)
 .rodata.transitions.0
                0x00000000000062a8        0xc zephyr/soc/soc/nrf5340/libsoc__nordic.a(nrf53_cpunet_mgmt.c.obj)
 .rodata.transitions.0
                0x00000000000062b4        0xc zephyr/drivers/clock_control/libdrivers__clock_control.a(clock_control_nrf.c.obj)
 .rodata.config
                0x00000000000062c0       0x20 zephyr/drivers/clock_control/libdrivers__clock_control.a(clock_control_nrf.c.obj)
 .rodata.clock_control_api
                0x00000000000062e0       0x1c zephyr/drivers/clock_control/libdrivers__clock_control.a(clock_control_nrf.c.obj)
 .rodata.gpio_nrfx_p1_cfg
                0x00000000000062fc       0x18 zephyr/drivers/gpio/libdrivers__gpio.a(gpio_nrfx.c.obj)
 .rodata.gpio_nrfx_p0_cfg
                0x0000000000006314       0x18 zephyr/drivers/gpio/libdrivers__gpio.a(gpio_nrfx.c.obj)
 .rodata.gpio_nrfx_drv_api_funcs
                0x000000000000632c       0x24 zephyr/drivers/gpio/libdrivers__gpio.a(gpio_nrfx.c.obj)
 .rodata.uarte_0z_config
                0x0000000000006350       0x10 zephyr/drivers/serial/libdrivers__serial.a(uart_nrfx_uarte.c.obj)
 .rodata.__pinctrl_dev_config__device_dts_ord_121
                0x0000000000006360        0xc zephyr/drivers/serial/libdrivers__serial.a(uart_nrfx_uarte.c.obj)
 .rodata.__pinctrl_states__device_dts_ord_121
                0x000000000000636c        0x8 zephyr/drivers/serial/libdrivers__serial.a(uart_nrfx_uarte.c.obj)
 .rodata.__pinctrl_state_pins_0__device_dts_ord_121
                0x0000000000006374       0x10 zephyr/drivers/serial/libdrivers__serial.a(uart_nrfx_uarte.c.obj)
 .rodata.uart_nrfx_uarte_driver_api
                0x0000000000006384        0xc zephyr/drivers/serial/libdrivers__serial.a(uart_nrfx_uarte.c.obj)
 .rodata.levels.0
                0x0000000000006390       0x18 zephyr/kernel/libkernel.a(init.c.obj)
 .rodata.CSWTCH.10
                0x00000000000063a8       0x20 /Users/zhangjiaqi/ncs/v2.7.0/nrfxlib/crypto/nrf_cc312_platform/lib/cortex-m33/soft-float/no-interrupts/libnrf_cc312_platform_0.9.19.a(nrf_cc3xx_platform.c.obj)
 .rodata.mutex_free.str1.4
                0x00000000000063c8       0x26 /Users/zhangjiaqi/ncs/v2.7.0/nrfxlib/crypto/nrf_cc312_platform/lib/cortex-m33/soft-float/no-interrupts/libnrf_cc312_platform_0.9.19.a(nrf_cc3xx_platform_mutex.c.obj)
 *fill*         0x00000000000063ee        0x2 
 .rodata.mutex_init.str1.4
                0x00000000000063f0       0x23 /Users/zhangjiaqi/ncs/v2.7.0/nrfxlib/crypto/nrf_cc312_platform/lib/cortex-m33/soft-float/no-interrupts/libnrf_cc312_platform_0.9.19.a(nrf_cc3xx_platform_mutex.c.obj)
 *fill*         0x0000000000006413        0x1 
 .rodata.CC_PalPowerSaveModeInit.str1.4
                0x0000000000006414       0x20 /Users/zhangjiaqi/ncs/v2.7.0/nrfxlib/crypto/nrf_cc312_platform/lib/cortex-m33/soft-float/no-interrupts/libnrf_cc312_platform_0.9.19.a(cc_pal_pm.c.obj)
 .rodata.main.str1.1
                0x0000000000006434       0x81 app/libapp.a(main.c.obj)
 .rodata.boot_banner.str1.1
                0x00000000000064b5       0x63 zephyr/libzephyr.a(banner.c.obj)
 .rodata.mutex_free_platform.str1.1
                0x0000000000006518       0x26 zephyr/libzephyr.a(nrf_cc3xx_platform_mutex_zephyr.c.obj)
 .rodata.mutex_init_platform.str1.1
                0x000000000000653e       0x2d zephyr/libzephyr.a(nrf_cc3xx_platform_mutex_zephyr.c.obj)
 .rodata.str1.1
                0x000000000000656b        0xf zephyr/arch/arch/arm/core/mpu/libarch__arm__core__mpu.a(arm_mpu_regions.c.obj)
 .rodata.CSWTCH.4
                0x000000000000657a        0x4 zephyr/soc/soc/nrf5340/libsoc__nordic.a(nrf53_cpunet_mgmt.c.obj)
 .rodata.str1.1
                0x000000000000657e        0xb zephyr/drivers/clock_control/libdrivers__clock_control.a(clock_control_nrf.c.obj)
 .rodata.str1.1
                0x0000000000006589       0x18 zephyr/drivers/gpio/libdrivers__gpio.a(gpio_nrfx.c.obj)
 .rodata.drive_modes
                0x00000000000065a1        0x9 zephyr/drivers/pinctrl/libdrivers__pinctrl.a(pinctrl_nrf.c.obj)
 .rodata.str1.1
                0x00000000000065aa        0xa zephyr/drivers/serial/libdrivers__serial.a(uart_nrfx_uarte.c.obj)
 .rodata.CSWTCH.17
                0x00000000000065b4        0x4 modules/hal_nordic/nrfx/libmodules__hal_nordic__nrfx.a(system_nrf5340_application.c.obj)
 .rodata.CSWTCH.5
                0x00000000000065b8        0x4 modules/hal_nordic/nrfx/libmodules__hal_nordic__nrfx.a(system_nrf5340_application.c.obj)
 .rodata.CSWTCH.3
                0x00000000000065bc        0x4 modules/hal_nordic/nrfx/libmodules__hal_nordic__nrfx.a(system_nrf5340_application.c.obj)
 .rodata.port_offset.1
                0x00000000000065c0       0x10 modules/hal_nordic/nrfx/libmodules__hal_nordic__nrfx.a(nrfx_gpiote.c.obj)
 .rodata.ports  0x00000000000065d0        0x2 modules/hal_nordic/nrfx/libmodules__hal_nordic__nrfx.a(nrfx_gpiote.c.obj)
 .rodata._DoInit.str1.1
                0x00000000000065d2        0x9 modules/segger/libmodules__segger.a(SEGGER_RTT.c.obj)
 .rodata._aInitStr.0
                0x00000000000065db       0x11 modules/segger/libmodules__segger.a(SEGGER_RTT.c.obj)
 .rodata.z_cstart.str1.1
                0x00000000000065ec        0x5 zephyr/kernel/libkernel.a(init.c.obj)
 .rodata.__l_vfprintf.str1.1
                0x00000000000065f1        0xf /opt/nordic/ncs/toolchains/f8037e9b83/opt/zephyr-sdk/arm-zephyr-eabi/bin/../lib/gcc/../../picolibc/arm-zephyr-eabi/lib/thumb/v8-m.main/nofp/libc.a(libc_tinystdio_vflprintf.c.o)
 *(SORT_BY_ALIGNMENT(.gnu.linkonce.r.*))
                0x0000000000006600                . = ALIGN (0x4)
                0x0000000000006600                __rodata_region_end = .
                0x0000000000006600                . = ALIGN (_region_min_align)
                0x0000000000006600                __rom_region_end = ((__rom_region_start + .) - ADDR (rom_start))

/DISCARD/
 *(SORT_BY_ALIGNMENT(.got.plt))
 *(SORT_BY_ALIGNMENT(.igot.plt))
 *(SORT_BY_ALIGNMENT(.got))
 *(SORT_BY_ALIGNMENT(.igot))
                0x0000000020000000                . = 0x20000000
                0x0000000020000000                . = ALIGN (_region_min_align)
                0x0000000020000000                _image_ram_start = .

.ramfunc        0x0000000020000000        0x0 load address 0x0000000000006600
                0x0000000020000000                . = ALIGN (_region_min_align)
                0x0000000020000000                __ramfunc_start = .
 *(SORT_BY_ALIGNMENT(.ramfunc))
 *(SORT_BY_ALIGNMENT(.ramfunc.*))
                0x0000000020000000                . = ALIGN (_region_min_align)
                0x0000000020000000                __ramfunc_end = .
                0x0000000000000000                __ramfunc_size = (__ramfunc_end - __ramfunc_start)
                0x0000000000006600                __ramfunc_load_start = LOADADDR (.ramfunc)

datas           0x0000000020000000      0x134 load address 0x0000000000006600
                0x0000000020000000                __data_region_start = .
                0x0000000020000000                __data_start = .
 *(SORT_BY_ALIGNMENT(.data))
 *(SORT_BY_ALIGNMENT(.data.*))
 .data._char_out
                0x0000000020000000        0x4 zephyr/libzephyr.a(printk.c.obj)
                0x0000000020000000                _char_out
 .data.power_mutex
                0x0000000020000004        0x8 zephyr/libzephyr.a(nrf_cc3xx_platform_mutex_zephyr.c.obj)
 .data.rng_mutex
                0x000000002000000c        0x8 zephyr/libzephyr.a(nrf_cc3xx_platform_mutex_zephyr.c.obj)
 .data.asym_mutex
                0x0000000020000014        0x8 zephyr/libzephyr.a(nrf_cc3xx_platform_mutex_zephyr.c.obj)
 .data.sym_mutex
                0x000000002000001c        0x8 zephyr/libzephyr.a(nrf_cc3xx_platform_mutex_zephyr.c.obj)
 .data.uarte_0_data
                0x0000000020000024       0x1c zephyr/drivers/serial/libdrivers__serial.a(uart_nrfx_uarte.c.obj)
 .data.SystemCoreClock
                0x0000000020000040        0x4 modules/hal_nordic/nrfx/libmodules__hal_nordic__nrfx.a(system_nrf5340_application.c.obj)
                0x0000000020000040                SystemCoreClock
 .data.m_allocated_channels
                0x0000000020000044        0x4 modules/hal_nordic/nrfx/libmodules__hal_nordic__nrfx.a(nrfx_dppi.c.obj)
 .data.m_cb     0x0000000020000048       0x84 modules/hal_nordic/nrfx/libmodules__hal_nordic__nrfx.a(nrfx_gpiote.c.obj)
 .data.timeout_list
                0x00000000200000cc        0x8 zephyr/kernel/libkernel.a(timeout.c.obj)
 .data.platform_abort_apis
                0x00000000200000d4        0x8 /Users/zhangjiaqi/ncs/v2.7.0/nrfxlib/crypto/nrf_cc312_platform/lib/cortex-m33/soft-float/no-interrupts/libnrf_cc312_platform_0.9.19.a(nrf_cc3xx_platform_abort.c.obj)
                0x00000000200000d4                platform_abort_apis
 .data.platform_mutexes
                0x00000000200000dc       0x14 /Users/zhangjiaqi/ncs/v2.7.0/nrfxlib/crypto/nrf_cc312_platform/lib/cortex-m33/soft-float/no-interrupts/libnrf_cc312_platform_0.9.19.a(nrf_cc3xx_platform_mutex.c.obj)
                0x00000000200000dc                platform_mutexes
 .data.platform_mutex_apis
                0x00000000200000f0       0x10 /Users/zhangjiaqi/ncs/v2.7.0/nrfxlib/crypto/nrf_cc312_platform/lib/cortex-m33/soft-float/no-interrupts/libnrf_cc312_platform_0.9.19.a(nrf_cc3xx_platform_mutex.c.obj)
                0x00000000200000f0                platform_mutex_apis
 .data.power_mutex
                0x0000000020000100        0x8 /Users/zhangjiaqi/ncs/v2.7.0/nrfxlib/crypto/nrf_cc312_platform/lib/cortex-m33/soft-float/no-interrupts/libnrf_cc312_platform_0.9.19.a(nrf_cc3xx_platform_mutex.c.obj)
 .data.rng_mutex
                0x0000000020000108        0x8 /Users/zhangjiaqi/ncs/v2.7.0/nrfxlib/crypto/nrf_cc312_platform/lib/cortex-m33/soft-float/no-interrupts/libnrf_cc312_platform_0.9.19.a(nrf_cc3xx_platform_mutex.c.obj)
 .data.asym_mutex
                0x0000000020000110        0x8 /Users/zhangjiaqi/ncs/v2.7.0/nrfxlib/crypto/nrf_cc312_platform/lib/cortex-m33/soft-float/no-interrupts/libnrf_cc312_platform_0.9.19.a(nrf_cc3xx_platform_mutex.c.obj)
 .data.sym_mutex
                0x0000000020000118        0x8 /Users/zhangjiaqi/ncs/v2.7.0/nrfxlib/crypto/nrf_cc312_platform/lib/cortex-m33/soft-float/no-interrupts/libnrf_cc312_platform_0.9.19.a(nrf_cc3xx_platform_mutex.c.obj)
 .data.pCCRndCryptoMutex
                0x0000000020000120        0x4 /Users/zhangjiaqi/ncs/v2.7.0/nrfxlib/crypto/nrf_cc312_platform/lib/cortex-m33/soft-float/no-interrupts/libnrf_cc312_platform_0.9.19.a(cc_pal.c.obj)
                0x0000000020000120                pCCRndCryptoMutex
 .data.CCPowerMutex
                0x0000000020000124        0x4 /Users/zhangjiaqi/ncs/v2.7.0/nrfxlib/crypto/nrf_cc312_platform/lib/cortex-m33/soft-float/no-interrupts/libnrf_cc312_platform_0.9.19.a(cc_pal.c.obj)
                0x0000000020000124                CCPowerMutex
 .data.CCRndCryptoMutex
                0x0000000020000128        0x4 /Users/zhangjiaqi/ncs/v2.7.0/nrfxlib/crypto/nrf_cc312_platform/lib/cortex-m33/soft-float/no-interrupts/libnrf_cc312_platform_0.9.19.a(cc_pal.c.obj)
                0x0000000020000128                CCRndCryptoMutex
 .data.CCAsymCryptoMutex
                0x000000002000012c        0x4 /Users/zhangjiaqi/ncs/v2.7.0/nrfxlib/crypto/nrf_cc312_platform/lib/cortex-m33/soft-float/no-interrupts/libnrf_cc312_platform_0.9.19.a(cc_pal.c.obj)
                0x000000002000012c                CCAsymCryptoMutex
 .data.CCSymCryptoMutex
                0x0000000020000130        0x4 /Users/zhangjiaqi/ncs/v2.7.0/nrfxlib/crypto/nrf_cc312_platform/lib/cortex-m33/soft-float/no-interrupts/libnrf_cc312_platform_0.9.19.a(cc_pal.c.obj)
                0x0000000020000130                CCSymCryptoMutex
 *(SORT_BY_ALIGNMENT(.kernel.*))
                0x0000000020000134                __data_end = .
                0x0000000000000134                __data_size = (__data_end - __data_start)
                0x0000000000006600                __data_load_start = LOADADDR (datas)
                0x0000000000006600                __data_region_load_start = LOADADDR (datas)

device_states   0x0000000020000134        0x8 load address 0x0000000000006734
                0x0000000020000134                __device_states_start = .
 *(SORT_BY_ALIGNMENT(.z_devstate))
 .z_devstate    0x0000000020000134        0x2 zephyr/drivers/clock_control/libdrivers__clock_control.a(clock_control_nrf.c.obj)
 .z_devstate    0x0000000020000136        0x4 zephyr/drivers/gpio/libdrivers__gpio.a(gpio_nrfx.c.obj)
 .z_devstate    0x000000002000013a        0x2 zephyr/drivers/serial/libdrivers__serial.a(uart_nrfx_uarte.c.obj)
 *(SORT_BY_ALIGNMENT(.z_devstate.*))
                0x000000002000013c                __device_states_end = .

log_mpsc_pbuf_area
                0x000000002000013c        0x0 load address 0x000000000000673c
                0x000000002000013c                _log_mpsc_pbuf_list_start = .
 *(SORT_BY_NAME(SORT_BY_ALIGNMENT(._log_mpsc_pbuf.static.*)))
                0x000000002000013c                _log_mpsc_pbuf_list_end = .

log_msg_ptr_area
                0x000000002000013c        0x0 load address 0x000000000000673c
                0x000000002000013c                _log_msg_ptr_list_start = .
 *(SORT_BY_NAME(SORT_BY_ALIGNMENT(._log_msg_ptr.static.*)))
                0x000000002000013c                _log_msg_ptr_list_end = .

log_dynamic_area
                0x000000002000013c        0x0 load address 0x000000000000673c
                0x000000002000013c                _log_dynamic_list_start = .
 *(SORT_BY_NAME(SORT_BY_ALIGNMENT(._log_dynamic.static.*)))
                0x000000002000013c                _log_dynamic_list_end = .

k_timer_area    0x000000002000013c        0x0 load address 0x000000000000673c
                0x000000002000013c                _k_timer_list_start = .
 *(SORT_BY_NAME(SORT_BY_ALIGNMENT(._k_timer.static.*)))
                0x000000002000013c                _k_timer_list_end = .

k_mem_slab_area
                0x000000002000013c        0x0 load address 0x000000000000673c
                0x000000002000013c                _k_mem_slab_list_start = .
 *(SORT_BY_NAME(SORT_BY_ALIGNMENT(._k_mem_slab.static.*)))
                0x000000002000013c                _k_mem_slab_list_end = .

k_heap_area     0x000000002000013c       0x14 load address 0x000000000000673c
                0x000000002000013c                _k_heap_list_start = .
 *(SORT_BY_NAME(SORT_BY_ALIGNMENT(._k_heap.static.*)))
 ._k_heap.static._system_heap_
                0x000000002000013c       0x14 zephyr/kernel/libkernel.a(mempool.c.obj)
                0x000000002000013c                _system_heap
                0x0000000020000150                _k_heap_list_end = .

k_mutex_area    0x0000000020000150       0x50 load address 0x0000000000006750
                0x0000000020000150                _k_mutex_list_start = .
 *(SORT_BY_NAME(SORT_BY_ALIGNMENT(._k_mutex.static.*)))
 ._k_mutex.static.asym_mutex_int_
                0x0000000020000150       0x14 zephyr/libzephyr.a(nrf_cc3xx_platform_mutex_zephyr.c.obj)
                0x0000000020000150                asym_mutex_int
 ._k_mutex.static.power_mutex_int_
                0x0000000020000164       0x14 zephyr/libzephyr.a(nrf_cc3xx_platform_mutex_zephyr.c.obj)
                0x0000000020000164                power_mutex_int
 ._k_mutex.static.rng_mutex_int_
                0x0000000020000178       0x14 zephyr/libzephyr.a(nrf_cc3xx_platform_mutex_zephyr.c.obj)
                0x0000000020000178                rng_mutex_int
 ._k_mutex.static.sym_mutex_int_
                0x000000002000018c       0x14 zephyr/libzephyr.a(nrf_cc3xx_platform_mutex_zephyr.c.obj)
                0x000000002000018c                sym_mutex_int
                0x00000000200001a0                _k_mutex_list_end = .

k_stack_area    0x00000000200001a0        0x0 load address 0x00000000000067a0
                0x00000000200001a0                _k_stack_list_start = .
 *(SORT_BY_NAME(SORT_BY_ALIGNMENT(._k_stack.static.*)))
                0x00000000200001a0                _k_stack_list_end = .

k_msgq_area     0x00000000200001a0        0x0 load address 0x00000000000067a0
                0x00000000200001a0                _k_msgq_list_start = .
 *(SORT_BY_NAME(SORT_BY_ALIGNMENT(._k_msgq.static.*)))
                0x00000000200001a0                _k_msgq_list_end = .

k_mbox_area     0x00000000200001a0        0x0 load address 0x00000000000067a0
                0x00000000200001a0                _k_mbox_list_start = .
 *(SORT_BY_NAME(SORT_BY_ALIGNMENT(._k_mbox.static.*)))
                0x00000000200001a0                _k_mbox_list_end = .

k_pipe_area     0x00000000200001a0        0x0 load address 0x00000000000067a0
                0x00000000200001a0                _k_pipe_list_start = .
 *(SORT_BY_NAME(SORT_BY_ALIGNMENT(._k_pipe.static.*)))
                0x00000000200001a0                _k_pipe_list_end = .

k_sem_area      0x00000000200001a0        0x0 load address 0x00000000000067a0
                0x00000000200001a0                _k_sem_list_start = .
 *(SORT_BY_NAME(SORT_BY_ALIGNMENT(._k_sem.static.*)))
                0x00000000200001a0                _k_sem_list_end = .

k_event_area    0x00000000200001a0        0x0 load address 0x00000000000067a0
                0x00000000200001a0                _k_event_list_start = .
 *(SORT_BY_NAME(SORT_BY_ALIGNMENT(._k_event.static.*)))
                0x00000000200001a0                _k_event_list_end = .

k_queue_area    0x00000000200001a0        0x0 load address 0x00000000000067a0
                0x00000000200001a0                _k_queue_list_start = .
 *(SORT_BY_NAME(SORT_BY_ALIGNMENT(._k_queue.static.*)))
                0x00000000200001a0                _k_queue_list_end = .

k_fifo_area     0x00000000200001a0        0x0 load address 0x00000000000067a0
                0x00000000200001a0                _k_fifo_list_start = .
 *(SORT_BY_NAME(SORT_BY_ALIGNMENT(._k_fifo.static.*)))
                0x00000000200001a0                _k_fifo_list_end = .

k_lifo_area     0x00000000200001a0        0x0 load address 0x00000000000067a0
                0x00000000200001a0                _k_lifo_list_start = .
 *(SORT_BY_NAME(SORT_BY_ALIGNMENT(._k_lifo.static.*)))
                0x00000000200001a0                _k_lifo_list_end = .

k_condvar_area  0x00000000200001a0        0x0 load address 0x00000000000067a0