Archive member included to satisfy reference by file (symbol)

app/libapp.a(main.c.obj)      (--whole-archive)
zephyr/libzephyr.a(heap.c.obj)
                              (--whole-archive)
zephyr/libzephyr.a(cbprintf_packaged.c.obj)
                              (--whole-archive)
zephyr/libzephyr.a(printk.c.obj)
                              (--whole-archive)
zephyr/libzephyr.a(sem.c.obj)
                              (--whole-archive)
zephyr/libzephyr.a(thread_entry.c.obj)
                              (--whole-archive)
zephyr/libzephyr.a(cbprintf_complete.c.obj)
                              (--whole-archive)
zephyr/libzephyr.a(assert.c.obj)
                              (--whole-archive)
zephyr/libzephyr.a(dec.c.obj)
                              (--whole-archive)
zephyr/libzephyr.a(hex.c.obj)
                              (--whole-archive)
zephyr/libzephyr.a(rb.c.obj)  (--whole-archive)
zephyr/libzephyr.a(timeutil.c.obj)
                              (--whole-archive)
zephyr/libzephyr.a(bitarray.c.obj)
                              (--whole-archive)
zephyr/libzephyr.a(onoff.c.obj)
                              (--whole-archive)
zephyr/libzephyr.a(notify.c.obj)
                              (--whole-archive)
zephyr/libzephyr.a(configs.c.obj)
                              (--whole-archive)
zephyr/libzephyr.a(log_core.c.obj)
                              (--whole-archive)
zephyr/libzephyr.a(log_mgmt.c.obj)
                              (--whole-archive)
zephyr/libzephyr.a(log_cache.c.obj)
                              (--whole-archive)
zephyr/libzephyr.a(log_msg.c.obj)
                              (--whole-archive)
zephyr/libzephyr.a(log_output.c.obj)
                              (--whole-archive)
zephyr/libzephyr.a(log_backend_uart.c.obj)
                              (--whole-archive)
zephyr/libzephyr.a(mem_attr.c.obj)
                              (--whole-archive)
zephyr/libzephyr.a(tracing_none.c.obj)
                              (--whole-archive)
zephyr/libzephyr.a(banner.c.obj)
                              (--whole-archive)
zephyr/libzephyr.a(nrf_cc3xx_platform_abort_zephyr.c.obj)
                              (--whole-archive)
zephyr/libzephyr.a(nrf_cc3xx_platform_mutex_zephyr.c.obj)
                              (--whole-archive)
zephyr/arch/common/libarch__common.a(sw_isr_common.c.obj)
                              (--whole-archive)
zephyr/arch/common/libarch__common.a(dynamic_isr.c.obj)
                              (--whole-archive)
zephyr/arch/arch/arm/core/libarch__arm__core.a(fatal.c.obj)
                              (--whole-archive)
zephyr/arch/arch/arm/core/libarch__arm__core.a(nmi.c.obj)
                              (--whole-archive)
zephyr/arch/arch/arm/core/libarch__arm__core.a(nmi_on_reset.S.obj)
                              (--whole-archive)
zephyr/arch/arch/arm/core/libarch__arm__core.a(tls.c.obj)
                              (--whole-archive)
zephyr/arch/arch/arm/core/cortex_m/libarch__arm__core__cortex_m.a(exc_exit.c.obj)
                              (--whole-archive)
zephyr/arch/arch/arm/core/cortex_m/libarch__arm__core__cortex_m.a(fault.c.obj)
                              (--whole-archive)
zephyr/arch/arch/arm/core/cortex_m/libarch__arm__core__cortex_m.a(fault_s.S.obj)
                              (--whole-archive)
zephyr/arch/arch/arm/core/cortex_m/libarch__arm__core__cortex_m.a(fpu.c.obj)
                              (--whole-archive)
zephyr/arch/arch/arm/core/cortex_m/libarch__arm__core__cortex_m.a(reset.S.obj)
                              (--whole-archive)
zephyr/arch/arch/arm/core/cortex_m/libarch__arm__core__cortex_m.a(scb.c.obj)
                              (--whole-archive)
zephyr/arch/arch/arm/core/cortex_m/libarch__arm__core__cortex_m.a(thread_abort.c.obj)
                              (--whole-archive)
zephyr/arch/arch/arm/core/cortex_m/libarch__arm__core__cortex_m.a(vector_table.S.obj)
                              (--whole-archive)
zephyr/arch/arch/arm/core/cortex_m/libarch__arm__core__cortex_m.a(swap.c.obj)
                              (--whole-archive)
zephyr/arch/arch/arm/core/cortex_m/libarch__arm__core__cortex_m.a(swap_helper.S.obj)
                              (--whole-archive)
zephyr/arch/arch/arm/core/cortex_m/libarch__arm__core__cortex_m.a(irq_manage.c.obj)
                              (--whole-archive)
zephyr/arch/arch/arm/core/cortex_m/libarch__arm__core__cortex_m.a(prep_c.c.obj)
                              (--whole-archive)
zephyr/arch/arch/arm/core/cortex_m/libarch__arm__core__cortex_m.a(thread.c.obj)
                              (--whole-archive)
zephyr/arch/arch/arm/core/cortex_m/libarch__arm__core__cortex_m.a(cpu_idle.c.obj)
                              (--whole-archive)
zephyr/arch/arch/arm/core/cortex_m/libarch__arm__core__cortex_m.a(irq_init.c.obj)
                              (--whole-archive)
zephyr/arch/arch/arm/core/cortex_m/libarch__arm__core__cortex_m.a(isr_wrapper.c.obj)
[...]
Memory Configuration

Name             Origin             Length             Attributes
FLASH            0x0000000000000000 0x0000000000100000 xr
RAM              0x0000000020000000 0x0000000000070000 xw
IDT_LIST         0x00000000ffff7fff 0x0000000000008000 xw
*default*        0x0000000000000000 0xffffffffffffffff

Linker script and memory map

                0x0000000000005904                vfprintf = __l_vfprintf
                0x0000000000000000                vfscanf = __l_vfscanf
LOAD zephyr/CMakeFiles/zephyr_pre0.dir/misc/empty_file.c.obj
LOAD zephyr/CMakeFiles/offsets.dir/./arch/arm/core/offsets/offsets.c.obj
LOAD app/libapp.a
LOAD zephyr/libzephyr.a
LOAD zephyr/arch/common/libarch__common.a
LOAD zephyr/arch/arch/arm/core/libarch__arm__core.a
LOAD zephyr/arch/arch/arm/core/cortex_m/libarch__arm__core__cortex_m.a
LOAD zephyr/arch/arch/arm/core/cortex_m/cmse/libarch__arm__core__cortex_m__cmse.a
LOAD zephyr/arch/arch/arm/core/mpu/libarch__arm__core__mpu.a
LOAD zephyr/lib/libc/picolibc/liblib__libc__picolibc.a
LOAD zephyr/lib/libc/common/liblib__libc__common.a
LOAD zephyr/soc/soc/nrf5340/libsoc__nordic.a
LOAD zephyr/drivers/clock_control/libdrivers__clock_control.a
LOAD zephyr/drivers/console/libdrivers__console.a
LOAD zephyr/drivers/gpio/libdrivers__gpio.a
LOAD zephyr/drivers/mbox/libdrivers__mbox.a
LOAD zephyr/drivers/pinctrl/libdrivers__pinctrl.a
LOAD zephyr/drivers/serial/libdrivers__serial.a
LOAD zephyr/drivers/timer/libdrivers__timer.a
LOAD modules/nrf/drivers/hw_cc3xx/lib..__nrf__drivers__hw_cc3xx.a
LOAD modules/hal_nordic/nrfx/libmodules__hal_nordic__nrfx.a
LOAD zephyr/kernel/libkernel.a
LOAD /opt/nordic/ncs/toolchains/f8037e9b83/opt/zephyr-sdk/arm-zephyr-eabi/bin/../lib/gcc/arm-zephyr-eabi/12.2.0/thumb/v8-m.main/nofp/libgcc.a
LOAD zephyr/arch/common/libisr_tables.a
LOAD /Users/zhangjiaqi/ncs/v2.7.0/nrfxlib/crypto/nrf_cc312_platform/lib/cortex-m33/soft-float/no-interrupts/libnrf_cc312_platform_0.9.19.a
LOAD /opt/nordic/ncs/toolchains/f8037e9b83/opt/zephyr-sdk/arm-zephyr-eabi/bin/../lib/gcc/../../picolibc/arm-zephyr-eabi/lib/thumb/v8-m.main/nofp/libc.a
LOAD /opt/nordic/ncs/toolchains/f8037e9b83/opt/zephyr-sdk/arm-zephyr-eabi/bin/../lib/gcc/arm-zephyr-eabi/12.2.0/thumb/v8-m.main/nofp/libgcc.a
                0x0000000000000020                _region_min_align = 0x20

.rel.plt        0x0000000000000000        0x0
 *(SORT_BY_ALIGNMENT(.rel.plt))
                [!provide]                        PROVIDE (__rel_iplt_start = .)
 *(SORT_BY_ALIGNMENT(.rel.iplt))
 .rel.iplt      0x0000000000000000        0x0 app/libapp.a(main.c.obj)
                [!provide]                        PROVIDE (__rel_iplt_end = .)

.rela.plt       0x0000000000000000        0x0
 *(SORT_BY_ALIGNMENT(.rela.plt))
                [!provide]                        PROVIDE (__rela_iplt_start = .)
 *(SORT_BY_ALIGNMENT(.rela.iplt))
                [!provide]                        PROVIDE (__rela_iplt_end = .)

.rel.dyn
 *(SORT_BY_ALIGNMENT(.rel.*))

.rela.dyn
 *(SORT_BY_ALIGNMENT(.rela.*))

/DISCARD/
 *(SORT_BY_ALIGNMENT(.plt))

/DISCARD/
 *(SORT_BY_ALIGNMENT(.iplt))
                0x0000000000000000                __rom_region_start = 0x0

rom_start       0x0000000000000000      0x154
                0x0000000000000000                __rom_start_address = .
 FILL mask 0x00
                0x0000000000000000                . = (. + (0x0 - (. - __rom_start_address)))
                0x0000000000000000                . = ALIGN (0x4)
                0x0000000000000000                . = ALIGN (0x80)
                0x0000000000000000                . = ALIGN (0x200)
                0x0000000000000000                _vector_start = .
 *(SORT_BY_ALIGNMENT(.exc_vector_table))
 *(SORT_BY_ALIGNMENT(.exc_vector_table.*))
 .exc_vector_table._vector_table_section
                0x0000000000000000       0x40 zephyr/arch/arch/arm/core/cortex_m/libarch__arm__core__cortex_m.a(vector_table.S.obj)
                0x0000000000000000                _vector_table
 *(SORT_BY_ALIGNMENT(.vectors))
                0x0000000000000154                _vector_end = .
                0x0000000000000040                . = ALIGN (0x4)
 *(SORT_BY_ALIGNMENT(.gnu.linkonce.irq_vector_table*))
 .gnu.linkonce.irq_vector_table
                0x0000000000000040      0x114 zephyr/arch/common/libisr_tables.a(isr_tables.c.obj)
                0x0000000000000040                _irq_vector_table
                0x0000000000000154                _vector_end = .

text            0x0000000000000154     0x6d54
                0x0000000000000154                __text_region_start = .
 *(SORT_BY_ALIGNMENT(.text))
 .text          0x0000000000000154       0x10 /opt/nordic/ncs/toolchains/f8037e9b83/opt/zephyr-sdk/arm-zephyr-eabi/bin/../lib/gcc/../../picolibc/arm-zephyr-eabi/lib/thumb/v8-m.main/nofp/libc.a(strlen.S.o)
                0x0000000000000154                strlen
 *(SORT_BY_ALIGNMENT(.text.*))
 .text.pdm_handler
                0x0000000000000164       0x4c app/libapp.a(main.c.obj)
 .text.main     0x00000000000001b0      0x150 app/libapp.a(main.c.obj)
                0x00000000000001b0                main
 .text.cbvprintf_package
                0x0000000000000300      0x3a4 zephyr/libzephyr.a(cbprintf_packaged.c.obj)
                0x0000000000000300                cbvprintf_package
 .text.__printk_hook_install
                0x00000000000006a4        0xc zephyr/libzephyr.a(printk.c.obj)
                0x00000000000006a4                __printk_hook_install
 .text.z_thread_entry
                0x00000000000006b0       0x34 zephyr/libzephyr.a(thread_entry.c.obj)
                0x00000000000006b0                z_thread_entry
 .text.process_event
                0x00000000000006e4      0x21c zephyr/libzephyr.a(onoff.c.obj)
 .text.z_log_init.isra.0
                0x0000000000000900       0xd0 zephyr/libzephyr.a(log_core.c.obj)
 .text.log_format_func_t_get
                0x00000000000009d0        0xc zephyr/libzephyr.a(log_core.c.obj)
                0x00000000000009d0                log_format_func_t_get
 .text.log_set_timestamp_func
                0x00000000000009dc       0x20 zephyr/libzephyr.a(log_core.c.obj)
                0x00000000000009dc                log_set_timestamp_func
 .text.log_core_init
                0x00000000000009fc       0x28 zephyr/libzephyr.a(log_core.c.obj)
                0x00000000000009fc                log_core_init
 .text.z_impl_log_panic
                0x0000000000000a24       0x3c zephyr/libzephyr.a(log_core.c.obj)
                0x0000000000000a24                z_impl_log_panic
 .text.z_log_dropped
                0x0000000000000a60       0x28 zephyr/libzephyr.a(log_core.c.obj)
                0x0000000000000a60                z_log_dropped
 .text.z_log_msg_commit
                0x0000000000000a88       0x38 zephyr/libzephyr.a(log_core.c.obj)
                0x0000000000000a88                z_log_msg_commit
 .text.log_source_name_get
                0x0000000000000ac0       0x1c zephyr/libzephyr.a(log_mgmt.c.obj)
                0x0000000000000ac0                log_source_name_get
 .text.log_backend_enable
                0x0000000000000adc       0x28 zephyr/libzephyr.a(log_mgmt.c.obj)
                0x0000000000000adc                log_backend_enable
 .text.z_log_msg_runtime_vcreate
                0x0000000000000b04       0x8c zephyr/libzephyr.a(log_msg.c.obj)
                0x0000000000000b04                z_log_msg_runtime_vcreate
 .text.log_msg_get_source_id
                0x0000000000000b90       0x18 zephyr/libzephyr.a(log_msg.c.obj)
                0x0000000000000b90                log_msg_get_source_id
 .text.print_formatted
                0x0000000000000ba8       0x24 zephyr/libzephyr.a(log_output.c.obj)
 .text.newline_print
                0x0000000000000bcc       0x1c zephyr/libzephyr.a(log_output.c.obj)
 .text.log_output_process
                0x0000000000000be8      0x2d4 zephyr/libzephyr.a(log_output.c.obj)
                0x0000000000000be8                log_output_process
 .text.log_output_timestamp_freq_set
                0x0000000000000ebc       0x2c zephyr/libzephyr.a(log_output.c.obj)
                0x0000000000000ebc                log_output_timestamp_freq_set
 .text.char_out
                0x0000000000000ee8       0x24 zephyr/libzephyr.a(log_backend_uart.c.obj)
 .text.mem_attr_get_regions
                0x0000000000000f0c        0xc zephyr/libzephyr.a(mem_attr.c.obj)
                0x0000000000000f0c                mem_attr_get_regions
 .text.boot_banner
                0x0000000000000f18       0x1c zephyr/libzephyr.a(banner.c.obj)
                0x0000000000000f18                boot_banner
 .text.nrf_cc3xx_platform_abort_init
                0x0000000000000f34        0xc zephyr/libzephyr.a(nrf_cc3xx_platform_abort_zephyr.c.obj)
                0x0000000000000f34                nrf_cc3xx_platform_abort_init
 .text.mutex_free_platform
                0x0000000000000f40       0x54 zephyr/libzephyr.a(nrf_cc3xx_platform_mutex_zephyr.c.obj)
 .text.mutex_lock_platform
                0x0000000000000f94       0x74 zephyr/libzephyr.a(nrf_cc3xx_platform_mutex_zephyr.c.obj)
 .text.mutex_unlock_platform
                0x0000000000001008       0x68 zephyr/libzephyr.a(nrf_cc3xx_platform_mutex_zephyr.c.obj)
 .text.mutex_init_platform
                0x0000000000001070       0x94 zephyr/libzephyr.a(nrf_cc3xx_platform_mutex_zephyr.c.obj)
 .text.nrf_cc3xx_platform_mutex_init
                0x0000000000001104       0x2c zephyr/libzephyr.a(nrf_cc3xx_platform_mutex_zephyr.c.obj)
                0x0000000000001104                nrf_cc3xx_platform_mutex_init
 .text.z_arm_fatal_error
                0x0000000000001130       0xc4 zephyr/arch/arch/arm/core/libarch__arm__core.a(fatal.c.obj)
                0x0000000000001130                z_arm_fatal_error
 .text.z_SysNmiOnReset
                0x00000000000011f4        0x8 zephyr/arch/arch/arm/core/libarch__arm__core.a(nmi_on_reset.S.obj)
                0x00000000000011f4                z_SysNmiOnReset
 .text.arch_tls_stack_setup
                0x00000000000011fc       0x40 zephyr/arch/arch/arm/core/libarch__arm__core.a(tls.c.obj)
                0x00000000000011fc                arch_tls_stack_setup
 .text._HandlerModeExit
                0x000000000000123c       0x28 zephyr/arch/arch/arm/core/cortex_m/libarch__arm__core__cortex_m.a(exc_exit.c.obj)
                0x000000000000123c                z_arm_exc_exit
                0x000000000000123c                z_arm_int_exit
 .text.mem_manage_fault.constprop.0
                0x0000000000001264      0x130 zephyr/arch/arch/arm/core/cortex_m/libarch__arm__core__cortex_m.a(fault.c.obj)
 .text.bus_fault.constprop.0
                0x0000000000001394      0x13c zephyr/arch/arch/arm/core/cortex_m/libarch__arm__core__cortex_m.a(fault.c.obj)
 .text.usage_fault.constprop.0
                0x00000000000014d0      0x128 zephyr/arch/arch/arm/core/cortex_m/libarch__arm__core__cortex_m.a(fault.c.obj)
 .text.z_arm_fault
                0x00000000000015f8      0x20c zephyr/arch/arch/arm/core/cortex_m/libarch__arm__core__cortex_m.a(fault.c.obj)
                0x00000000000015f8                z_arm_fault
 .text.z_arm_fault_init
                0x0000000000001804       0x18 zephyr/arch/arch/arm/core/cortex_m/libarch__arm__core__cortex_m.a(fault.c.obj)
                0x0000000000001804                z_arm_fault_init
 .text.__fault  0x000000000000181c       0x14 zephyr/arch/arch/arm/core/cortex_m/libarch__arm__core__cortex_m.a(fault_s.S.obj)
                0x000000000000181c                z_arm_bus_fault
                0x000000000000181c                z_arm_usage_fault
                0x000000000000181c                z_arm_mpu_fault
                0x000000000000181c                z_arm_exc_spurious
                0x000000000000181c                z_arm_debug_monitor
                0x000000000000181c                z_arm_hard_fault
 .text._reset_section
                0x0000000000001830       0x60 zephyr/arch/arch/arm/core/cortex_m/libarch__arm__core__cortex_m.a(reset.S.obj)
                0x0000000000001830                z_arm_reset
                0x0000000000001830                __start
 .text.z_arm_clear_arm_mpu_config
                0x0000000000001890       0x24 zephyr/arch/arch/arm/core/cortex_m/libarch__arm__core__cortex_m.a(scb.c.obj)
                0x0000000000001890                z_arm_clear_arm_mpu_config
 .text.z_arm_init_arch_hw_at_boot
                0x00000000000018b4       0x4c zephyr/arch/arch/arm/core/cortex_m/libarch__arm__core__cortex_m.a(scb.c.obj)
                0x00000000000018b4                z_arm_init_arch_hw_at_boot
 .text.z_impl_k_thread_abort
                0x0000000000001900       0x2c zephyr/arch/arch/arm/core/cortex_m/libarch__arm__core__cortex_m.a(thread_abort.c.obj)
                0x0000000000001900                z_impl_k_thread_abort
 .text.arch_swap
                0x000000000000192c       0x30 zephyr/arch/arch/arm/core/cortex_m/libarch__arm__core__cortex_m.a(swap.c.obj)
                0x000000000000192c                arch_swap
 .text.z_arm_pendsv_c
                0x000000000000195c       0x40 zephyr/arch/arch/arm/core/cortex_m/libarch__arm__core__cortex_m.a(swap.c.obj)
                0x000000000000195c                z_arm_pendsv_c
 .text.z_arm_pendsv
                0x000000000000199c       0x40 zephyr/arch/arch/arm/core/cortex_m/libarch__arm__core__cortex_m.a(swap_helper.S.obj)
                0x000000000000199c                z_arm_pendsv
 .text.z_arm_svc
                0x00000000000019dc       0x20 zephyr/arch/arch/arm/core/cortex_m/libarch__arm__core__cortex_m.a(swap_helper.S.obj)
                0x00000000000019dc                z_arm_svc
 .text.__NVIC_SetPriority
                0x00000000000019fc       0x28 zephyr/arch/arch/arm/core/cortex_m/libarch__arm__core__cortex_m.a(irq_manage.c.obj)
 .text.arch_irq_enable
                0x0000000000001a24       0x1c zephyr/arch/arch/arm/core/cortex_m/libarch__arm__core__cortex_m.a(irq_manage.c.obj)
                0x0000000000001a24                arch_irq_enable
 .text.arch_irq_disable
                0x0000000000001a40       0x28 zephyr/arch/arch/arm/core/cortex_m/libarch__arm__core__cortex_m.a(irq_manage.c.obj)
                0x0000000000001a40                arch_irq_disable
 .text.arch_irq_is_enabled
                0x0000000000001a68       0x1c zephyr/arch/arch/arm/core/cortex_m/libarch__arm__core__cortex_m.a(irq_manage.c.obj)
                0x0000000000001a68                arch_irq_is_enabled
 .text.z_prep_c
                0x0000000000001a84       0x38 zephyr/arch/arch/arm/core/cortex_m/libarch__arm__core__cortex_m.a(prep_c.c.obj)
                0x0000000000001a84                z_prep_c
 .text.arch_new_thread
                0x0000000000001abc       0x38 zephyr/arch/arch/arm/core/cortex_m/libarch__arm__core__cortex_m.a(thread.c.obj)
                0x0000000000001abc                arch_new_thread
 .text.arch_switch_to_main_thread
                0x0000000000001af4       0x44 zephyr/arch/arch/arm/core/cortex_m/libarch__arm__core__cortex_m.a(thread.c.obj)
                0x0000000000001af4                arch_switch_to_main_thread
 .text.z_arm_cpu_idle_init
                0x0000000000001b38        0xc zephyr/arch/arch/arm/core/cortex_m/libarch__arm__core__cortex_m.a(cpu_idle.c.obj)
                0x0000000000001b38                z_arm_cpu_idle_init
 .text.z_arm_interrupt_init
                0x0000000000001b44       0x18 zephyr/arch/arch/arm/core/cortex_m/libarch__arm__core__cortex_m.a(irq_init.c.obj)
                0x0000000000001b44                z_arm_interrupt_init
 .text._isr_wrapper
                0x0000000000001b5c       0x24 zephyr/arch/arch/arm/core/cortex_m/libarch__arm__core__cortex_m.a(isr_wrapper.c.obj)
                0x0000000000001b5c                _isr_wrapper
 .text.z_arm_configure_static_mpu_regions
                0x0000000000001b80       0x38 zephyr/arch/arch/arm/core/mpu/libarch__arm__core__mpu.a(arm_core_mpu.c.obj)
                0x0000000000001b80                z_arm_configure_static_mpu_regions
 .text.region_init
                0x0000000000001bb8       0x34 zephyr/arch/arch/arm/core/mpu/libarch__arm__core__mpu.a(arm_mpu.c.obj)
 .text.region_allocate_and_init
                0x0000000000001bec       0x48 zephyr/arch/arch/arm/core/mpu/libarch__arm__core__mpu.a(arm_mpu.c.obj)
 .text.mpu_configure_regions_and_partition.constprop.0
                0x0000000000001c34      0x170 zephyr/arch/arch/arm/core/mpu/libarch__arm__core__mpu.a(arm_mpu.c.obj)
 .text.arm_core_mpu_enable
                0x0000000000001da4       0x18 zephyr/arch/arch/arm/core/mpu/libarch__arm__core__mpu.a(arm_mpu.c.obj)
                0x0000000000001da4                arm_core_mpu_enable
 .text.arm_core_mpu_disable
                0x0000000000001dbc       0x14 zephyr/arch/arch/arm/core/mpu/libarch__arm__core__mpu.a(arm_mpu.c.obj)
                0x0000000000001dbc                arm_core_mpu_disable
 .text.arm_core_mpu_configure_static_mpu_regions
                0x0000000000001dd0       0x14 zephyr/arch/arch/arm/core/mpu/libarch__arm__core__mpu.a(arm_mpu.c.obj)
                0x0000000000001dd0                arm_core_mpu_configure_static_mpu_regions
 .text.arm_core_mpu_mark_areas_for_dynamic_regions
                0x0000000000001de4       0xb8 zephyr/arch/arch/arm/core/mpu/libarch__arm__core__mpu.a(arm_mpu.c.obj)
                0x0000000000001de4                arm_core_mpu_mark_areas_for_dynamic_regions
 .text.z_arm_mpu_init
                0x0000000000001e9c      0x11c zephyr/arch/arch/arm/core/mpu/libarch__arm__core__mpu.a(arm_mpu.c.obj)
                0x0000000000001e9c                z_arm_mpu_init
 .text.z_impl_zephyr_fputc
                0x0000000000001fb8       0x10 zephyr/lib/libc/picolibc/liblib__libc__picolibc.a(libc-hooks.c.obj)
                0x0000000000001fb8                z_impl_zephyr_fputc
 .text.__stdout_hook_install
                0x0000000000001fc8       0x18 zephyr/lib/libc/picolibc/liblib__libc__picolibc.a(libc-hooks.c.obj)
                0x0000000000001fc8                __stdout_hook_install
 .text.cbvprintf
                0x0000000000001fe0       0x38 zephyr/lib/libc/picolibc/liblib__libc__picolibc.a(libc-hooks.c.obj)
                0x0000000000001fe0                cbvprintf
 .text.malloc_prepare
                0x0000000000002018       0x24 zephyr/lib/libc/common/liblib__libc__common.a(malloc.c.obj)
 .text.rtc_pretick_init
                0x000000000000203c       0x60 zephyr/soc/soc/nrf5340/libsoc__nordic.a(soc.c.obj)
 .text.nrf_gpio_pin_control_select.constprop.0
                0x000000000000209c       0x1c zephyr/soc/soc/nrf5340/libsoc__nordic.a(soc.c.obj)
 .text.nordicsemi_nrf53_init
                0x00000000000020b8       0x38 zephyr/soc/soc/nrf5340/libsoc__nordic.a(soc.c.obj)
 .text.z_arm_on_enter_cpu_idle
                0x00000000000020f0       0x64 zephyr/soc/soc/nrf5340/libsoc__nordic.a(soc.c.obj)
                0x00000000000020f0                z_arm_on_enter_cpu_idle
 .text.arch_busy_wait
                0x0000000000002154       0x24 zephyr/soc/soc/nrf5340/libsoc__nordic.a(soc.c.obj)
                0x0000000000002154                arch_busy_wait
 .text.nrf53_cpunet_mgmt_init
                0x0000000000002178       0x10 zephyr/soc/soc/nrf5340/libsoc__nordic.a(nrf53_cpunet_mgmt.c.obj)
 .text.onoff_start
                0x0000000000002188       0x6c zephyr/soc/soc/nrf5340/libsoc__nordic.a(nrf53_cpunet_mgmt.c.obj)
 .text.z_log_msg_runtime_create.constprop.0
                0x00000000000021f4       0x24 zephyr/soc/soc/nrf5340/libsoc__nordic.a(sync_rtc.c.obj)
 .text.rtc_cb   0x0000000000002218       0x40 zephyr/soc/soc/nrf5340/libsoc__nordic.a(sync_rtc.c.obj)
 .text.sync_rtc_setup
                0x0000000000002258       0xc8 zephyr/soc/soc/nrf5340/libsoc__nordic.a(sync_rtc.c.obj)
 .text.mbox_callback
                0x0000000000002320       0x80 zephyr/soc/soc/nrf5340/libsoc__nordic.a(sync_rtc.c.obj)
 .text.onoff_stop
                0x00000000000023a0       0x30 zephyr/drivers/clock_control/libdrivers__clock_control.a(clock_control_nrf.c.obj)
 .text.onoff_start
                0x00000000000023d0       0x44 zephyr/drivers/clock_control/libdrivers__clock_control.a(clock_control_nrf.c.obj)
 .text.generic_hfclk_stop
                0x0000000000002414       0x34 zephyr/drivers/clock_control/libdrivers__clock_control.a(clock_control_nrf.c.obj)
 .text.clk_init
                0x0000000000002448       0x64 zephyr/drivers/clock_control/libdrivers__clock_control.a(clock_control_nrf.c.obj)
 .text.api_blocking_start
                0x00000000000024ac       0x34 zephyr/drivers/clock_control/libdrivers__clock_control.a(clock_control_nrf.c.obj)
 .text.clkstarted_handle.constprop.0
                0x00000000000024e0       0x4c zephyr/drivers/clock_control/libdrivers__clock_control.a(clock_control_nrf.c.obj)
 .text.generic_hfclk_start
                0x000000000000252c       0x78 zephyr/drivers/clock_control/libdrivers__clock_control.a(clock_control_nrf.c.obj)
 .text.clock_event_handler
                0x00000000000025a4       0x30 zephyr/drivers/clock_control/libdrivers__clock_control.a(clock_control_nrf.c.obj)
 .text.z_nrf_clock_control_lf_on
                0x00000000000025d4       0xf8 zephyr/drivers/clock_control/libdrivers__clock_control.a(clock_control_nrf.c.obj)
                0x00000000000025d4                z_nrf_clock_control_lf_on
 .text.uart_console_init
                0x00000000000026cc       0x28 zephyr/drivers/console/libdrivers__console.a(uart_console.c.obj)
 .text.console_out
                0x00000000000026f4       0x28 zephyr/drivers/console/libdrivers__console.a(uart_console.c.obj)
 .text.gpio_nrfx_pin_interrupt_configure
                0x000000000000271c      0x100 zephyr/drivers/gpio/libdrivers__gpio.a(gpio_nrfx.c.obj)
 .text.gpio_nrfx_init
                0x000000000000281c       0x48 zephyr/drivers/gpio/libdrivers__gpio.a(gpio_nrfx.c.obj)
 .text.nrfx_gpio_handler
                0x0000000000002864       0x4c zephyr/drivers/gpio/libdrivers__gpio.a(gpio_nrfx.c.obj)
 .text.gpio_nrfx_pin_configure
                0x00000000000028b0      0x18c zephyr/drivers/gpio/libdrivers__gpio.a(gpio_nrfx.c.obj)
 .text.mbox_nrf_init
                0x0000000000002a3c       0xb0 zephyr/drivers/mbox/libdrivers__mbox.a(mbox_nrfx_ipc.c.obj)
 .text.mbox_nrf_send
                0x0000000000002aec       0x50 zephyr/drivers/mbox/libdrivers__mbox.a(mbox_nrfx_ipc.c.obj)
 .text.mbox_dispatcher
                0x0000000000002b3c       0x78 zephyr/drivers/mbox/libdrivers__mbox.a(mbox_nrfx_ipc.c.obj)
 .text.mbox_nrf_set_enabled
                0x0000000000002bb4       0xa0 zephyr/drivers/mbox/libdrivers__mbox.a(mbox_nrfx_ipc.c.obj)
 .text.nrf_gpio_pin_port_decode
                0x0000000000002c54       0x24 zephyr/drivers/pinctrl/libdrivers__pinctrl.a(pinctrl_nrf.c.obj)
 .text.pinctrl_configure_pins
                0x0000000000002c78      0x1a0 zephyr/drivers/pinctrl/libdrivers__pinctrl.a(pinctrl_nrf.c.obj)
                0x0000000000002c78                pinctrl_configure_pins
 .text.z_log_msg_runtime_create.constprop.0
                0x0000000000002e18       0x24 zephyr/drivers/serial/libdrivers__serial.a(uart_nrfx_uarte.c.obj)
 .text.uarte_0_init
                0x0000000000002e3c      0x288 zephyr/drivers/serial/libdrivers__serial.a(uart_nrfx_uarte.c.obj)
 .text.uarte_nrfx_poll_out
                0x00000000000030c4       0xcc zephyr/drivers/serial/libdrivers__serial.a(uart_nrfx_uarte.c.obj)
 .text.compare_int_lock
                0x0000000000003190       0x40 zephyr/drivers/timer/libdrivers__timer.a(nrf_rtc_timer.c.obj)
 .text.sys_clock_timeout_handler
                0x00000000000031d0       0x48 zephyr/drivers/timer/libdrivers__timer.a(nrf_rtc_timer.c.obj)
 .text.compare_int_unlock
                0x0000000000003218       0x4c zephyr/drivers/timer/libdrivers__timer.a(nrf_rtc_timer.c.obj)
 .text.z_nrf_rtc_timer_compare_evt_address_get
                0x0000000000003264       0x10 zephyr/drivers/timer/libdrivers__timer.a(nrf_rtc_timer.c.obj)
                0x0000000000003264                z_nrf_rtc_timer_compare_evt_address_get
 .text.z_nrf_rtc_timer_compare_read
                0x0000000000003274       0x10 zephyr/drivers/timer/libdrivers__timer.a(nrf_rtc_timer.c.obj)
                0x0000000000003274                z_nrf_rtc_timer_compare_read
 .text.z_nrf_rtc_timer_read
                0x0000000000003284       0x44 zephyr/drivers/timer/libdrivers__timer.a(nrf_rtc_timer.c.obj)
                0x0000000000003284                z_nrf_rtc_timer_read
 .text.compare_set
                0x00000000000032c8      0x124 zephyr/drivers/timer/libdrivers__timer.a(nrf_rtc_timer.c.obj)
 .text.sys_clock_driver_init
                0x00000000000033ec       0xa4 zephyr/drivers/timer/libdrivers__timer.a(nrf_rtc_timer.c.obj)
 .text.rtc_nrf_isr
                0x0000000000003490      0x100 zephyr/drivers/timer/libdrivers__timer.a(nrf_rtc_timer.c.obj)
                0x0000000000003490                rtc_nrf_isr
 .text.z_nrf_rtc_timer_chan_alloc
                0x0000000000003590       0x3c zephyr/drivers/timer/libdrivers__timer.a(nrf_rtc_timer.c.obj)
                0x0000000000003590                z_nrf_rtc_timer_chan_alloc
 .text.z_nrf_rtc_timer_chan_free
                0x00000000000035cc       0x1c zephyr/drivers/timer/libdrivers__timer.a(nrf_rtc_timer.c.obj)
                0x00000000000035cc                z_nrf_rtc_timer_chan_free
 .text.sys_clock_set_timeout
                0x00000000000035e8       0x5c zephyr/drivers/timer/libdrivers__timer.a(nrf_rtc_timer.c.obj)
                0x00000000000035e8                sys_clock_set_timeout
 .text.sys_clock_elapsed
                0x0000000000003644       0x14 zephyr/drivers/timer/libdrivers__timer.a(nrf_rtc_timer.c.obj)
                0x0000000000003644                sys_clock_elapsed
 .text.nrf53_errata_42
                0x0000000000003658       0x24 modules/hal_nordic/nrfx/libmodules__hal_nordic__nrfx.a(system_nrf5340_application.c.obj)
 .text.SystemInit
                0x000000000000367c      0x1c4 modules/hal_nordic/nrfx/libmodules__hal_nordic__nrfx.a(system_nrf5340_application.c.obj)
                0x000000000000367c                SystemInit
 .text.nrfx_flag32_alloc
                0x0000000000003840       0x40 modules/hal_nordic/nrfx/libmodules__hal_nordic__nrfx.a(nrfx_flag32_allocator.c.obj)
                0x0000000000003840                nrfx_flag32_alloc
 .text.nrfx_flag32_free
                0x0000000000003880       0x38 modules/hal_nordic/nrfx/libmodules__hal_nordic__nrfx.a(nrfx_flag32_allocator.c.obj)
                0x0000000000003880                nrfx_flag32_free
 .text.nrfx_gppi_channels_enable
                0x00000000000038b8        0xc modules/hal_nordic/nrfx/libmodules__hal_nordic__nrfx.a(nrfx_gppi_dppi.c.obj)
                0x00000000000038b8                nrfx_gppi_channels_enable
 .text.nrfx_gppi_channels_disable
                0x00000000000038c4        0xc modules/hal_nordic/nrfx/libmodules__hal_nordic__nrfx.a(nrfx_gppi_dppi.c.obj)
                0x00000000000038c4                nrfx_gppi_channels_disable
 .text.nrfx_clock_init
                0x00000000000038d0       0x20 modules/hal_nordic/nrfx/libmodules__hal_nordic__nrfx.a(nrfx_clock.c.obj)
                0x00000000000038d0                nrfx_clock_init
 .text.nrfx_clock_enable
                0x00000000000038f0       0x30 modules/hal_nordic/nrfx/libmodules__hal_nordic__nrfx.a(nrfx_clock.c.obj)
                0x00000000000038f0                nrfx_clock_enable
 .text.nrfx_clock_start
                0x0000000000003920       0xd0 modules/hal_nordic/nrfx/libmodules__hal_nordic__nrfx.a(nrfx_clock.c.obj)
                0x0000000000003920                nrfx_clock_start
 .text.nrfx_power_clock_irq_handler
                0x00000000000039f0       0xb0 modules/hal_nordic/nrfx/libmodules__hal_nordic__nrfx.a(nrfx_clock.c.obj)
                0x00000000000039f0                nrfx_power_clock_irq_handler
 .text.nrfx_dppi_channel_alloc
                0x0000000000003aa0        0xc modules/hal_nordic/nrfx/libmodules__hal_nordic__nrfx.a(nrfx_dppi.c.obj)
                0x0000000000003aa0                nrfx_dppi_channel_alloc
 .text.nrfx_dppi_channel_free
                0x0000000000003aac       0x1c modules/hal_nordic/nrfx/libmodules__hal_nordic__nrfx.a(nrfx_dppi.c.obj)
                0x0000000000003aac                nrfx_dppi_channel_free
 .text.nrf_gpio_pin_port_decode
                0x0000000000003ac8       0x24 modules/hal_nordic/nrfx/libmodules__hal_nordic__nrfx.a(nrfx_gpiote.c.obj)
 .text.get_pin_idx
                0x0000000000003aec       0x14 modules/hal_nordic/nrfx/libmodules__hal_nordic__nrfx.a(nrfx_gpiote.c.obj)
 .text.call_handler.constprop.0
                0x0000000000003b00       0x40 modules/hal_nordic/nrfx/libmodules__hal_nordic__nrfx.a(nrfx_gpiote.c.obj)
 .text.pin_te_get.constprop.0
                0x0000000000003b40       0x18 modules/hal_nordic/nrfx/libmodules__hal_nordic__nrfx.a(nrfx_gpiote.c.obj)
 .text.pin_is_output.constprop.0
                0x0000000000003b58       0x18 modules/hal_nordic/nrfx/libmodules__hal_nordic__nrfx.a(nrfx_gpiote.c.obj)
 .text.pin_in_use_by_te.constprop.0
                0x0000000000003b70       0x18 modules/hal_nordic/nrfx/libmodules__hal_nordic__nrfx.a(nrfx_gpiote.c.obj)
 .text.latch_pending_read_and_check
                0x0000000000003b88       0x3c modules/hal_nordic/nrfx/libmodules__hal_nordic__nrfx.a(nrfx_gpiote.c.obj)
 .text.release_handler.isra.0
                0x0000000000003bc4       0x58 modules/hal_nordic/nrfx/libmodules__hal_nordic__nrfx.a(nrfx_gpiote.c.obj)
 .text.__nrfy_internal_gpiote_events_process.constprop.0
                0x0000000000003c1c       0x5c modules/hal_nordic/nrfx/libmodules__hal_nordic__nrfx.a(nrfx_gpiote.c.obj)
 .text.pin_uninit
                0x0000000000003c78       0x84 modules/hal_nordic/nrfx/libmodules__hal_nordic__nrfx.a(nrfx_gpiote.c.obj)
 .text.nrfx_gpiote_input_configure
                0x0000000000003cfc      0x178 modules/hal_nordic/nrfx/libmodules__hal_nordic__nrfx.a(nrfx_gpiote.c.obj)
                0x0000000000003cfc                nrfx_gpiote_input_configure
 .text.nrfx_gpiote_output_configure
                0x0000000000003e74      0x104 modules/hal_nordic/nrfx/libmodules__hal_nordic__nrfx.a(nrfx_gpiote.c.obj)
                0x0000000000003e74                nrfx_gpiote_output_configure
 .text.nrfx_gpiote_global_callback_set
                0x0000000000003f78        0xc modules/hal_nordic/nrfx/libmodules__hal_nordic__nrfx.a(nrfx_gpiote.c.obj)
                0x0000000000003f78                nrfx_gpiote_global_callback_set
 .text.nrfx_gpiote_channel_get
                0x0000000000003f84       0x34 modules/hal_nordic/nrfx/libmodules__hal_nordic__nrfx.a(nrfx_gpiote.c.obj)
                0x0000000000003f84                nrfx_gpiote_channel_get
 .text.nrfx_gpiote_init
                0x0000000000003fb8       0x64 modules/hal_nordic/nrfx/libmodules__hal_nordic__nrfx.a(nrfx_gpiote.c.obj)
                0x0000000000003fb8                nrfx_gpiote_init
 .text.nrfx_gpiote_init_check
                0x000000000000401c       0x14 modules/hal_nordic/nrfx/libmodules__hal_nordic__nrfx.a(nrfx_gpiote.c.obj)
                0x000000000000401c                nrfx_gpiote_init_check
 .text.nrfx_gpiote_channel_free
                0x0000000000004030        0xc modules/hal_nordic/nrfx/libmodules__hal_nordic__nrfx.a(nrfx_gpiote.c.obj)
                0x0000000000004030                nrfx_gpiote_channel_free
 .text.nrfx_gpiote_channel_alloc
                0x000000000000403c        0xc modules/hal_nordic/nrfx/libmodules__hal_nordic__nrfx.a(nrfx_gpiote.c.obj)
                0x000000000000403c                nrfx_gpiote_channel_alloc
 .text.nrfx_gpiote_trigger_enable
                0x0000000000004048       0xac modules/hal_nordic/nrfx/libmodules__hal_nordic__nrfx.a(nrfx_gpiote.c.obj)
                0x0000000000004048                nrfx_gpiote_trigger_enable
 .text.nrfx_gpiote_0_irq_handler
                0x00000000000040f4      0x1b8 modules/hal_nordic/nrfx/libmodules__hal_nordic__nrfx.a(nrfx_gpiote.c.obj)
                0x00000000000040f4                nrfx_gpiote_0_irq_handler
 .text.nrfx_ipc_init
                0x00000000000042ac       0x30 modules/hal_nordic/nrfx/libmodules__hal_nordic__nrfx.a(nrfx_ipc.c.obj)
                0x00000000000042ac                nrfx_ipc_init
 .text.nrfx_ipc_config_load
                0x00000000000042dc       0x40 modules/hal_nordic/nrfx/libmodules__hal_nordic__nrfx.a(nrfx_ipc.c.obj)
                0x00000000000042dc                nrfx_ipc_config_load
 .text.nrfx_ipc_receive_event_enable
                0x000000000000431c       0x10 modules/hal_nordic/nrfx/libmodules__hal_nordic__nrfx.a(nrfx_ipc.c.obj)
                0x000000000000431c                nrfx_ipc_receive_event_enable
 .text.nrfx_ipc_receive_event_disable
                0x000000000000432c       0x10 modules/hal_nordic/nrfx/libmodules__hal_nordic__nrfx.a(nrfx_ipc.c.obj)
                0x000000000000432c                nrfx_ipc_receive_event_disable
 .text.nrfx_ipc_irq_handler
                0x000000000000433c       0x40 modules/hal_nordic/nrfx/libmodules__hal_nordic__nrfx.a(nrfx_ipc.c.obj)
                0x000000000000433c                nrfx_ipc_irq_handler
 .text.nrf_gpio_pin_port_decode
                0x000000000000437c       0x24 modules/hal_nordic/nrfx/libmodules__hal_nordic__nrfx.a(nrfx_pdm.c.obj)
 .text.pdm_configure
                0x00000000000043a0       0xe0 modules/hal_nordic/nrfx/libmodules__hal_nordic__nrfx.a(nrfx_pdm.c.obj)
 .text.nrfx_pdm_init
                0x0000000000004480       0x48 modules/hal_nordic/nrfx/libmodules__hal_nordic__nrfx.a(nrfx_pdm.c.obj)
                0x0000000000004480                nrfx_pdm_init
 .text.nrfx_pdm_start
                0x00000000000044c8       0x34 modules/hal_nordic/nrfx/libmodules__hal_nordic__nrfx.a(nrfx_pdm.c.obj)
                0x00000000000044c8                nrfx_pdm_start
 .text.nrfx_pdm_buffer_set
                0x00000000000044fc       0x90 modules/hal_nordic/nrfx/libmodules__hal_nordic__nrfx.a(nrfx_pdm.c.obj)
                0x00000000000044fc                nrfx_pdm_buffer_set
 .text.nrfx_pdm_irq_handler
                0x000000000000458c      0x10c modules/hal_nordic/nrfx/libmodules__hal_nordic__nrfx.a(nrfx_pdm.c.obj)
                0x000000000000458c                nrfx_pdm_irq_handler
 .text.k_sys_fatal_error_handler
                0x0000000000004698       0x2c zephyr/kernel/libkernel.a(fatal.c.obj)
                0x0000000000004698                k_sys_fatal_error_handler
 .text.z_fatal_error
                0x00000000000046c4       0xcc zephyr/kernel/libkernel.a(fatal.c.obj)
                0x00000000000046c4                z_fatal_error
 .text.z_sys_init_run_level
                0x0000000000004790       0x2c zephyr/kernel/libkernel.a(init.c.obj)
 .text.bg_thread_main
                0x00000000000047bc       0xc0 zephyr/kernel/libkernel.a(init.c.obj)
 .text.z_bss_zero
                0x000000000000487c       0x18 zephyr/kernel/libkernel.a(init.c.obj)
                0x000000000000487c                z_bss_zero
 .text.z_init_cpu
                0x0000000000004894       0x68 zephyr/kernel/libkernel.a(init.c.obj)
                0x0000000000004894                z_init_cpu
 .text.z_cstart
                0x00000000000048fc       0xe0 zephyr/kernel/libkernel.a(init.c.obj)
                0x00000000000048fc                z_cstart
 .text.init_mem_slab_obj_core_list
                0x00000000000049dc       0x24 zephyr/kernel/libkernel.a(mem_slab.c.obj)
 .text.k_mem_slab_alloc
                0x0000000000004a00       0x5c zephyr/kernel/libkernel.a(mem_slab.c.obj)
                0x0000000000004a00                k_mem_slab_alloc
 .text.z_impl_k_mutex_lock
                0x0000000000004a5c       0xf0 zephyr/kernel/libkernel.a(mutex.c.obj)
                0x0000000000004a5c                z_impl_k_mutex_lock
 .text.z_impl_k_mutex_unlock
                0x0000000000004b4c       0x78 zephyr/kernel/libkernel.a(mutex.c.obj)
                0x0000000000004b4c                z_impl_k_mutex_unlock
 .text.z_impl_k_sem_give
                0x0000000000004bc4       0x48 zephyr/kernel/libkernel.a(sem.c.obj)
                0x0000000000004bc4                z_impl_k_sem_give
 .text.z_impl_k_sem_take
                0x0000000000004c0c       0x4c zephyr/kernel/libkernel.a(sem.c.obj)
                0x0000000000004c0c                z_impl_k_sem_take
 .text.z_setup_new_thread
                0x0000000000004c58       0x7c zephyr/kernel/libkernel.a(thread.c.obj)
                0x0000000000004c58                z_setup_new_thread
 .text.update_cache
                0x0000000000004cd4       0x3c zephyr/kernel/libkernel.a(sched.c.obj)
 .text.unready_thread
                0x0000000000004d10       0x30 zephyr/kernel/libkernel.a(sched.c.obj)
 .text.ready_thread
                0x0000000000004d40       0x68 zephyr/kernel/libkernel.a(sched.c.obj)
 .text.z_thread_halt
                0x0000000000004da8       0xd8 zephyr/kernel/libkernel.a(sched.c.obj)
 .text.move_thread_to_end_of_prio_q
                0x0000000000004e80       0x74 zephyr/kernel/libkernel.a(sched.c.obj)
                0x0000000000004e80                move_thread_to_end_of_prio_q
 .text.z_pend_curr
                0x0000000000004ef4       0x58 zephyr/kernel/libkernel.a(sched.c.obj)
                0x0000000000004ef4                z_pend_curr
 .text.z_thread_prio_set
                0x0000000000004f4c       0x88 zephyr/kernel/libkernel.a(sched.c.obj)
                0x0000000000004f4c                z_thread_prio_set
 .text.z_reschedule
                0x0000000000004fd4       0x24 zephyr/kernel/libkernel.a(sched.c.obj)
                0x0000000000004fd4                z_reschedule
 .text.z_sched_start
                0x0000000000004ff8       0x3c zephyr/kernel/libkernel.a(sched.c.obj)
                0x0000000000004ff8                z_sched_start
 .text.z_reschedule_irqlock
                0x0000000000005034       0x28 zephyr/kernel/libkernel.a(sched.c.obj)
                0x0000000000005034                z_reschedule_irqlock
 .text.k_sched_lock
                0x000000000000505c       0x28 zephyr/kernel/libkernel.a(sched.c.obj)
                0x000000000000505c                k_sched_lock
 .text.k_sched_unlock
                0x0000000000005084       0x40 zephyr/kernel/libkernel.a(sched.c.obj)
                0x0000000000005084                k_sched_unlock
 .text.z_sched_init
                0x00000000000050c4       0x10 zephyr/kernel/libkernel.a(sched.c.obj)
                0x00000000000050c4                z_sched_init
 .text.z_impl_k_yield
                0x00000000000050d4       0x7c zephyr/kernel/libkernel.a(sched.c.obj)
                0x00000000000050d4                z_impl_k_yield
 .text.z_tick_sleep
                0x0000000000005150       0x88 zephyr/kernel/libkernel.a(sched.c.obj)
 .text.z_impl_k_sleep
                0x00000000000051d8       0x3c zephyr/kernel/libkernel.a(sched.c.obj)
                0x00000000000051d8                z_impl_k_sleep
 .text.z_impl_k_sched_current_thread_query
                0x0000000000005214        0xc zephyr/kernel/libkernel.a(sched.c.obj)
                0x0000000000005214                z_impl_k_sched_current_thread_query
 .text.slice_timeout
                0x0000000000005220       0x20 zephyr/kernel/libkernel.a(timeslicing.c.obj)
 .text.thread_is_sliceable
                0x0000000000005240       0x3c zephyr/kernel/libkernel.a(timeslicing.c.obj)
                0x0000000000005240                thread_is_sliceable
 .text.z_reset_time_slice
                0x000000000000527c       0x50 zephyr/kernel/libkernel.a(timeslicing.c.obj)
                0x000000000000527c                z_reset_time_slice
 .text.z_time_slice
                0x00000000000052cc       0x60 zephyr/kernel/libkernel.a(timeslicing.c.obj)
                0x00000000000052cc                z_time_slice
 .text.z_data_copy
                0x000000000000532c       0x34 zephyr/kernel/libkernel.a(xip.c.obj)
                0x000000000000532c                z_data_copy
 .text.elapsed  0x0000000000005360       0x14 zephyr/kernel/libkernel.a(timeout.c.obj)
 .text.remove_timeout
                0x0000000000005374       0x38 zephyr/kernel/libkernel.a(timeout.c.obj)
 .text.next_timeout
                0x00000000000053ac       0x40 zephyr/kernel/libkernel.a(timeout.c.obj)
 .text.z_add_timeout
                0x00000000000053ec       0xf4 zephyr/kernel/libkernel.a(timeout.c.obj)
                0x00000000000053ec                z_add_timeout
 .text.sys_clock_announce
                0x00000000000054e0       0xd0 zephyr/kernel/libkernel.a(timeout.c.obj)
                0x00000000000054e0                sys_clock_announce
 .text.sys_clock_tick_get
                0x00000000000055b0       0x30 zephyr/kernel/libkernel.a(timeout.c.obj)
                0x00000000000055b0                sys_clock_tick_get
 .text.nrf_cc3xx_platform_init_no_rng
                0x00000000000055e0       0x38 /Users/zhangjiaqi/ncs/v2.7.0/nrfxlib/crypto/nrf_cc312_platform/lib/cortex-m33/soft-float/no-interrupts/libnrf_cc312_platform_0.9.19.a(nrf_cc3xx_platform.c.obj)
                0x00000000000055e0                nrf_cc3xx_platform_init_no_rng
 .text.nrf_cc3xx_platform_abort
                0x0000000000005618       0x24 /Users/zhangjiaqi/ncs/v2.7.0/nrfxlib/crypto/nrf_cc312_platform/lib/cortex-m33/soft-float/no-interrupts/libnrf_cc312_platform_0.9.19.a(nrf_cc3xx_platform_abort.c.obj)
 .text.CC_PalAbort
                0x000000000000563c       0x44 /Users/zhangjiaqi/ncs/v2.7.0/nrfxlib/crypto/nrf_cc312_platform/lib/cortex-m33/soft-float/no-interrupts/libnrf_cc312_platform_0.9.19.a(nrf_cc3xx_platform_abort.c.obj)
                0x000000000000563c                CC_PalAbort
 .text.nrf_cc3xx_platform_set_abort
                0x0000000000005680       0x10 /Users/zhangjiaqi/ncs/v2.7.0/nrfxlib/crypto/nrf_cc312_platform/lib/cortex-m33/soft-float/no-interrupts/libnrf_cc312_platform_0.9.19.a(nrf_cc3xx_platform_abort.c.obj)
                0x0000000000005680                nrf_cc3xx_platform_set_abort
 .text.mutex_free
                0x0000000000005690       0x34 /Users/zhangjiaqi/ncs/v2.7.0/nrfxlib/crypto/nrf_cc312_platform/lib/cortex-m33/soft-float/no-interrupts/libnrf_cc312_platform_0.9.19.a(nrf_cc3xx_platform_mutex.c.obj)
 .text.mutex_lock
                0x00000000000056c4       0x48 /Users/zhangjiaqi/ncs/v2.7.0/nrfxlib/crypto/nrf_cc312_platform/lib/cortex-m33/soft-float/no-interrupts/libnrf_cc312_platform_0.9.19.a(nrf_cc3xx_platform_mutex.c.obj)
 .text.mutex_unlock
                0x000000000000570c       0x38 /Users/zhangjiaqi/ncs/v2.7.0/nrfxlib/crypto/nrf_cc312_platform/lib/cortex-m33/soft-float/no-interrupts/libnrf_cc312_platform_0.9.19.a(nrf_cc3xx_platform_mutex.c.obj)
 .text.mutex_init
                0x0000000000005744       0x20 /Users/zhangjiaqi/ncs/v2.7.0/nrfxlib/crypto/nrf_cc312_platform/lib/cortex-m33/soft-float/no-interrupts/libnrf_cc312_platform_0.9.19.a(nrf_cc3xx_platform_mutex.c.obj)
 .text.nrf_cc3xx_platform_set_mutexes
                0x0000000000005764       0x78 /Users/zhangjiaqi/ncs/v2.7.0/nrfxlib/crypto/nrf_cc312_platform/lib/cortex-m33/soft-float/no-interrupts/libnrf_cc312_platform_0.9.19.a(nrf_cc3xx_platform_mutex.c.obj)
                0x0000000000005764                nrf_cc3xx_platform_set_mutexes
 .text.CC_LibInitNoRng
                0x00000000000057dc       0x28 /Users/zhangjiaqi/ncs/v2.7.0/nrfxlib/crypto/nrf_cc312_platform/lib/cortex-m33/soft-float/no-interrupts/libnrf_cc312_platform_0.9.19.a(cc_lib.c.obj)
                0x00000000000057dc                CC_LibInitNoRng
 .text.CC_HalInit
                0x0000000000005804        0x4 /Users/zhangjiaqi/ncs/v2.7.0/nrfxlib/crypto/nrf_cc312_platform/lib/cortex-m33/soft-float/no-interrupts/libnrf_cc312_platform_0.9.19.a(cc_hal.c.obj)
                0x0000000000005804                CC_HalInit
 .text.CC_PalInit
                0x0000000000005808       0x5c /Users/zhangjiaqi/ncs/v2.7.0/nrfxlib/crypto/nrf_cc312_platform/lib/cortex-m33/soft-float/no-interrupts/libnrf_cc312_platform_0.9.19.a(cc_pal.c.obj)
                0x0000000000005808                CC_PalInit
 .text.CC_PalTerminate
                0x0000000000005864       0x34 /Users/zhangjiaqi/ncs/v2.7.0/nrfxlib/crypto/nrf_cc312_platform/lib/cortex-m33/soft-float/no-interrupts/libnrf_cc312_platform_0.9.19.a(cc_pal.c.obj)
                0x0000000000005864                CC_PalTerminate
 .text.CC_PalDmaInit
                0x0000000000005898        0x4 /Users/zhangjiaqi/ncs/v2.7.0/nrfxlib/crypto/nrf_cc312_platform/lib/cortex-m33/soft-float/no-interrupts/libnrf_cc312_platform_0.9.19.a(cc_pal_dma.c.obj)
                0x0000000000005898                CC_PalDmaInit
 .text.CC_PalDmaTerminate
                0x000000000000589c        0x4 /Users/zhangjiaqi/ncs/v2.7.0/nrfxlib/crypto/nrf_cc312_platform/lib/cortex-m33/soft-float/no-interrupts/libnrf_cc312_platform_0.9.19.a(cc_pal_dma.c.obj)
                0x000000000000589c                CC_PalDmaTerminate
 .text.CC_PalMutexCreate
                0x00000000000058a0       0x14 /Users/zhangjiaqi/ncs/v2.7.0/nrfxlib/crypto/nrf_cc312_platform/lib/cortex-m33/soft-float/no-interrupts/libnrf_cc312_platform_0.9.19.a(cc_pal_mutex.c.obj)
                0x00000000000058a0                CC_PalMutexCreate
 .text.CC_PalMutexDestroy
                0x00000000000058b4       0x14 /Users/zhangjiaqi/ncs/v2.7.0/nrfxlib/crypto/nrf_cc312_platform/lib/cortex-m33/soft-float/no-interrupts/libnrf_cc312_platform_0.9.19.a(cc_pal_mutex.c.obj)
                0x00000000000058b4                CC_PalMutexDestroy
 .text.CC_PalPowerSaveModeInit
                0x00000000000058c8       0x3c /Users/zhangjiaqi/ncs/v2.7.0/nrfxlib/crypto/nrf_cc312_platform/lib/cortex-m33/soft-float/no-interrupts/libnrf_cc312_platform_0.9.19.a(cc_pal_pm.c.obj)
                0x00000000000058c8                CC_PalPowerSaveModeInit
 .text.__l_vfprintf
                0x0000000000005904      0x4b4 /opt/nordic/ncs/toolchains/f8037e9b83/opt/zephyr-sdk/arm-zephyr-eabi/bin/../lib/gcc/../../picolibc/arm-zephyr-eabi/lib/thumb/v8-m.main/nofp/libc.a(libc_tinystdio_vflprintf.c.o)
                0x0000000000005904                __l_vfprintf
 .text._OffsetAbsSyms
                0x0000000000005db8        0x2 zephyr/CMakeFiles/offsets.dir/./arch/arm/core/offsets/offsets.c.obj
                0x0000000000005db8                _OffsetAbsSyms
 .text.chunk_field
                0x0000000000005dba       0x16 zephyr/libzephyr.a(heap.c.obj)
 .text.chunk_set
                0x0000000000005dd0       0x16 zephyr/libzephyr.a(heap.c.obj)
 .text.chunk_size
                0x0000000000005de6        0xc zephyr/libzephyr.a(heap.c.obj)
 .text.set_chunk_used
                0x0000000000005df2       0x30 zephyr/libzephyr.a(heap.c.obj)
 .text.set_chunk_size
                0x0000000000005e22        0x8 zephyr/libzephyr.a(heap.c.obj)
 .text.bucket_idx.isra.0
                0x0000000000005e2a       0x1c zephyr/libzephyr.a(heap.c.obj)
 .text.free_list_add
                0x0000000000005e46       0x84 zephyr/libzephyr.a(heap.c.obj)
 .text.sys_heap_init
                0x0000000000005eca       0xb0 zephyr/libzephyr.a(heap.c.obj)
                0x0000000000005eca                sys_heap_init
 .text.cbpprintf_external
                0x0000000000005f7a       0x62 zephyr/libzephyr.a(cbprintf_packaged.c.obj)
                0x0000000000005f7a                cbpprintf_external
 .text.arch_printk_char_out
                0x0000000000005fdc        0x4 zephyr/libzephyr.a(printk.c.obj)
                0x0000000000005fdc                arch_printk_char_out
 .text.printk   0x0000000000005fe0       0x1a zephyr/libzephyr.a(printk.c.obj)
                0x0000000000005fe0                printk
 .text.process_recheck
                0x0000000000005ffa       0x38 zephyr/libzephyr.a(onoff.c.obj)
 .text.validate_args
                0x0000000000006032       0x20 zephyr/libzephyr.a(onoff.c.obj)
 .text.notify_one
                0x0000000000006052       0x2c zephyr/libzephyr.a(onoff.c.obj)
 .text.transition_complete
                0x000000000000607e       0x1a zephyr/libzephyr.a(onoff.c.obj)
 .text.onoff_manager_init
                0x0000000000006098       0x26 zephyr/libzephyr.a(onoff.c.obj)
                0x0000000000006098                onoff_manager_init
 .text.onoff_request
                0x00000000000060be       0xae zephyr/libzephyr.a(onoff.c.obj)
                0x00000000000060be                onoff_request
 .text.sys_notify_validate
                0x000000000000616c       0x22 zephyr/libzephyr.a(notify.c.obj)
                0x000000000000616c                sys_notify_validate
 .text.sys_notify_finalize
                0x000000000000618e       0x1a zephyr/libzephyr.a(notify.c.obj)
                0x000000000000618e                sys_notify_finalize
 .text._ConfigAbsSyms
                0x00000000000061a8        0x2 zephyr/libzephyr.a(configs.c.obj)
                0x00000000000061a8                _ConfigAbsSyms
 .text.dummy_timestamp
                0x00000000000061aa        0x4 zephyr/libzephyr.a(log_core.c.obj)
 .text.default_get_timestamp
                0x00000000000061ae        0x4 zephyr/libzephyr.a(log_core.c.obj)
 .text.atomic_inc
                0x00000000000061b2       0x12 zephyr/libzephyr.a(log_core.c.obj)
 .text.enable_logger
                0x00000000000061c4        0xe zephyr/libzephyr.a(log_core.c.obj)
 .text.z_log_vprintk
                0x00000000000061d2       0x1c zephyr/libzephyr.a(log_core.c.obj)
                0x00000000000061d2                z_log_vprintk
 .text.z_log_notify_backend_enabled
                0x00000000000061ee        0x2 zephyr/libzephyr.a(log_core.c.obj)
                0x00000000000061ee                z_log_notify_backend_enabled
 .text.z_log_get_tag
                0x00000000000061f0        0x4 zephyr/libzephyr.a(log_core.c.obj)
                0x00000000000061f0                z_log_get_tag
 .text.z_log_msg_finalize
                0x00000000000061f4       0x32 zephyr/libzephyr.a(log_msg.c.obj)
                0x00000000000061f4                z_log_msg_finalize
 .text.out_func
                0x0000000000006226       0x1c zephyr/libzephyr.a(log_output.c.obj)
 .text.cr_out_func
                0x0000000000006242       0x1c zephyr/libzephyr.a(log_output.c.obj)
 .text.buffer_write
                0x000000000000625e       0x1c zephyr/libzephyr.a(log_output.c.obj)
 .text.log_output_flush
                0x000000000000627a       0x1a zephyr/libzephyr.a(log_output.c.obj)
                0x000000000000627a                log_output_flush
 .text.log_output_msg_process
                0x0000000000006294       0x6a zephyr/libzephyr.a(log_output.c.obj)
                0x0000000000006294                log_output_msg_process
 .text.format_set
                0x00000000000062fe        0xc zephyr/libzephyr.a(log_backend_uart.c.obj)
 .text.log_backend_uart_init
                0x000000000000630a        0xc zephyr/libzephyr.a(log_backend_uart.c.obj)
 .text.panic    0x0000000000006316       0x10 zephyr/libzephyr.a(log_backend_uart.c.obj)
 .text.process  0x0000000000006326       0x1e zephyr/libzephyr.a(log_backend_uart.c.obj)
 .text.abort_function
                0x0000000000006344        0x2 zephyr/libzephyr.a(nrf_cc3xx_platform_abort_zephyr.c.obj)
 .text.z_log_msg_runtime_create.constprop.0
                0x0000000000006346       0x20 zephyr/arch/arch/arm/core/libarch__arm__core.a(fatal.c.obj)
 .text.z_do_kernel_oops
                0x0000000000006366        0x8 zephyr/arch/arch/arm/core/libarch__arm__core.a(fatal.c.obj)
                0x0000000000006366                z_do_kernel_oops
 .text.z_arm_nmi
                0x000000000000636e        0xe zephyr/arch/arch/arm/core/libarch__arm__core.a(nmi.c.obj)
                0x000000000000636e                z_arm_nmi
 .text.z_log_msg_runtime_create.constprop.0
                0x000000000000637c       0x20 zephyr/arch/arch/arm/core/cortex_m/libarch__arm__core__cortex_m.a(fault.c.obj)
 .text.z_arm_irq_priority_set
                0x000000000000639c        0x8 zephyr/arch/arch/arm/core/cortex_m/libarch__arm__core__cortex_m.a(irq_manage.c.obj)
                0x000000000000639c                z_arm_irq_priority_set
 .text.z_irq_spurious
                0x00000000000063a4        0x8 zephyr/arch/arch/arm/core/cortex_m/libarch__arm__core__cortex_m.a(irq_manage.c.obj)
                0x00000000000063a4                z_irq_spurious
 .text.configure_builtin_stack_guard
                0x00000000000063ac        0x8 zephyr/arch/arch/arm/core/cortex_m/libarch__arm__core__cortex_m.a(thread.c.obj)
                0x00000000000063ac                configure_builtin_stack_guard
 .text.arch_irq_unlock_outlined
                0x00000000000063b4        0xe zephyr/arch/arch/arm/core/cortex_m/libarch__arm__core__cortex_m.a(thread.c.obj)
                0x00000000000063b4                arch_irq_unlock_outlined
 .text.arch_cpu_idle
                0x00000000000063c2       0x32 zephyr/arch/arch/arm/core/cortex_m/libarch__arm__core__cortex_m.a(cpu_idle.c.obj)
                0x00000000000063c2                arch_cpu_idle
 .text.arch_cpu_atomic_idle
                0x00000000000063f4       0x38 zephyr/arch/arch/arm/core/cortex_m/libarch__arm__core__cortex_m.a(cpu_idle.c.obj)
                0x00000000000063f4                arch_cpu_atomic_idle
 .text.arm_cmse_mpu_region_get
                0x000000000000642c       0x12 zephyr/arch/arch/arm/core/cortex_m/cmse/libarch__arm__core__cortex_m__cmse.a(arm_core_cmse.c.obj)
                0x000000000000642c                arm_cmse_mpu_region_get
 .text.z_log_msg_runtime_create.constprop.0
                0x000000000000643e       0x20 zephyr/arch/arch/arm/core/mpu/libarch__arm__core__mpu.a(arm_mpu.c.obj)
 .text.mpu_configure_region
                0x000000000000645e       0x32 zephyr/arch/arch/arm/core/mpu/libarch__arm__core__mpu.a(arm_mpu.c.obj)
 .text.cbputc   0x0000000000006490        0xc zephyr/lib/libc/picolibc/liblib__libc__picolibc.a(libc-hooks.c.obj)
 .text.picolibc_put
                0x000000000000649c        0xa zephyr/lib/libc/picolibc/liblib__libc__picolibc.a(libc-hooks.c.obj)
 .text.onoff_stop
                0x00000000000064a6       0x10 zephyr/soc/soc/nrf5340/libsoc__nordic.a(nrf53_cpunet_mgmt.c.obj)
 .text.get_status
                0x00000000000064b6       0x12 zephyr/drivers/clock_control/libdrivers__clock_control.a(clock_control_nrf.c.obj)
 .text.stop     0x00000000000064c8       0x50 zephyr/drivers/clock_control/libdrivers__clock_control.a(clock_control_nrf.c.obj)
 .text.api_stop
                0x0000000000006518        0x6 zephyr/drivers/clock_control/libdrivers__clock_control.a(clock_control_nrf.c.obj)
 .text.async_start
                0x000000000000651e       0x5a zephyr/drivers/clock_control/libdrivers__clock_control.a(clock_control_nrf.c.obj)
 .text.api_start
                0x0000000000006578        0xe zephyr/drivers/clock_control/libdrivers__clock_control.a(clock_control_nrf.c.obj)
 .text.onoff_started_callback
                0x0000000000006586       0x12 zephyr/drivers/clock_control/libdrivers__clock_control.a(clock_control_nrf.c.obj)
 .text.hfclkaudio_start
                0x0000000000006598        0x6 zephyr/drivers/clock_control/libdrivers__clock_control.a(clock_control_nrf.c.obj)
 .text.hfclk192m_start
                0x000000000000659e        0x6 zephyr/drivers/clock_control/libdrivers__clock_control.a(clock_control_nrf.c.obj)
 .text.lfclk_start
                0x00000000000065a4        0x6 zephyr/drivers/clock_control/libdrivers__clock_control.a(clock_control_nrf.c.obj)
 .text.hfclkaudio_stop
                0x00000000000065aa        0x6 zephyr/drivers/clock_control/libdrivers__clock_control.a(clock_control_nrf.c.obj)
 .text.hfclk192m_stop
                0x00000000000065b0        0x6 zephyr/drivers/clock_control/libdrivers__clock_control.a(clock_control_nrf.c.obj)
 .text.lfclk_stop
                0x00000000000065b6        0x6 zephyr/drivers/clock_control/libdrivers__clock_control.a(clock_control_nrf.c.obj)
 .text.blocking_start_callback
                0x00000000000065bc        0x6 zephyr/drivers/clock_control/libdrivers__clock_control.a(clock_control_nrf.c.obj)
 .text.gpio_nrfx_port_get_raw
                0x00000000000065c2        0xc zephyr/drivers/gpio/libdrivers__gpio.a(gpio_nrfx.c.obj)
 .text.gpio_nrfx_port_set_masked_raw
                0x00000000000065ce       0x14 zephyr/drivers/gpio/libdrivers__gpio.a(gpio_nrfx.c.obj)
 .text.gpio_nrfx_port_set_bits_raw
                0x00000000000065e2        0xa zephyr/drivers/gpio/libdrivers__gpio.a(gpio_nrfx.c.obj)
 .text.gpio_nrfx_port_clear_bits_raw
                0x00000000000065ec        0xa zephyr/drivers/gpio/libdrivers__gpio.a(gpio_nrfx.c.obj)
 .text.gpio_nrfx_port_toggle_bits
                0x00000000000065f6       0x14 zephyr/drivers/gpio/libdrivers__gpio.a(gpio_nrfx.c.obj)
 .text.gpio_nrfx_manage_callback
                0x000000000000660a       0x52 zephyr/drivers/gpio/libdrivers__gpio.a(gpio_nrfx.c.obj)
 .text.mbox_nrf_register_callback
                0x000000000000665c       0x1c zephyr/drivers/mbox/libdrivers__mbox.a(mbox_nrfx_ipc.c.obj)
 .text.mbox_nrf_mtu_get
                0x0000000000006678        0x4 zephyr/drivers/mbox/libdrivers__mbox.a(mbox_nrfx_ipc.c.obj)
 .text.mbox_nrf_max_channels_get
                0x000000000000667c        0x4 zephyr/drivers/mbox/libdrivers__mbox.a(mbox_nrfx_ipc.c.obj)
 .text.z_log_msg_runtime_create.constprop.0
                0x0000000000006680       0x20 zephyr/drivers/mbox/libdrivers__mbox.a(mbox_nrfx_ipc.c.obj)
 .text.pinctrl_lookup_state
                0x00000000000066a0       0x26 zephyr/drivers/pinctrl/libdrivers__pinctrl.a(common.c.obj)
                0x00000000000066a0                pinctrl_lookup_state
 .text.uarte_nrfx_err_check
                0x00000000000066c6        0xe zephyr/drivers/serial/libdrivers__serial.a(uart_nrfx_uarte.c.obj)
 .text.uarte_nrfx_poll_in
                0x00000000000066d4       0x28 zephyr/drivers/serial/libdrivers__serial.a(uart_nrfx_uarte.c.obj)
 .text.is_tx_ready.isra.0
                0x00000000000066fc       0x20 zephyr/drivers/serial/libdrivers__serial.a(uart_nrfx_uarte.c.obj)
 .text.uarte_nrfx_isr_int
                0x000000000000671c       0x6e zephyr/drivers/serial/libdrivers__serial.a(uart_nrfx_uarte.c.obj)
 .text.event_clear
                0x000000000000678a       0x18 zephyr/drivers/timer/libdrivers__timer.a(nrf_rtc_timer.c.obj)
 .text.z_nrf_rtc_timer_capture_task_address_get
                0x00000000000067a2       0x14 zephyr/drivers/timer/libdrivers__timer.a(nrf_rtc_timer.c.obj)
                0x00000000000067a2                z_nrf_rtc_timer_capture_task_address_get
 .text.z_nrf_rtc_timer_set
                0x00000000000067b6       0x18 zephyr/drivers/timer/libdrivers__timer.a(nrf_rtc_timer.c.obj)
                0x00000000000067b6                z_nrf_rtc_timer_set
 .text.sys_clock_cycle_get_32
                0x00000000000067ce        0x8 zephyr/drivers/timer/libdrivers__timer.a(nrf_rtc_timer.c.obj)
                0x00000000000067ce                sys_clock_cycle_get_32
 .text.hw_cc3xx_init_internal
                0x00000000000067d6        0x4 modules/nrf/drivers/hw_cc3xx/lib..__nrf__drivers__hw_cc3xx.a(hw_cc3xx.c.obj)
 .text.hw_cc3xx_init
                0x00000000000067da       0x12 modules/nrf/drivers/hw_cc3xx/lib..__nrf__drivers__hw_cc3xx.a(hw_cc3xx.c.obj)
 .text.nrfx_isr
                0x00000000000067ec        0x2 modules/hal_nordic/nrfx/libmodules__hal_nordic__nrfx.a(nrfx_glue.c.obj)
                0x00000000000067ec                nrfx_isr
 .text.nrfx_busy_wait
                0x00000000000067ee        0x4 modules/hal_nordic/nrfx/libmodules__hal_nordic__nrfx.a(nrfx_glue.c.obj)
                0x00000000000067ee                nrfx_busy_wait
 .text.nrfx_gppi_event_endpoint_setup
                0x00000000000067f2        0xa modules/hal_nordic/nrfx/libmodules__hal_nordic__nrfx.a(nrfx_gppi_dppi.c.obj)
                0x00000000000067f2                nrfx_gppi_event_endpoint_setup
 .text.nrfx_gppi_task_endpoint_setup
                0x00000000000067fc        0xa modules/hal_nordic/nrfx/libmodules__hal_nordic__nrfx.a(nrfx_gppi_dppi.c.obj)
                0x00000000000067fc                nrfx_gppi_task_endpoint_setup
 .text.nrfx_gppi_channel_endpoints_setup
                0x0000000000006806        0xe modules/hal_nordic/nrfx/libmodules__hal_nordic__nrfx.a(nrfx_gppi_dppi.c.obj)
                0x0000000000006806                nrfx_gppi_channel_endpoints_setup
 .text.nrfx_gppi_event_endpoint_clear
                0x0000000000006814        0x8 modules/hal_nordic/nrfx/libmodules__hal_nordic__nrfx.a(nrfx_gppi_dppi.c.obj)
                0x0000000000006814                nrfx_gppi_event_endpoint_clear
 .text.nrfx_gppi_task_endpoint_clear
                0x000000000000681c        0x8 modules/hal_nordic/nrfx/libmodules__hal_nordic__nrfx.a(nrfx_gppi_dppi.c.obj)
                0x000000000000681c                nrfx_gppi_task_endpoint_clear
 .text.nrfx_gppi_channel_alloc
                0x0000000000006824        0x4 modules/hal_nordic/nrfx/libmodules__hal_nordic__nrfx.a(nrfx_gppi_dppi.c.obj)
                0x0000000000006824                nrfx_gppi_channel_alloc
 .text.clock_stop
                0x0000000000006828      0x162 modules/hal_nordic/nrfx/libmodules__hal_nordic__nrfx.a(nrfx_clock.c.obj)
 .text.nrfx_clock_stop
                0x000000000000698a        0x4 modules/hal_nordic/nrfx/libmodules__hal_nordic__nrfx.a(nrfx_clock.c.obj)
                0x000000000000698a                nrfx_clock_stop
 .text.nrf_gpio_reconfigure
                0x000000000000698e       0x92 modules/hal_nordic/nrfx/libmodules__hal_nordic__nrfx.a(nrfx_gpiote.c.obj)
 .text.nrf_gpio_cfg_sense_set
                0x0000000000006a20       0x1e modules/hal_nordic/nrfx/libmodules__hal_nordic__nrfx.a(nrfx_gpiote.c.obj)
 .text.pin_trigger_disable
                0x0000000000006a3e       0x48 modules/hal_nordic/nrfx/libmodules__hal_nordic__nrfx.a(nrfx_gpiote.c.obj)
 .text.nrfx_gpiote_pin_uninit
                0x0000000000006a86        0x4 modules/hal_nordic/nrfx/libmodules__hal_nordic__nrfx.a(nrfx_gpiote.c.obj)
                0x0000000000006a86                nrfx_gpiote_pin_uninit
 .text.nrfx_gpiote_trigger_disable
                0x0000000000006a8a        0x4 modules/hal_nordic/nrfx/libmodules__hal_nordic__nrfx.a(nrfx_gpiote.c.obj)
                0x0000000000006a8a                nrfx_gpiote_trigger_disable
 .text.z_impl_k_busy_wait
                0x0000000000006a8e        0x8 zephyr/kernel/libkernel.a(busy_wait.c.obj)
                0x0000000000006a8e                z_impl_k_busy_wait
 .text.z_device_state_init
                0x0000000000006a96        0x2 zephyr/kernel/libkernel.a(device.c.obj)
                0x0000000000006a96                z_device_state_init
 .text.z_device_is_ready
                0x0000000000006a98       0x16 zephyr/kernel/libkernel.a(device.c.obj)
                0x0000000000006a98                z_device_is_ready
 .text.z_log_msg_runtime_create.constprop.0
                0x0000000000006aae       0x20 zephyr/kernel/libkernel.a(fatal.c.obj)
 .text.arch_system_halt
                0x0000000000006ace       0x10 zephyr/kernel/libkernel.a(fatal.c.obj)
                0x0000000000006ace                arch_system_halt
 .text.do_device_init
                0x0000000000006ade       0x30 zephyr/kernel/libkernel.a(init.c.obj)
 .text.z_early_memset
                0x0000000000006b0e        0x4 zephyr/kernel/libkernel.a(init.c.obj)
                0x0000000000006b0e                z_early_memset
 .text.z_early_memcpy
                0x0000000000006b12        0x4 zephyr/kernel/libkernel.a(init.c.obj)
                0x0000000000006b12                z_early_memcpy
 .text.create_free_list
                0x0000000000006b16       0x2c zephyr/kernel/libkernel.a(mem_slab.c.obj)
 .text.k_mem_slab_init
                0x0000000000006b42       0x1c zephyr/kernel/libkernel.a(mem_slab.c.obj)
                0x0000000000006b42                k_mem_slab_init
 .text.k_mem_slab_free
                0x0000000000006b5e       0x4a zephyr/kernel/libkernel.a(mem_slab.c.obj)
                0x0000000000006b5e                k_mem_slab_free
 .text.idle     0x0000000000006ba8       0x16 zephyr/kernel/libkernel.a(idle.c.obj)
                0x0000000000006ba8                idle
 .text.adjust_owner_prio.isra.0
                0x0000000000006bbe       0x10 zephyr/kernel/libkernel.a(mutex.c.obj)
 .text.z_impl_k_mutex_init
                0x0000000000006bce        0xe zephyr/kernel/libkernel.a(mutex.c.obj)
                0x0000000000006bce                z_impl_k_mutex_init
 .text.k_is_in_isr
                0x0000000000006bdc        0xc zephyr/kernel/libkernel.a(thread.c.obj)
                0x0000000000006bdc                k_is_in_isr
 .text.k_thread_name_get
                0x0000000000006be8        0x4 zephyr/kernel/libkernel.a(thread.c.obj)
                0x0000000000006be8                k_thread_name_get
 .text.z_impl_k_thread_start
                0x0000000000006bec        0x4 zephyr/kernel/libkernel.a(thread.c.obj)
                0x0000000000006bec                z_impl_k_thread_start
 .text.sys_dlist_remove
                0x0000000000006bf0       0x10 zephyr/kernel/libkernel.a(sched.c.obj)
 .text.unpend_thread_no_timeout
                0x0000000000006c00       0x14 zephyr/kernel/libkernel.a(sched.c.obj)
 .text.add_to_waitq_locked
                0x0000000000006c14       0x50 zephyr/kernel/libkernel.a(sched.c.obj)
 .text.z_ready_thread
                0x0000000000006c64       0x1e zephyr/kernel/libkernel.a(sched.c.obj)
                0x0000000000006c64                z_ready_thread
 .text.z_impl_k_thread_suspend
                0x0000000000006c82       0x34 zephyr/kernel/libkernel.a(sched.c.obj)
                0x0000000000006c82                z_impl_k_thread_suspend
 .text.z_sched_wake_thread
                0x0000000000006cb6       0x42 zephyr/kernel/libkernel.a(sched.c.obj)
                0x0000000000006cb6                z_sched_wake_thread
 .text.z_thread_timeout
                0x0000000000006cf8        0x8 zephyr/kernel/libkernel.a(sched.c.obj)
                0x0000000000006cf8                z_thread_timeout
 .text.z_unpend_first_thread
                0x0000000000006d00       0x36 zephyr/kernel/libkernel.a(sched.c.obj)
                0x0000000000006d00                z_unpend_first_thread
 .text.z_thread_abort
                0x0000000000006d36       0x44 zephyr/kernel/libkernel.a(sched.c.obj)
                0x0000000000006d36                z_thread_abort
 .text.z_abort_timeout
                0x0000000000006d7a       0x2a zephyr/kernel/libkernel.a(timeout.c.obj)
                0x0000000000006d7a                z_abort_timeout
 .text.sys_clock_tick_get_32
                0x0000000000006da4        0x8 zephyr/kernel/libkernel.a(timeout.c.obj)
                0x0000000000006da4                sys_clock_tick_get_32
 .text.memcpy   0x0000000000006dac       0x1a /opt/nordic/ncs/toolchains/f8037e9b83/opt/zephyr-sdk/arm-zephyr-eabi/bin/../lib/gcc/../../picolibc/arm-zephyr-eabi/lib/thumb/v8-m.main/nofp/libc.a(memcpy.c.o)
                0x0000000000006dac                memcpy
                0x0000000000006dac                __aeabi_memcpy
                0x0000000000006dac                __aeabi_memcpy4
                0x0000000000006dac                __aeabi_memcpy8
 .text.memset   0x0000000000006dc6       0x10 /opt/nordic/ncs/toolchains/f8037e9b83/opt/zephyr-sdk/arm-zephyr-eabi/bin/../lib/gcc/../../picolibc/arm-zephyr-eabi/lib/thumb/v8-m.main/nofp/libc.a(memset.c.o)
                0x0000000000006dc6                memset
 .text.strnlen  0x0000000000006dd6       0x18 /opt/nordic/ncs/toolchains/f8037e9b83/opt/zephyr-sdk/arm-zephyr-eabi/bin/../lib/gcc/../../picolibc/arm-zephyr-eabi/lib/thumb/v8-m.main/nofp/libc.a(libc_string_strnlen.c.o)
                0x0000000000006dd6                strnlen
 .text.__ultoa_invert
                0x0000000000006dee       0xac /opt/nordic/ncs/toolchains/f8037e9b83/opt/zephyr-sdk/arm-zephyr-eabi/bin/../lib/gcc/../../picolibc/arm-zephyr-eabi/lib/thumb/v8-m.main/nofp/libc.a(libc_tinystdio_vflprintf.c.o)
 *(SORT_BY_ALIGNMENT(.TEXT.*))
 *fill*         0x0000000000006e9a        0x2 
 .TEXT.__aeabi_read_tp
                0x0000000000006e9c        0xc zephyr/arch/arch/arm/core/cortex_m/libarch__arm__core__cortex_m.a(__aeabi_read_tp.S.obj)
                0x0000000000006e9c                __aeabi_read_tp
 *(SORT_BY_ALIGNMENT(.gnu.linkonce.t.*))
 *(SORT_BY_ALIGNMENT(.glue_7t))
 .glue_7t       0x0000000000006ea8        0x0 linker stubs
 *(SORT_BY_ALIGNMENT(.glue_7))
 .glue_7        0x0000000000006ea8        0x0 linker stubs
 *(SORT_BY_ALIGNMENT(.vfp11_veneer))
 .vfp11_veneer  0x0000000000006ea8        0x0 linker stubs
 *(SORT_BY_ALIGNMENT(.v4_bx))
 .v4_bx         0x0000000000006ea8        0x0 linker stubs
                0x0000000000006ea8                . = ALIGN (0x4)
                0x0000000000006ea8                __text_region_end = .

.ARM.exidx      0x0000000000006ea8        0x8
                0x0000000000006ea8                __exidx_start = .
 *(SORT_BY_ALIGNMENT(.ARM.exidx*) SORT_BY_ALIGNMENT(gnu.linkonce.armexidx.*))
 .ARM.exidx     0x0000000000006ea8        0x8 /opt/nordic/ncs/toolchains/f8037e9b83/opt/zephyr-sdk/arm-zephyr-eabi/bin/../lib/gcc/../../picolibc/arm-zephyr-eabi/lib/thumb/v8-m.main/nofp/libc.a(strlen.S.o)
                0x0000000000006eb0                __exidx_end = .
                0x0000000000006eb0                __rodata_region_start = .

initlevel       0x0000000000006eb0       0x80
                0x0000000000006eb0                __init_start = .
                0x0000000000006eb0                __init_EARLY_start = .
 *(SORT_BY_NAME(SORT_BY_ALIGNMENT(.z_init_EARLY?_*)))
 *(SORT_BY_NAME(SORT_BY_ALIGNMENT(.z_init_EARLY??_*)))
                0x0000000000006eb0                __init_PRE_KERNEL_1_start = .
 *(SORT_BY_NAME(SORT_BY_ALIGNMENT(.z_init_PRE_KERNEL_1?_*)))
 .z_init_PRE_KERNEL_10_0_
                0x0000000000006eb0        0x8 zephyr/soc/soc/nrf5340/libsoc__nordic.a(soc.c.obj)
 .z_init_PRE_KERNEL_10_0_
                0x0000000000006eb8        0x8 zephyr/soc/soc/nrf5340/libsoc__nordic.a(nrf53_cpunet_mgmt.c.obj)
 *(SORT_BY_NAME(SORT_BY_ALIGNMENT(.z_init_PRE_KERNEL_1??_*)))
 .z_init_PRE_KERNEL_130_00083_
                0x0000000000006ec0        0x8 zephyr/drivers/clock_control/libdrivers__clock_control.a(clock_control_nrf.c.obj)
 .z_init_PRE_KERNEL_130_0_
                0x0000000000006ec8        0x8 zephyr/kernel/libkernel.a(mem_slab.c.obj)
 .z_init_PRE_KERNEL_140_00011_
                0x0000000000006ed0        0x8 zephyr/drivers/gpio/libdrivers__gpio.a(gpio_nrfx.c.obj)
 .z_init_PRE_KERNEL_140_00012_
                0x0000000000006ed8        0x8 zephyr/drivers/gpio/libdrivers__gpio.a(gpio_nrfx.c.obj)
 .z_init_PRE_KERNEL_140_0_
                0x0000000000006ee0        0x8 modules/nrf/drivers/hw_cc3xx/lib..__nrf__drivers__hw_cc3xx.a(hw_cc3xx.c.obj)
 .z_init_PRE_KERNEL_150_00121_
                0x0000000000006ee8        0x8 zephyr/drivers/serial/libdrivers__serial.a(uart_nrfx_uarte.c.obj)
 .z_init_PRE_KERNEL_160_0_
                0x0000000000006ef0        0x8 zephyr/drivers/console/libdrivers__console.a(uart_console.c.obj)
                0x0000000000006ef8                __init_PRE_KERNEL_2_start = .
 *(SORT_BY_NAME(SORT_BY_ALIGNMENT(.z_init_PRE_KERNEL_2?_*)))
 .z_init_PRE_KERNEL_20_0_
                0x0000000000006ef8        0x8 zephyr/drivers/timer/libdrivers__timer.a(nrf_rtc_timer.c.obj)
 *(SORT_BY_NAME(SORT_BY_ALIGNMENT(.z_init_PRE_KERNEL_2??_*)))
                0x0000000000006f00                __init_POST_KERNEL_start = .
 *(SORT_BY_NAME(SORT_BY_ALIGNMENT(.z_init_POST_KERNEL?_*)))
 .z_init_POST_KERNEL0_0_
                0x0000000000006f00        0x8 zephyr/libzephyr.a(log_core.c.obj)
 .z_init_POST_KERNEL0_0_
                0x0000000000006f08        0x8 zephyr/soc/soc/nrf5340/libsoc__nordic.a(soc.c.obj)
 *(SORT_BY_NAME(SORT_BY_ALIGNMENT(.z_init_POST_KERNEL??_*)))
 .z_init_POST_KERNEL40_00027_
                0x0000000000006f10        0x8 zephyr/drivers/mbox/libdrivers__mbox.a(mbox_nrfx_ipc.c.obj)
 .z_init_POST_KERNEL40_0_
                0x0000000000006f18        0x8 zephyr/lib/libc/common/liblib__libc__common.a(malloc.c.obj)
 .z_init_POST_KERNEL40_0_
                0x0000000000006f20        0x8 modules/nrf/drivers/hw_cc3xx/lib..__nrf__drivers__hw_cc3xx.a(hw_cc3xx.c.obj)
 .z_init_POST_KERNEL90_0_
                0x0000000000006f28        0x8 zephyr/soc/soc/nrf5340/libsoc__nordic.a(sync_rtc.c.obj)
                0x0000000000006f30                __init_APPLICATION_start = .
 *(SORT_BY_NAME(SORT_BY_ALIGNMENT(.z_init_APPLICATION?_*)))
 *(SORT_BY_NAME(SORT_BY_ALIGNMENT(.z_init_APPLICATION??_*)))
                0x0000000000006f30                __init_SMP_start = .
 *(SORT_BY_NAME(SORT_BY_ALIGNMENT(.z_init_SMP?_*)))
 *(SORT_BY_NAME(SORT_BY_ALIGNMENT(.z_init_SMP??_*)))
                0x0000000000006f30                __init_end = .
                0x0000000000006f30                __deferred_init_list_start = .
 *(SORT_BY_ALIGNMENT(.z_deferred_init))
                0x0000000000006f30                __deferred_init_list_end = .

device_area     0x0000000000006f30       0x64
                0x0000000000006f30                _device_list_start = .
 *(SORT_BY_NAME(SORT_BY_ALIGNMENT(._device.static.*_?_*)))
 *(SORT_BY_NAME(SORT_BY_ALIGNMENT(._device.static.*_??_*)))
 ._device.static.1_30_
                0x0000000000006f30       0x14 zephyr/drivers/clock_control/libdrivers__clock_control.a(clock_control_nrf.c.obj)
                0x0000000000006f30                __device_dts_ord_83
 ._device.static.1_40_
                0x0000000000006f44       0x28 zephyr/drivers/gpio/libdrivers__gpio.a(gpio_nrfx.c.obj)
                0x0000000000006f44                __device_dts_ord_12
                0x0000000000006f58                __device_dts_ord_11
 ._device.static.1_50_
                0x0000000000006f6c       0x14 zephyr/drivers/serial/libdrivers__serial.a(uart_nrfx_uarte.c.obj)
                0x0000000000006f6c                __device_dts_ord_121
 ._device.static.3_40_
                0x0000000000006f80       0x14 zephyr/drivers/mbox/libdrivers__mbox.a(mbox_nrfx_ipc.c.obj)
                0x0000000000006f80                __device_dts_ord_27
                0x0000000000006f94                _device_list_end = .

initlevel_error
                0x0000000000006eb0        0x0
 *(SORT_BY_NAME(SORT_BY_ALIGNMENT(.z_init_[_A-Z0-9]*)))
                0x0000000000000001                ASSERT ((SIZEOF (initlevel_error) == 0x0), Undefined initialization levels used.)

app_shmem_regions
                0x0000000000006f94        0x0
                0x0000000000006f94                __app_shmem_regions_start = .
 *(SORT_BY_NAME(SORT_BY_ALIGNMENT(.app_regions.*)))
                0x0000000000006f94                __app_shmem_regions_end = .

k_p4wq_initparam_area
                0x0000000000006f94        0x0
                0x0000000000006f94                _k_p4wq_initparam_list_start = .
 *(SORT_BY_NAME(SORT_BY_ALIGNMENT(._k_p4wq_initparam.static.*)))
                0x0000000000006f94                _k_p4wq_initparam_list_end = .

_static_thread_data_area
                0x0000000000006f94        0x0
                0x0000000000006f94                __static_thread_data_list_start = .
 *(SORT_BY_NAME(SORT_BY_ALIGNMENT(.__static_thread_data.static.*)))
                0x0000000000006f94                __static_thread_data_list_end = .

device_deps     0x0000000000006f94        0x0
                0x0000000000006f94                __device_deps_start = .
 *(SORT_BY_NAME(SORT_BY_ALIGNMENT(.__device_deps_pass2*)))
                0x0000000000006f94                __device_deps_end = .

ztest           0x0000000000006f94        0x0
                0x0000000000006f94                _ztest_expected_result_entry_list_start = .
 *(SORT_BY_NAME(SORT_BY_ALIGNMENT(._ztest_expected_result_entry.static.*)))
                0x0000000000006f94                _ztest_expected_result_entry_list_end = .
                0x0000000000006f94                _ztest_suite_node_list_start = .
 *(SORT_BY_NAME(SORT_BY_ALIGNMENT(._ztest_suite_node.static.*)))
                0x0000000000006f94                _ztest_suite_node_list_end = .
                0x0000000000006f94                _ztest_unit_test_list_start = .
 *(SORT_BY_NAME(SORT_BY_ALIGNMENT(._ztest_unit_test.static.*)))
                0x0000000000006f94                _ztest_unit_test_list_end = .
                0x0000000000006f94                _ztest_test_rule_list_start = .
 *(SORT_BY_NAME(SORT_BY_ALIGNMENT(._ztest_test_rule.static.*)))
                0x0000000000006f94                _ztest_test_rule_list_end = .

bt_l2cap_fixed_chan_area
                0x0000000000006f94        0x0
                0x0000000000006f94                _bt_l2cap_fixed_chan_list_start = .
 *(SORT_BY_NAME(SORT_BY_ALIGNMENT(._bt_l2cap_fixed_chan.static.*)))
                0x0000000000006f94                _bt_l2cap_fixed_chan_list_end = .

bt_gatt_service_static_area
                0x0000000000006f94        0x0
                0x0000000000006f94                _bt_gatt_service_static_list_start = .
 *(SORT_BY_NAME(SORT_BY_ALIGNMENT(._bt_gatt_service_static.static.*)))
                0x0000000000006f94                _bt_gatt_service_static_list_end = .

log_strings_area
                0x0000000000006f94        0x0
                0x0000000000006f94                _log_strings_list_start = .
 *(SORT_BY_NAME(SORT_BY_ALIGNMENT(._log_strings.static.*)))
                0x0000000000006f94                _log_strings_list_end = .

log_const_area  0x0000000000006f94       0x58
                0x0000000000006f94                _log_const_list_start = .
 *(SORT_BY_NAME(SORT_BY_ALIGNMENT(._log_const.static.*)))
 ._log_const.static.log_const_cbprintf_package_
                0x0000000000006f94        0x8 zephyr/libzephyr.a(cbprintf_packaged.c.obj)
                0x0000000000006f94                log_const_cbprintf_package
 ._log_const.static.log_const_clock_control_
                0x0000000000006f9c        0x8 zephyr/drivers/clock_control/libdrivers__clock_control.a(clock_control_nrf.c.obj)
                0x0000000000006f9c                log_const_clock_control
 ._log_const.static.log_const_log_
                0x0000000000006fa4        0x8 zephyr/libzephyr.a(log_core.c.obj)
                0x0000000000006fa4                log_const_log
 ._log_const.static.log_const_log_mgmt_
                0x0000000000006fac        0x8 zephyr/libzephyr.a(log_mgmt.c.obj)
                0x0000000000006fac                log_const_log_mgmt
 ._log_const.static.log_const_log_uart_
                0x0000000000006fb4        0x8 zephyr/libzephyr.a(log_backend_uart.c.obj)
                0x0000000000006fb4                log_const_log_uart
 ._log_const.static.log_const_mbox_nrfx_ipc_
                0x0000000000006fbc        0x8 zephyr/drivers/mbox/libdrivers__mbox.a(mbox_nrfx_ipc.c.obj)
                0x0000000000006fbc                log_const_mbox_nrfx_ipc
 ._log_const.static.log_const_mpu_
                0x0000000000006fc4        0x8 zephyr/arch/arch/arm/core/mpu/libarch__arm__core__mpu.a(arm_core_mpu.c.obj)
                0x0000000000006fc4                log_const_mpu
 ._log_const.static.log_const_os_
                0x0000000000006fcc        0x8 zephyr/kernel/libkernel.a(init.c.obj)
                0x0000000000006fcc                log_const_os
 ._log_const.static.log_const_soc_
                0x0000000000006fd4        0x8 zephyr/soc/soc/nrf5340/libsoc__nordic.a(soc.c.obj)
                0x0000000000006fd4                log_const_soc
 ._log_const.static.log_const_sync_rtc_
                0x0000000000006fdc        0x8 zephyr/soc/soc/nrf5340/libsoc__nordic.a(sync_rtc.c.obj)
                0x0000000000006fdc                log_const_sync_rtc
 ._log_const.static.log_const_uart_nrfx_uarte_
                0x0000000000006fe4        0x8 zephyr/drivers/serial/libdrivers__serial.a(uart_nrfx_uarte.c.obj)
                0x0000000000006fe4                log_const_uart_nrfx_uarte
                0x0000000000006fec                _log_const_list_end = .

log_backend_area
                0x0000000000006fec       0x10
                0x0000000000006fec                _log_backend_list_start = .
 *(SORT_BY_NAME(SORT_BY_ALIGNMENT(._log_backend.static.*)))
 ._log_backend.static.log_backend_uart_
                0x0000000000006fec       0x10 zephyr/libzephyr.a(log_backend_uart.c.obj)
                0x0000000000006ffc                _log_backend_list_end = .

log_link_area   0x0000000000006ffc        0x0
                0x0000000000006ffc                _log_link_list_start = .
 *(SORT_BY_NAME(SORT_BY_ALIGNMENT(._log_link.static.*)))
                0x0000000000006ffc                _log_link_list_end = .

tracing_backend_area
                0x0000000000006ffc        0x0
                0x0000000000006ffc                _tracing_backend_list_start = .
 *(SORT_BY_NAME(SORT_BY_ALIGNMENT(._tracing_backend.static.*)))
                0x0000000000006ffc                _tracing_backend_list_end = .

zephyr_dbg_info
 *(SORT_BY_ALIGNMENT(.dbg_thread_info))

symbol_to_keep  0x0000000000006ffc        0x0
                0x0000000000006ffc                __symbol_to_keep_start = .
 *(SORT_BY_NAME(SORT_BY_ALIGNMENT(.symbol_to_keep*)))
                0x0000000000006ffc                __symbol_to_keep_end = .

shell_area      0x0000000000006ffc        0x0
                0x0000000000006ffc                _shell_list_start = .
 *(SORT_BY_NAME(SORT_BY_ALIGNMENT(._shell.static.*)))
                0x0000000000006ffc                _shell_list_end = .

shell_root_cmds_area
                0x0000000000006ffc        0x0
                0x0000000000006ffc                _shell_root_cmds_list_start = .
 *(SORT_BY_NAME(SORT_BY_ALIGNMENT(._shell_root_cmds.static.*)))
                0x0000000000006ffc                _shell_root_cmds_list_end = .

shell_subcmds_area
                0x0000000000006ffc        0x0
                0x0000000000006ffc                _shell_subcmds_list_start = .
 *(SORT_BY_NAME(SORT_BY_ALIGNMENT(._shell_subcmds.static.*)))
                0x0000000000006ffc                _shell_subcmds_list_end = .

shell_dynamic_subcmds_area
                0x0000000000006ffc        0x0
                0x0000000000006ffc                _shell_dynamic_subcmds_list_start = .
 *(SORT_BY_NAME(SORT_BY_ALIGNMENT(._shell_dynamic_subcmds.static.*)))
                0x0000000000006ffc                _shell_dynamic_subcmds_list_end = .

cfb_font_area   0x0000000000006ffc        0x0
                0x0000000000006ffc                _cfb_font_list_start = .
 *(SORT_BY_NAME(SORT_BY_ALIGNMENT(._cfb_font.static.*)))
                0x0000000000006ffc                _cfb_font_list_end = .

tdata           0x0000000000006ffc        0x0
 *(SORT_BY_ALIGNMENT(.tdata) SORT_BY_ALIGNMENT(.tdata.*) SORT_BY_ALIGNMENT(.gnu.linkonce.td.*))

tbss            0x0000000000006ffc        0x4
 *(SORT_BY_ALIGNMENT(.tbss) SORT_BY_ALIGNMENT(.tbss.*) SORT_BY_ALIGNMENT(.gnu.linkonce.tb.*) SORT_BY_ALIGNMENT(.tcommon))
 .tbss.z_tls_current
                0x0000000000006ffc        0x4 zephyr/libzephyr.a(thread_entry.c.obj)
                0x0000000000006ffc                z_tls_current
                0x0000000000006ffc                PROVIDE (__tdata_start = LOADADDR (tdata))
                0x0000000000000001                PROVIDE (__tdata_align = ALIGNOF (tdata))
                0x0000000000000000                PROVIDE (__tdata_size = (((SIZEOF (tdata) + __tdata_align) - 0x1) & ~ ((__tdata_align - 0x1))))
                [!provide]                        PROVIDE (__tdata_end = (__tdata_start + __tdata_size))
                0x0000000000000004                PROVIDE (__tbss_align = ALIGNOF (tbss))
                [!provide]                        PROVIDE (__tbss_start = ADDR (tbss))
                0x0000000000000004                PROVIDE (__tbss_size = (((SIZEOF (tbss) + __tbss_align) - 0x1) & ~ ((__tbss_align - 0x1))))
                [!provide]                        PROVIDE (__tbss_end = (__tbss_start + __tbss_size))
                [!provide]                        PROVIDE (__tls_start = __tdata_start)
                [!provide]                        PROVIDE (__tls_end = __tbss_end)
                [!provide]                        PROVIDE (__tls_size = (__tbss_end - __tdata_start))

rodata          0x0000000000007000      0xbc0
 *(SORT_BY_ALIGNMENT(.rodata))
 *(SORT_BY_ALIGNMENT(.rodata.*))
 .rodata.delay_machine_code.0
                0x0000000000007000        0x6 zephyr/soc/soc/nrf5340/libsoc__nordic.a(soc.c.obj)
 *fill*         0x0000000000007006        0x2 
 .rodata.format_table
                0x0000000000007008       0x10 zephyr/libzephyr.a(log_core.c.obj)
 .rodata.colors
                0x0000000000007018       0x14 zephyr/libzephyr.a(log_output.c.obj)
 .rodata.severity
                0x000000000000702c       0x14 zephyr/libzephyr.a(log_output.c.obj)
 .rodata.lbu_cb_ctx
                0x0000000000007040        0x8 zephyr/libzephyr.a(log_backend_uart.c.obj)
 .rodata.lbu_output
                0x0000000000007048       0x10 zephyr/libzephyr.a(log_backend_uart.c.obj)
 .rodata.log_backend_uart_api
                0x0000000000007058       0x1c zephyr/libzephyr.a(log_backend_uart.c.obj)
                0x0000000000007058                log_backend_uart_api
 .rodata.mem_attr_region
                0x0000000000007074        0x0 zephyr/libzephyr.a(mem_attr.c.obj)
 .rodata.apis   0x0000000000007074        0x8 zephyr/libzephyr.a(nrf_cc3xx_platform_abort_zephyr.c.obj)
 .rodata.mutexes
                0x000000000000707c       0x14 zephyr/libzephyr.a(nrf_cc3xx_platform_mutex_zephyr.c.obj)
 .rodata.mutex_apis
                0x0000000000007090       0x10 zephyr/libzephyr.a(nrf_cc3xx_platform_mutex_zephyr.c.obj)
 .rodata.static_regions
                0x00000000000070a0        0xc zephyr/arch/arch/arm/core/mpu/libarch__arm__core__mpu.a(arm_core_mpu.c.obj)
 .rodata.mpu_config
                0x00000000000070ac        0x8 zephyr/arch/arch/arm/core/mpu/libarch__arm__core__mpu.a(arm_mpu_regions.c.obj)
                0x00000000000070ac                mpu_config
 .rodata.mpu_regions
                0x00000000000070b4       0x20 zephyr/arch/arch/arm/core/mpu/libarch__arm__core__mpu.a(arm_mpu_regions.c.obj)
 .rodata.transitions.0
                0x00000000000070d4        0xc zephyr/soc/soc/nrf5340/libsoc__nordic.a(nrf53_cpunet_mgmt.c.obj)
 .rodata.transitions.0
                0x00000000000070e0        0xc zephyr/drivers/clock_control/libdrivers__clock_control.a(clock_control_nrf.c.obj)
 .rodata.config
                0x00000000000070ec       0x30 zephyr/drivers/clock_control/libdrivers__clock_control.a(clock_control_nrf.c.obj)
 .rodata.clock_control_api
                0x000000000000711c       0x1c zephyr/drivers/clock_control/libdrivers__clock_control.a(clock_control_nrf.c.obj)
 .rodata.gpio_nrfx_p1_cfg
                0x0000000000007138       0x18 zephyr/drivers/gpio/libdrivers__gpio.a(gpio_nrfx.c.obj)
 .rodata.gpio_nrfx_p0_cfg
                0x0000000000007150       0x18 zephyr/drivers/gpio/libdrivers__gpio.a(gpio_nrfx.c.obj)
 .rodata.gpio_nrfx_drv_api_funcs
                0x0000000000007168       0x24 zephyr/drivers/gpio/libdrivers__gpio.a(gpio_nrfx.c.obj)
 .rodata.mbox_nrf_driver_api
                0x000000000000718c       0x14 zephyr/drivers/mbox/libdrivers__mbox.a(mbox_nrfx_ipc.c.obj)
 .rodata.uarte_0z_config
                0x00000000000071a0       0x10 zephyr/drivers/serial/libdrivers__serial.a(uart_nrfx_uarte.c.obj)
 .rodata.__pinctrl_dev_config__device_dts_ord_121
                0x00000000000071b0        0xc zephyr/drivers/serial/libdrivers__serial.a(uart_nrfx_uarte.c.obj)
 .rodata.__pinctrl_states__device_dts_ord_121
                0x00000000000071bc        0x8 zephyr/drivers/serial/libdrivers__serial.a(uart_nrfx_uarte.c.obj)
 .rodata.__pinctrl_state_pins_0__device_dts_ord_121
                0x00000000000071c4       0x10 zephyr/drivers/serial/libdrivers__serial.a(uart_nrfx_uarte.c.obj)
 .rodata.uart_nrfx_uarte_driver_api
                0x00000000000071d4        0xc zephyr/drivers/serial/libdrivers__serial.a(uart_nrfx_uarte.c.obj)
 .rodata.CSWTCH.14
                0x00000000000071e0       0x14 zephyr/kernel/libkernel.a(fatal.c.obj)
 .rodata.levels.0
                0x00000000000071f4       0x18 zephyr/kernel/libkernel.a(init.c.obj)
 .rodata.CSWTCH.10
                0x000000000000720c       0x20 /Users/zhangjiaqi/ncs/v2.7.0/nrfxlib/crypto/nrf_cc312_platform/lib/cortex-m33/soft-float/no-interrupts/libnrf_cc312_platform_0.9.19.a(nrf_cc3xx_platform.c.obj)
 .rodata.mutex_free.str1.4
                0x000000000000722c       0x26 /Users/zhangjiaqi/ncs/v2.7.0/nrfxlib/crypto/nrf_cc312_platform/lib/cortex-m33/soft-float/no-interrupts/libnrf_cc312_platform_0.9.19.a(nrf_cc3xx_platform_mutex.c.obj)
 *fill*         0x0000000000007252        0x2 
 .rodata.mutex_init.str1.4
                0x0000000000007254       0x23 /Users/zhangjiaqi/ncs/v2.7.0/nrfxlib/crypto/nrf_cc312_platform/lib/cortex-m33/soft-float/no-interrupts/libnrf_cc312_platform_0.9.19.a(nrf_cc3xx_platform_mutex.c.obj)
 *fill*         0x0000000000007277        0x1 
 .rodata.CC_PalPowerSaveModeInit.str1.4
                0x0000000000007278       0x20 /Users/zhangjiaqi/ncs/v2.7.0/nrfxlib/crypto/nrf_cc312_platform/lib/cortex-m33/soft-float/no-interrupts/libnrf_cc312_platform_0.9.19.a(cc_pal_pm.c.obj)
 .rodata.main.str1.1
                0x0000000000007298       0x6b app/libapp.a(main.c.obj)
                                         0x6d (size before relaxing)
 .rodata.str1.1
                0x0000000000007303       0x11 zephyr/libzephyr.a(cbprintf_packaged.c.obj)
 .rodata.str1.1
                0x0000000000007314        0x4 zephyr/libzephyr.a(log_core.c.obj)
 .rodata.str1.1
                0x0000000000007318        0x9 zephyr/libzephyr.a(log_mgmt.c.obj)
 .rodata.newline_print.str1.1
                0x0000000000007321        0x3 zephyr/libzephyr.a(log_output.c.obj)
                                          0x5 (size before relaxing)
 .rodata.log_output_process.str1.1
                0x0000000000007324       0x4f zephyr/libzephyr.a(log_output.c.obj)
                                         0x51 (size before relaxing)
 .rodata.str1.1
                0x0000000000007373       0x20 zephyr/libzephyr.a(log_output.c.obj)
 .rodata.str1.1
                0x0000000000007393       0x1a zephyr/libzephyr.a(log_backend_uart.c.obj)
 .rodata.boot_banner.str1.1
                0x00000000000073ad       0x63 zephyr/libzephyr.a(banner.c.obj)
 .rodata.mutex_free_platform.str1.1
                0x0000000000007410       0x26 zephyr/libzephyr.a(nrf_cc3xx_platform_mutex_zephyr.c.obj)
 .rodata.mutex_init_platform.str1.1
                0x0000000000007436       0x2d zephyr/libzephyr.a(nrf_cc3xx_platform_mutex_zephyr.c.obj)
 .rodata.z_arm_fatal_error.str1.1
                0x0000000000007463       0xae zephyr/arch/arch/arm/core/libarch__arm__core.a(fatal.c.obj)
 .rodata.mem_manage_fault.constprop.0.str1.1
                0x0000000000007511       0xd8 zephyr/arch/arch/arm/core/cortex_m/libarch__arm__core__cortex_m.a(fault.c.obj)
 .rodata.bus_fault.constprop.0.str1.1
                0x00000000000075e9       0x88 zephyr/arch/arch/arm/core/cortex_m/libarch__arm__core__cortex_m.a(fault.c.obj)
 .rodata.usage_fault.constprop.0.str1.1
                0x0000000000007671       0xf7 zephyr/arch/arch/arm/core/cortex_m/libarch__arm__core__cortex_m.a(fault.c.obj)
 .rodata.z_arm_fault.str1.1
                0x0000000000007768      0x111 zephyr/arch/arch/arm/core/cortex_m/libarch__arm__core__cortex_m.a(fault.c.obj)
 .rodata.str1.1
                0x0000000000007879        0x4 zephyr/arch/arch/arm/core/mpu/libarch__arm__core__mpu.a(arm_core_mpu.c.obj)
 .rodata.region_allocate_and_init.str1.1
                0x000000000000787d       0x26 zephyr/arch/arch/arm/core/mpu/libarch__arm__core__mpu.a(arm_mpu.c.obj)
 .rodata.mpu_configure_regions_and_partition.constprop.0.str1.1
                0x00000000000078a3       0x46 zephyr/arch/arch/arm/core/mpu/libarch__arm__core__mpu.a(arm_mpu.c.obj)
 .rodata.str1.1
                0x00000000000078e9        0xf zephyr/arch/arch/arm/core/mpu/libarch__arm__core__mpu.a(arm_mpu_regions.c.obj)
 .rodata.str1.1
                0x00000000000078f8        0x4 zephyr/soc/soc/nrf5340/libsoc__nordic.a(soc.c.obj)
 .rodata.CSWTCH.4
                0x00000000000078fc        0x4 zephyr/soc/soc/nrf5340/libsoc__nordic.a(nrf53_cpunet_mgmt.c.obj)
 .rodata.z_log_msg_runtime_create.constprop.0.str1.1
                0x0000000000007900       0x28 zephyr/soc/soc/nrf5340/libsoc__nordic.a(sync_rtc.c.obj)
 .rodata.str1.1
                0x0000000000007928        0x9 zephyr/soc/soc/nrf5340/libsoc__nordic.a(sync_rtc.c.obj)
 .rodata.str1.1
                0x0000000000007931       0x3a zephyr/drivers/clock_control/libdrivers__clock_control.a(clock_control_nrf.c.obj)
 .rodata.str1.1
                0x000000000000796b       0x18 zephyr/drivers/gpio/libdrivers__gpio.a(gpio_nrfx.c.obj)
 .rodata.mbox_nrf_init.str1.1
                0x0000000000007983       0x58 zephyr/drivers/mbox/libdrivers__mbox.a(mbox_nrfx_ipc.c.obj)
 .rodata.mbox_nrf_send.str1.1
                0x00000000000079db       0x1b zephyr/drivers/mbox/libdrivers__mbox.a(mbox_nrfx_ipc.c.obj)
 .rodata.mbox_dispatcher.str1.1
                0x00000000000079f6       0x39 zephyr/drivers/mbox/libdrivers__mbox.a(mbox_nrfx_ipc.c.obj)
 .rodata.mbox_nrf_set_enabled.str1.1
                0x0000000000007a2f       0x30 zephyr/drivers/mbox/libdrivers__mbox.a(mbox_nrfx_ipc.c.obj)
 .rodata.str1.1
                0x0000000000007a5f       0x19 zephyr/drivers/mbox/libdrivers__mbox.a(mbox_nrfx_ipc.c.obj)
 .rodata.drive_modes
                0x0000000000007a78        0x9 zephyr/drivers/pinctrl/libdrivers__pinctrl.a(pinctrl_nrf.c.obj)
 .rodata.z_log_msg_runtime_create.constprop.0.str1.1
                0x0000000000007a81       0x1f zephyr/drivers/serial/libdrivers__serial.a(uart_nrfx_uarte.c.obj)
 .rodata.str1.1
                0x0000000000007aa0       0x1a zephyr/drivers/serial/libdrivers__serial.a(uart_nrfx_uarte.c.obj)
 .rodata.CSWTCH.17
                0x0000000000007aba        0x4 modules/hal_nordic/nrfx/libmodules__hal_nordic__nrfx.a(system_nrf5340_application.c.obj)
 .rodata.CSWTCH.5